<?xml version="1.0" encoding="ISO-8859-1" ?>
<link_info>
   <banner>TI ARM Clang Linker PC v4.0.2.LTS</banner>
   <copyright>Copyright (c) 1996-2018 Texas Instruments Incorporated</copyright>
   <command_line>D:\ccs2011\ccs\tools\compiler\ti-cgt-armllvm_4.0.2.LTS\bin\tiarmlnk -ID:\ccs2011\ccs\tools\compiler\ti-cgt-armllvm_4.0.2.LTS\lib -o 2019D.out -m2019D.map -iD:/ti/mspm0_sdk_2_04_00_06/source -iC:/Users/1/workspace_ccstheia/2019D -iC:/Users/1/workspace_ccstheia/2019D/Debug/syscfg -iD:/ccs2011/ccs/tools/compiler/ti-cgt-armllvm_4.0.2.LTS/lib --diag_wrap=off --display_error_number --warn_sections --xml_link_info=2019D_linkInfo.xml --rom_model ./empty.o ./ti_msp_dl_config.o ./startup_mspm0g350x_ticlang.o ./USER/BTN/BTN.o ./USER/SRC/tjc_usart_hmi.o ./USER/TICK/Tick.o ./USER/UART/UART.o ./USER/USERTASK/UserTask.o -l./device_linker.cmd -ldevice.cmd.genlibs -llibc.a --start-group -llibc++.a -llibc++abi.a -llibc.a -llibsys.a -llibsysbm.a -llibclang_rt.builtins.a -llibclang_rt.profile.a --end-group --cg_opt_level=2</command_line>
   <link_time>0x681e3748</link_time>
   <link_errors>0x0</link_errors>
   <output_file>C:\Users\1\workspace_ccstheia\2019D\Debug\2019D.out</output_file>
   <entry_point>
      <name>_c_int00_noargs</name>
      <address>0x33c5</address>
   </entry_point>
   <input_file_list>
      <input_file id="fl-1">
         <path>C:\Users\1\workspace_ccstheia\2019D\Debug\.\</path>
         <kind>object</kind>
         <file>empty.o</file>
         <name>empty.o</name>
      </input_file>
      <input_file id="fl-2">
         <path>C:\Users\1\workspace_ccstheia\2019D\Debug\.\</path>
         <kind>object</kind>
         <file>ti_msp_dl_config.o</file>
         <name>ti_msp_dl_config.o</name>
      </input_file>
      <input_file id="fl-3">
         <path>C:\Users\1\workspace_ccstheia\2019D\Debug\.\</path>
         <kind>object</kind>
         <file>startup_mspm0g350x_ticlang.o</file>
         <name>startup_mspm0g350x_ticlang.o</name>
      </input_file>
      <input_file id="fl-4">
         <path>C:\Users\1\workspace_ccstheia\2019D\Debug\.\USER\BTN\</path>
         <kind>object</kind>
         <file>BTN.o</file>
         <name>BTN.o</name>
      </input_file>
      <input_file id="fl-5">
         <path>C:\Users\1\workspace_ccstheia\2019D\Debug\.\USER\SRC\</path>
         <kind>object</kind>
         <file>tjc_usart_hmi.o</file>
         <name>tjc_usart_hmi.o</name>
      </input_file>
      <input_file id="fl-6">
         <path>C:\Users\1\workspace_ccstheia\2019D\Debug\.\USER\TICK\</path>
         <kind>object</kind>
         <file>Tick.o</file>
         <name>Tick.o</name>
      </input_file>
      <input_file id="fl-7">
         <path>C:\Users\1\workspace_ccstheia\2019D\Debug\.\USER\UART\</path>
         <kind>object</kind>
         <file>UART.o</file>
         <name>UART.o</name>
      </input_file>
      <input_file id="fl-8">
         <path>C:\Users\1\workspace_ccstheia\2019D\Debug\.\USER\USERTASK\</path>
         <kind>object</kind>
         <file>UserTask.o</file>
         <name>UserTask.o</name>
      </input_file>
      <input_file id="fl-15">
         <path>C:\Users\1\workspace_ccstheia\2019D\Debug\</path>
         <kind>object</kind>
         <file>&lt;internal&gt;</file>
         <name>&lt;internal&gt;</name>
      </input_file>
      <input_file id="fl-16">
         <path>D:\ti\mspm0_sdk_2_04_00_06\source\ti\driverlib\lib\ticlang\m0p\mspm0g1x0x_g3x0x\</path>
         <kind>archive</kind>
         <file>driverlib.a</file>
         <name>dl_adc12.o</name>
      </input_file>
      <input_file id="fl-17">
         <path>D:\ti\mspm0_sdk_2_04_00_06\source\ti\driverlib\lib\ticlang\m0p\mspm0g1x0x_g3x0x\</path>
         <kind>archive</kind>
         <file>driverlib.a</file>
         <name>dl_common.o</name>
      </input_file>
      <input_file id="fl-18">
         <path>D:\ti\mspm0_sdk_2_04_00_06\source\ti\driverlib\lib\ticlang\m0p\mspm0g1x0x_g3x0x\</path>
         <kind>archive</kind>
         <file>driverlib.a</file>
         <name>dl_uart.o</name>
      </input_file>
      <input_file id="fl-19">
         <path>D:\ti\mspm0_sdk_2_04_00_06\source\ti\driverlib\lib\ticlang\m0p\mspm0g1x0x_g3x0x\</path>
         <kind>archive</kind>
         <file>driverlib.a</file>
         <name>dl_sysctl_mspm0g1x0x_g3x0x.o</name>
      </input_file>
      <input_file id="fl-30">
         <path>D:\ccs2011\ccs\tools\compiler\ti-cgt-armllvm_4.0.2.LTS\lib\armv6m-ti-none-eabi\c\</path>
         <kind>archive</kind>
         <file>libc.a</file>
         <name>e_log10.c.obj</name>
      </input_file>
      <input_file id="fl-31">
         <path>D:\ccs2011\ccs\tools\compiler\ti-cgt-armllvm_4.0.2.LTS\lib\armv6m-ti-none-eabi\c\</path>
         <kind>archive</kind>
         <file>libc.a</file>
         <name>sprintf.c.obj</name>
      </input_file>
      <input_file id="fl-32">
         <path>D:\ccs2011\ccs\tools\compiler\ti-cgt-armllvm_4.0.2.LTS\lib\armv6m-ti-none-eabi\c\</path>
         <kind>archive</kind>
         <file>libc.a</file>
         <name>vsnprintf.c.obj</name>
      </input_file>
      <input_file id="fl-33">
         <path>D:\ccs2011\ccs\tools\compiler\ti-cgt-armllvm_4.0.2.LTS\lib\armv6m-ti-none-eabi\c\</path>
         <kind>archive</kind>
         <file>libc.a</file>
         <name>aeabi_portable.c.obj</name>
      </input_file>
      <input_file id="fl-34">
         <path>D:\ccs2011\ccs\tools\compiler\ti-cgt-armllvm_4.0.2.LTS\lib\armv6m-ti-none-eabi\c\</path>
         <kind>archive</kind>
         <file>libc.a</file>
         <name>assert.c.obj</name>
      </input_file>
      <input_file id="fl-35">
         <path>D:\ccs2011\ccs\tools\compiler\ti-cgt-armllvm_4.0.2.LTS\lib\armv6m-ti-none-eabi\c\</path>
         <kind>archive</kind>
         <file>libc.a</file>
         <name>defs.c.obj</name>
      </input_file>
      <input_file id="fl-36">
         <path>D:\ccs2011\ccs\tools\compiler\ti-cgt-armllvm_4.0.2.LTS\lib\armv6m-ti-none-eabi\c\</path>
         <kind>archive</kind>
         <file>libc.a</file>
         <name>memory.c.obj</name>
      </input_file>
      <input_file id="fl-37">
         <path>D:\ccs2011\ccs\tools\compiler\ti-cgt-armllvm_4.0.2.LTS\lib\armv6m-ti-none-eabi\c\</path>
         <kind>archive</kind>
         <file>libc.a</file>
         <name>strtof.c.obj</name>
      </input_file>
      <input_file id="fl-38">
         <path>D:\ccs2011\ccs\tools\compiler\ti-cgt-armllvm_4.0.2.LTS\lib\armv6m-ti-none-eabi\c\</path>
         <kind>archive</kind>
         <file>libc.a</file>
         <name>boot_cortex_m.c.obj</name>
      </input_file>
      <input_file id="fl-39">
         <path>D:\ccs2011\ccs\tools\compiler\ti-cgt-armllvm_4.0.2.LTS\lib\armv6m-ti-none-eabi\c\</path>
         <kind>archive</kind>
         <file>libc.a</file>
         <name>mathacl_init.c.obj</name>
      </input_file>
      <input_file id="fl-3a">
         <path>D:\ccs2011\ccs\tools\compiler\ti-cgt-armllvm_4.0.2.LTS\lib\armv6m-ti-none-eabi\c\</path>
         <kind>archive</kind>
         <file>libc.a</file>
         <name>autoinit.c.obj</name>
      </input_file>
      <input_file id="fl-3b">
         <path>D:\ccs2011\ccs\tools\compiler\ti-cgt-armllvm_4.0.2.LTS\lib\armv6m-ti-none-eabi\c\</path>
         <kind>archive</kind>
         <file>libc.a</file>
         <name>pre_init.c.obj</name>
      </input_file>
      <input_file id="fl-3c">
         <path>D:\ccs2011\ccs\tools\compiler\ti-cgt-armllvm_4.0.2.LTS\lib\armv6m-ti-none-eabi\c\</path>
         <kind>archive</kind>
         <file>libc.a</file>
         <name>cpy_tbl.c.obj</name>
      </input_file>
      <input_file id="fl-3d">
         <path>D:\ccs2011\ccs\tools\compiler\ti-cgt-armllvm_4.0.2.LTS\lib\armv6m-ti-none-eabi\c\</path>
         <kind>archive</kind>
         <file>libc.a</file>
         <name>copy_zero_init.c.obj</name>
      </input_file>
      <input_file id="fl-3e">
         <path>D:\ccs2011\ccs\tools\compiler\ti-cgt-armllvm_4.0.2.LTS\lib\armv6m-ti-none-eabi\c\</path>
         <kind>archive</kind>
         <file>libc.a</file>
         <name>copy_decompress_none.c.obj</name>
      </input_file>
      <input_file id="fl-3f">
         <path>D:\ccs2011\ccs\tools\compiler\ti-cgt-armllvm_4.0.2.LTS\lib\armv6m-ti-none-eabi\c\</path>
         <kind>archive</kind>
         <file>libc.a</file>
         <name>copy_decompress_lzss.c.obj</name>
      </input_file>
      <input_file id="fl-40">
         <path>D:\ccs2011\ccs\tools\compiler\ti-cgt-armllvm_4.0.2.LTS\lib\armv6m-ti-none-eabi\c\</path>
         <kind>archive</kind>
         <file>libc.a</file>
         <name>_printfi.c.obj</name>
      </input_file>
      <input_file id="fl-41">
         <path>D:\ccs2011\ccs\tools\compiler\ti-cgt-armllvm_4.0.2.LTS\lib\armv6m-ti-none-eabi\c\</path>
         <kind>archive</kind>
         <file>libc.a</file>
         <name>fflush.c.obj</name>
      </input_file>
      <input_file id="fl-42">
         <path>D:\ccs2011\ccs\tools\compiler\ti-cgt-armllvm_4.0.2.LTS\lib\armv6m-ti-none-eabi\c\</path>
         <kind>archive</kind>
         <file>libc.a</file>
         <name>fputs.c.obj</name>
      </input_file>
      <input_file id="fl-43">
         <path>D:\ccs2011\ccs\tools\compiler\ti-cgt-armllvm_4.0.2.LTS\lib\armv6m-ti-none-eabi\c\</path>
         <kind>archive</kind>
         <file>libc.a</file>
         <name>_io_perm.c.obj</name>
      </input_file>
      <input_file id="fl-44">
         <path>D:\ccs2011\ccs\tools\compiler\ti-cgt-armllvm_4.0.2.LTS\lib\armv6m-ti-none-eabi\c\</path>
         <kind>archive</kind>
         <file>libc.a</file>
         <name>setvbuf.c.obj</name>
      </input_file>
      <input_file id="fl-45">
         <path>D:\ccs2011\ccs\tools\compiler\ti-cgt-armllvm_4.0.2.LTS\lib\armv6m-ti-none-eabi\c\</path>
         <kind>archive</kind>
         <file>libc.a</file>
         <name>s_scalbnf.c.obj</name>
      </input_file>
      <input_file id="fl-46">
         <path>D:\ccs2011\ccs\tools\compiler\ti-cgt-armllvm_4.0.2.LTS\lib\armv6m-ti-none-eabi\c\</path>
         <kind>archive</kind>
         <file>libc.a</file>
         <name>aeabi_ctype.S.obj</name>
      </input_file>
      <input_file id="fl-47">
         <path>D:\ccs2011\ccs\tools\compiler\ti-cgt-armllvm_4.0.2.LTS\lib\armv6m-ti-none-eabi\c\</path>
         <kind>archive</kind>
         <file>libc.a</file>
         <name>exit.c.obj</name>
      </input_file>
      <input_file id="fl-48">
         <path>D:\ccs2011\ccs\tools\compiler\ti-cgt-armllvm_4.0.2.LTS\lib\armv6m-ti-none-eabi\c\</path>
         <kind>archive</kind>
         <file>libc.a</file>
         <name>_lock.c.obj</name>
      </input_file>
      <input_file id="fl-49">
         <path>D:\ccs2011\ccs\tools\compiler\ti-cgt-armllvm_4.0.2.LTS\lib\armv6m-ti-none-eabi\c\</path>
         <kind>archive</kind>
         <file>libc.a</file>
         <name>_ltoa.c.obj</name>
      </input_file>
      <input_file id="fl-4a">
         <path>D:\ccs2011\ccs\tools\compiler\ti-cgt-armllvm_4.0.2.LTS\lib\armv6m-ti-none-eabi\c\</path>
         <kind>archive</kind>
         <file>libc.a</file>
         <name>args_main.c.obj</name>
      </input_file>
      <input_file id="fl-4b">
         <path>D:\ccs2011\ccs\tools\compiler\ti-cgt-armllvm_4.0.2.LTS\lib\armv6m-ti-none-eabi\c\</path>
         <kind>archive</kind>
         <file>libc.a</file>
         <name>atoi.c.obj</name>
      </input_file>
      <input_file id="fl-4c">
         <path>D:\ccs2011\ccs\tools\compiler\ti-cgt-armllvm_4.0.2.LTS\lib\armv6m-ti-none-eabi\c\</path>
         <kind>archive</kind>
         <file>libc.a</file>
         <name>memccpy.c.obj</name>
      </input_file>
      <input_file id="fl-4d">
         <path>D:\ccs2011\ccs\tools\compiler\ti-cgt-armllvm_4.0.2.LTS\lib\armv6m-ti-none-eabi\c\</path>
         <kind>archive</kind>
         <file>libc.a</file>
         <name>s_frexp.c.obj</name>
      </input_file>
      <input_file id="fl-4e">
         <path>D:\ccs2011\ccs\tools\compiler\ti-cgt-armllvm_4.0.2.LTS\lib\armv6m-ti-none-eabi\c\</path>
         <kind>archive</kind>
         <file>libc.a</file>
         <name>s_scalbn.c.obj</name>
      </input_file>
      <input_file id="fl-4f">
         <path>D:\ccs2011\ccs\tools\compiler\ti-cgt-armllvm_4.0.2.LTS\lib\armv6m-ti-none-eabi\c\</path>
         <kind>archive</kind>
         <file>libc.a</file>
         <name>wcslen.c.obj</name>
      </input_file>
      <input_file id="fl-50">
         <path>D:\ccs2011\ccs\tools\compiler\ti-cgt-armllvm_4.0.2.LTS\lib\armv6m-ti-none-eabi\c\</path>
         <kind>archive</kind>
         <file>libc.a</file>
         <name>fopen.c.obj</name>
      </input_file>
      <input_file id="fl-51">
         <path>D:\ccs2011\ccs\tools\compiler\ti-cgt-armllvm_4.0.2.LTS\lib\armv6m-ti-none-eabi\c\</path>
         <kind>archive</kind>
         <file>libc.a</file>
         <name>fseek.c.obj</name>
      </input_file>
      <input_file id="fl-52">
         <path>D:\ccs2011\ccs\tools\compiler\ti-cgt-armllvm_4.0.2.LTS\lib\armv6m-ti-none-eabi\c\</path>
         <kind>archive</kind>
         <file>libc.a</file>
         <name>fclose.c.obj</name>
      </input_file>
      <input_file id="fl-f2">
         <path>D:\ccs2011\ccs\tools\compiler\ti-cgt-armllvm_4.0.2.LTS\lib\armv6m-ti-none-eabi\c\</path>
         <kind>archive</kind>
         <file>libsysbm.a</file>
         <name>hostexit.c.obj</name>
      </input_file>
      <input_file id="fl-f3">
         <path>D:\ccs2011\ccs\tools\compiler\ti-cgt-armllvm_4.0.2.LTS\lib\armv6m-ti-none-eabi\c\</path>
         <kind>archive</kind>
         <file>libsysbm.a</file>
         <name>write.c.obj</name>
      </input_file>
      <input_file id="fl-f4">
         <path>D:\ccs2011\ccs\tools\compiler\ti-cgt-armllvm_4.0.2.LTS\lib\armv6m-ti-none-eabi\c\</path>
         <kind>archive</kind>
         <file>libsysbm.a</file>
         <name>host_device.c.obj</name>
      </input_file>
      <input_file id="fl-f5">
         <path>D:\ccs2011\ccs\tools\compiler\ti-cgt-armllvm_4.0.2.LTS\lib\armv6m-ti-none-eabi\c\</path>
         <kind>archive</kind>
         <file>libsysbm.a</file>
         <name>remove.c.obj</name>
      </input_file>
      <input_file id="fl-f6">
         <path>D:\ccs2011\ccs\tools\compiler\ti-cgt-armllvm_4.0.2.LTS\lib\armv6m-ti-none-eabi\c\</path>
         <kind>archive</kind>
         <file>libsysbm.a</file>
         <name>open.c.obj</name>
      </input_file>
      <input_file id="fl-f7">
         <path>D:\ccs2011\ccs\tools\compiler\ti-cgt-armllvm_4.0.2.LTS\lib\armv6m-ti-none-eabi\c\</path>
         <kind>archive</kind>
         <file>libsysbm.a</file>
         <name>lseek.c.obj</name>
      </input_file>
      <input_file id="fl-f8">
         <path>D:\ccs2011\ccs\tools\compiler\ti-cgt-armllvm_4.0.2.LTS\lib\armv6m-ti-none-eabi\c\</path>
         <kind>archive</kind>
         <file>libsysbm.a</file>
         <name>close.c.obj</name>
      </input_file>
      <input_file id="fl-f9">
         <path>D:\ccs2011\ccs\tools\compiler\ti-cgt-armllvm_4.0.2.LTS\lib\armv6m-ti-none-eabi\c\</path>
         <kind>archive</kind>
         <file>libsysbm.a</file>
         <name>unlink.c.obj</name>
      </input_file>
      <input_file id="fl-fa">
         <path>D:\ccs2011\ccs\tools\compiler\ti-cgt-armllvm_4.0.2.LTS\lib\armv6m-ti-none-eabi\c\</path>
         <kind>archive</kind>
         <file>libsysbm.a</file>
         <name>hostclose.c.obj</name>
      </input_file>
      <input_file id="fl-fb">
         <path>D:\ccs2011\ccs\tools\compiler\ti-cgt-armllvm_4.0.2.LTS\lib\armv6m-ti-none-eabi\c\</path>
         <kind>archive</kind>
         <file>libsysbm.a</file>
         <name>hostlseek.c.obj</name>
      </input_file>
      <input_file id="fl-fc">
         <path>D:\ccs2011\ccs\tools\compiler\ti-cgt-armllvm_4.0.2.LTS\lib\armv6m-ti-none-eabi\c\</path>
         <kind>archive</kind>
         <file>libsysbm.a</file>
         <name>hostopen.c.obj</name>
      </input_file>
      <input_file id="fl-fd">
         <path>D:\ccs2011\ccs\tools\compiler\ti-cgt-armllvm_4.0.2.LTS\lib\armv6m-ti-none-eabi\c\</path>
         <kind>archive</kind>
         <file>libsysbm.a</file>
         <name>hostread.c.obj</name>
      </input_file>
      <input_file id="fl-fe">
         <path>D:\ccs2011\ccs\tools\compiler\ti-cgt-armllvm_4.0.2.LTS\lib\armv6m-ti-none-eabi\c\</path>
         <kind>archive</kind>
         <file>libsysbm.a</file>
         <name>hostrename.c.obj</name>
      </input_file>
      <input_file id="fl-ff">
         <path>D:\ccs2011\ccs\tools\compiler\ti-cgt-armllvm_4.0.2.LTS\lib\armv6m-ti-none-eabi\c\</path>
         <kind>archive</kind>
         <file>libsysbm.a</file>
         <name>hostunlink.c.obj</name>
      </input_file>
      <input_file id="fl-100">
         <path>D:\ccs2011\ccs\tools\compiler\ti-cgt-armllvm_4.0.2.LTS\lib\armv6m-ti-none-eabi\c\</path>
         <kind>archive</kind>
         <file>libsysbm.a</file>
         <name>hostwrite.c.obj</name>
      </input_file>
      <input_file id="fl-101">
         <path>D:\ccs2011\ccs\tools\compiler\ti-cgt-armllvm_4.0.2.LTS\lib\armv6m-ti-none-eabi\c\</path>
         <kind>archive</kind>
         <file>libsysbm.a</file>
         <name>trgmsg.c.obj</name>
      </input_file>
      <input_file id="fl-102">
         <path>D:\ccs2011\ccs\tools\compiler\ti-cgt-armllvm_4.0.2.LTS\lib\armv6m-ti-none-eabi\</path>
         <kind>archive</kind>
         <file>libclang_rt.builtins.a</file>
         <name>addsf3.S.obj</name>
      </input_file>
      <input_file id="fl-103">
         <path>D:\ccs2011\ccs\tools\compiler\ti-cgt-armllvm_4.0.2.LTS\lib\armv6m-ti-none-eabi\</path>
         <kind>archive</kind>
         <file>libclang_rt.builtins.a</file>
         <name>adddf3.S.obj</name>
      </input_file>
      <input_file id="fl-104">
         <path>D:\ccs2011\ccs\tools\compiler\ti-cgt-armllvm_4.0.2.LTS\lib\armv6m-ti-none-eabi\</path>
         <kind>archive</kind>
         <file>libclang_rt.builtins.a</file>
         <name>muldf3.S.obj</name>
      </input_file>
      <input_file id="fl-105">
         <path>D:\ccs2011\ccs\tools\compiler\ti-cgt-armllvm_4.0.2.LTS\lib\armv6m-ti-none-eabi\</path>
         <kind>archive</kind>
         <file>libclang_rt.builtins.a</file>
         <name>muldsi3.S.obj</name>
      </input_file>
      <input_file id="fl-106">
         <path>D:\ccs2011\ccs\tools\compiler\ti-cgt-armllvm_4.0.2.LTS\lib\armv6m-ti-none-eabi\</path>
         <kind>archive</kind>
         <file>libclang_rt.builtins.a</file>
         <name>mulsf3.S.obj</name>
      </input_file>
      <input_file id="fl-107">
         <path>D:\ccs2011\ccs\tools\compiler\ti-cgt-armllvm_4.0.2.LTS\lib\armv6m-ti-none-eabi\</path>
         <kind>archive</kind>
         <file>libclang_rt.builtins.a</file>
         <name>divsf3.S.obj</name>
      </input_file>
      <input_file id="fl-108">
         <path>D:\ccs2011\ccs\tools\compiler\ti-cgt-armllvm_4.0.2.LTS\lib\armv6m-ti-none-eabi\</path>
         <kind>archive</kind>
         <file>libclang_rt.builtins.a</file>
         <name>divdf3.S.obj</name>
      </input_file>
      <input_file id="fl-109">
         <path>D:\ccs2011\ccs\tools\compiler\ti-cgt-armllvm_4.0.2.LTS\lib\armv6m-ti-none-eabi\</path>
         <kind>archive</kind>
         <file>libclang_rt.builtins.a</file>
         <name>extendsfdf2.S.obj</name>
      </input_file>
      <input_file id="fl-10a">
         <path>D:\ccs2011\ccs\tools\compiler\ti-cgt-armllvm_4.0.2.LTS\lib\armv6m-ti-none-eabi\</path>
         <kind>archive</kind>
         <file>libclang_rt.builtins.a</file>
         <name>fixdfsi.S.obj</name>
      </input_file>
      <input_file id="fl-10b">
         <path>D:\ccs2011\ccs\tools\compiler\ti-cgt-armllvm_4.0.2.LTS\lib\armv6m-ti-none-eabi\</path>
         <kind>archive</kind>
         <file>libclang_rt.builtins.a</file>
         <name>floatsidf.S.obj</name>
      </input_file>
      <input_file id="fl-10c">
         <path>D:\ccs2011\ccs\tools\compiler\ti-cgt-armllvm_4.0.2.LTS\lib\armv6m-ti-none-eabi\</path>
         <kind>archive</kind>
         <file>libclang_rt.builtins.a</file>
         <name>floatunsisf.S.obj</name>
      </input_file>
      <input_file id="fl-10d">
         <path>D:\ccs2011\ccs\tools\compiler\ti-cgt-armllvm_4.0.2.LTS\lib\armv6m-ti-none-eabi\</path>
         <kind>archive</kind>
         <file>libclang_rt.builtins.a</file>
         <name>muldi3.S.obj</name>
      </input_file>
      <input_file id="fl-10e">
         <path>D:\ccs2011\ccs\tools\compiler\ti-cgt-armllvm_4.0.2.LTS\lib\armv6m-ti-none-eabi\</path>
         <kind>archive</kind>
         <file>libclang_rt.builtins.a</file>
         <name>truncdfsf2.S.obj</name>
      </input_file>
      <input_file id="fl-10f">
         <path>D:\ccs2011\ccs\tools\compiler\ti-cgt-armllvm_4.0.2.LTS\lib\armv6m-ti-none-eabi\</path>
         <kind>archive</kind>
         <file>libclang_rt.builtins.a</file>
         <name>aeabi_dcmp.S.obj</name>
      </input_file>
      <input_file id="fl-110">
         <path>D:\ccs2011\ccs\tools\compiler\ti-cgt-armllvm_4.0.2.LTS\lib\armv6m-ti-none-eabi\</path>
         <kind>archive</kind>
         <file>libclang_rt.builtins.a</file>
         <name>aeabi_fcmp.S.obj</name>
      </input_file>
      <input_file id="fl-111">
         <path>D:\ccs2011\ccs\tools\compiler\ti-cgt-armllvm_4.0.2.LTS\lib\armv6m-ti-none-eabi\</path>
         <kind>archive</kind>
         <file>libclang_rt.builtins.a</file>
         <name>aeabi_idivmod.S.obj</name>
      </input_file>
      <input_file id="fl-112">
         <path>D:\ccs2011\ccs\tools\compiler\ti-cgt-armllvm_4.0.2.LTS\lib\armv6m-ti-none-eabi\</path>
         <kind>archive</kind>
         <file>libclang_rt.builtins.a</file>
         <name>aeabi_memcpy.S.obj</name>
      </input_file>
      <input_file id="fl-113">
         <path>D:\ccs2011\ccs\tools\compiler\ti-cgt-armllvm_4.0.2.LTS\lib\armv6m-ti-none-eabi\</path>
         <kind>archive</kind>
         <file>libclang_rt.builtins.a</file>
         <name>aeabi_memset.S.obj</name>
      </input_file>
      <input_file id="fl-114">
         <path>D:\ccs2011\ccs\tools\compiler\ti-cgt-armllvm_4.0.2.LTS\lib\armv6m-ti-none-eabi\</path>
         <kind>archive</kind>
         <file>libclang_rt.builtins.a</file>
         <name>aeabi_uidivmod.S.obj</name>
      </input_file>
      <input_file id="fl-115">
         <path>D:\ccs2011\ccs\tools\compiler\ti-cgt-armllvm_4.0.2.LTS\lib\armv6m-ti-none-eabi\</path>
         <kind>archive</kind>
         <file>libclang_rt.builtins.a</file>
         <name>aeabi_uldivmod.S.obj</name>
      </input_file>
      <input_file id="fl-116">
         <path>D:\ccs2011\ccs\tools\compiler\ti-cgt-armllvm_4.0.2.LTS\lib\armv6m-ti-none-eabi\</path>
         <kind>archive</kind>
         <file>libclang_rt.builtins.a</file>
         <name>comparesf2.S.obj</name>
      </input_file>
      <input_file id="fl-117">
         <path>D:\ccs2011\ccs\tools\compiler\ti-cgt-armllvm_4.0.2.LTS\lib\armv6m-ti-none-eabi\</path>
         <kind>archive</kind>
         <file>libclang_rt.builtins.a</file>
         <name>udivmoddi4.S.obj</name>
      </input_file>
      <input_file id="fl-118">
         <path>D:\ccs2011\ccs\tools\compiler\ti-cgt-armllvm_4.0.2.LTS\lib\armv6m-ti-none-eabi\</path>
         <kind>archive</kind>
         <file>libclang_rt.builtins.a</file>
         <name>ashldi3.S.obj</name>
      </input_file>
      <input_file id="fl-119">
         <path>D:\ccs2011\ccs\tools\compiler\ti-cgt-armllvm_4.0.2.LTS\lib\armv6m-ti-none-eabi\</path>
         <kind>archive</kind>
         <file>libclang_rt.builtins.a</file>
         <name>comparedf2.c.obj</name>
      </input_file>
      <input_file id="fl-11a">
         <path>D:\ccs2011\ccs\tools\compiler\ti-cgt-armllvm_4.0.2.LTS\lib\armv6m-ti-none-eabi\</path>
         <kind>archive</kind>
         <file>libclang_rt.builtins.a</file>
         <name>aeabi_div0.c.obj</name>
      </input_file>
      <input_file id="fl-11b">
         <path>D:\ccs2011\ccs\tools\compiler\ti-cgt-armllvm_4.0.2.LTS\lib\armv6m-ti-none-eabi\c\</path>
         <kind>archive</kind>
         <file>libc.a</file>
         <name>getdevice.c.obj</name>
      </input_file>
      <input_file id="fl-11c">
         <path>D:\ccs2011\ccs\tools\compiler\ti-cgt-armllvm_4.0.2.LTS\lib\armv6m-ti-none-eabi\c\</path>
         <kind>archive</kind>
         <file>libc.a</file>
         <name>memcpy16.S.obj</name>
      </input_file>
      <input_file id="fl-11d">
         <path>D:\ccs2011\ccs\tools\compiler\ti-cgt-armllvm_4.0.2.LTS\lib\armv6m-ti-none-eabi\c\</path>
         <kind>archive</kind>
         <file>libc.a</file>
         <name>memset16.S.obj</name>
      </input_file>
      <input_file id="fl-11e">
         <path>D:\ccs2011\ccs\tools\compiler\ti-cgt-armllvm_4.0.2.LTS\lib\armv6m-ti-none-eabi\c\</path>
         <kind>archive</kind>
         <file>libc.a</file>
         <name>strcmp-armv6m.S.obj</name>
      </input_file>
   </input_file_list>
   <object_component_list>
      <object_component id="oc-18">
         <name>.intvecs</name>
         <load_address>0x0</load_address>
         <readonly>true</readonly>
         <run_address>0x0</run_address>
         <size>0xc0</size>
         <alignment>0x4</alignment>
         <input_file_ref idref="fl-3"/>
      </object_component>
      <object_component id="oc-1b0">
         <name>.text:__TI_printfi</name>
         <load_address>0xc0</load_address>
         <readonly>true</readonly>
         <executable>true</executable>
         <run_address>0xc0</run_address>
         <size>0x9d0</size>
         <alignment>0x4</alignment>
         <input_file_ref idref="fl-40"/>
      </object_component>
      <object_component id="oc-136">
         <name>.text.strtof</name>
         <load_address>0xa90</load_address>
         <readonly>true</readonly>
         <executable>true</executable>
         <run_address>0xa90</run_address>
         <size>0x360</size>
         <alignment>0x4</alignment>
         <input_file_ref idref="fl-37"/>
      </object_component>
      <object_component id="oc-113">
         <name>.text.log10</name>
         <load_address>0xdf0</load_address>
         <readonly>true</readonly>
         <executable>true</executable>
         <run_address>0xdf0</run_address>
         <size>0x2e0</size>
         <alignment>0x4</alignment>
         <input_file_ref idref="fl-30"/>
      </object_component>
      <object_component id="oc-1d0">
         <name>.text._pconv_a</name>
         <load_address>0x10d0</load_address>
         <readonly>true</readonly>
         <executable>true</executable>
         <run_address>0x10d0</run_address>
         <size>0x220</size>
         <alignment>0x4</alignment>
         <input_file_ref idref="fl-40"/>
      </object_component>
      <object_component id="oc-1d5">
         <name>.text._pconv_g</name>
         <load_address>0x12f0</load_address>
         <readonly>true</readonly>
         <executable>true</executable>
         <run_address>0x12f0</run_address>
         <size>0x1dc</size>
         <alignment>0x4</alignment>
         <input_file_ref idref="fl-40"/>
      </object_component>
      <object_component id="oc-d3">
         <name>.text.CalOutputImp</name>
         <load_address>0x14cc</load_address>
         <readonly>true</readonly>
         <executable>true</executable>
         <run_address>0x14cc</run_address>
         <size>0x1b8</size>
         <alignment>0x4</alignment>
         <input_file_ref idref="fl-8"/>
      </object_component>
      <object_component id="oc-d2">
         <name>.text.PlotAmpFreq</name>
         <load_address>0x1684</load_address>
         <readonly>true</readonly>
         <executable>true</executable>
         <run_address>0x1684</run_address>
         <size>0x1b8</size>
         <alignment>0x4</alignment>
         <input_file_ref idref="fl-8"/>
      </object_component>
      <object_component id="oc-11d">
         <name>.text.adddf3_subdf3</name>
         <load_address>0x183c</load_address>
         <readonly>true</readonly>
         <executable>true</executable>
         <run_address>0x183c</run_address>
         <size>0x192</size>
         <alignment>0x4</alignment>
         <input_file_ref idref="fl-103"/>
      </object_component>
      <object_component id="oc-33">
         <name>.text.Default_Handler</name>
         <load_address>0x19ce</load_address>
         <readonly>true</readonly>
         <executable>true</executable>
         <run_address>0x19ce</run_address>
         <size>0x2</size>
         <alignment>0x2</alignment>
         <input_file_ref idref="fl-3"/>
      </object_component>
      <object_component id="oc-20a">
         <name>.text.fcvt</name>
         <load_address>0x19d0</load_address>
         <readonly>true</readonly>
         <executable>true</executable>
         <run_address>0x19d0</run_address>
         <size>0x13c</size>
         <alignment>0x4</alignment>
         <input_file_ref idref="fl-40"/>
      </object_component>
      <object_component id="oc-1d7">
         <name>.text._pconv_e</name>
         <load_address>0x1b0c</load_address>
         <readonly>true</readonly>
         <executable>true</executable>
         <run_address>0x1b0c</run_address>
         <size>0x120</size>
         <alignment>0x4</alignment>
         <input_file_ref idref="fl-40"/>
      </object_component>
      <object_component id="oc-16b">
         <name>.text.__divdf3</name>
         <load_address>0x1c2c</load_address>
         <readonly>true</readonly>
         <executable>true</executable>
         <run_address>0x1c2c</run_address>
         <size>0x10c</size>
         <alignment>0x4</alignment>
         <input_file_ref idref="fl-108"/>
      </object_component>
      <object_component id="oc-d0">
         <name>.text.CalInputImp</name>
         <load_address>0x1d38</load_address>
         <readonly>true</readonly>
         <executable>true</executable>
         <run_address>0x1d38</run_address>
         <size>0x108</size>
         <alignment>0x4</alignment>
         <input_file_ref idref="fl-8"/>
      </object_component>
      <object_component id="oc-d1">
         <name>.text.CalGain</name>
         <load_address>0x1e40</load_address>
         <readonly>true</readonly>
         <executable>true</executable>
         <run_address>0x1e40</run_address>
         <size>0x104</size>
         <alignment>0x4</alignment>
         <input_file_ref idref="fl-8"/>
      </object_component>
      <object_component id="oc-119">
         <name>.text.__muldf3</name>
         <load_address>0x1f44</load_address>
         <readonly>true</readonly>
         <executable>true</executable>
         <run_address>0x1f44</run_address>
         <size>0xe4</size>
         <alignment>0x4</alignment>
         <input_file_ref idref="fl-104"/>
      </object_component>
      <object_component id="oc-e9">
         <name>.text.DL_SYSCTL_configSYSPLL</name>
         <load_address>0x2028</load_address>
         <readonly>true</readonly>
         <executable>true</executable>
         <run_address>0x2028</run_address>
         <size>0xdc</size>
         <alignment>0x4</alignment>
         <input_file_ref idref="fl-19"/>
      </object_component>
      <object_component id="oc-1f1">
         <name>.text.scalbn</name>
         <load_address>0x2104</load_address>
         <readonly>true</readonly>
         <executable>true</executable>
         <run_address>0x2104</run_address>
         <size>0xd8</size>
         <alignment>0x4</alignment>
         <input_file_ref idref="fl-4e"/>
      </object_component>
      <object_component id="oc-125">
         <name>.text</name>
         <load_address>0x21dc</load_address>
         <readonly>true</readonly>
         <executable>true</executable>
         <run_address>0x21dc</run_address>
         <size>0xd8</size>
         <alignment>0x4</alignment>
         <input_file_ref idref="fl-102"/>
      </object_component>
      <object_component id="oc-18a">
         <name>.text.scalbnf</name>
         <load_address>0x22b4</load_address>
         <readonly>true</readonly>
         <executable>true</executable>
         <run_address>0x22b4</run_address>
         <size>0xb0</size>
         <alignment>0x4</alignment>
         <input_file_ref idref="fl-45"/>
      </object_component>
      <object_component id="oc-c9">
         <name>.text.BTN_getData</name>
         <load_address>0x2364</load_address>
         <readonly>true</readonly>
         <executable>true</executable>
         <run_address>0x2364</run_address>
         <size>0xac</size>
         <alignment>0x4</alignment>
         <input_file_ref idref="fl-4"/>
      </object_component>
      <object_component id="oc-1e8">
         <name>.text</name>
         <load_address>0x2410</load_address>
         <readonly>true</readonly>
         <executable>true</executable>
         <run_address>0x2410</run_address>
         <size>0xa2</size>
         <alignment>0x4</alignment>
         <input_file_ref idref="fl-117"/>
      </object_component>
      <object_component id="oc-8f">
         <name>.text:memcpy</name>
         <load_address>0x24b2</load_address>
         <readonly>true</readonly>
         <executable>true</executable>
         <run_address>0x24b2</run_address>
         <size>0x9a</size>
         <alignment>0x1</alignment>
         <input_file_ref idref="fl-11c"/>
      </object_component>
      <object_component id="oc-107">
         <name>.text.__mulsf3</name>
         <load_address>0x254c</load_address>
         <readonly>true</readonly>
         <executable>true</executable>
         <run_address>0x254c</run_address>
         <size>0x8c</size>
         <alignment>0x4</alignment>
         <input_file_ref idref="fl-106"/>
      </object_component>
      <object_component id="oc-c3">
         <name>.text.SYSCFG_DL_UART_0_init</name>
         <load_address>0x25d8</load_address>
         <readonly>true</readonly>
         <executable>true</executable>
         <run_address>0x25d8</run_address>
         <size>0x84</size>
         <alignment>0x4</alignment>
         <input_file_ref idref="fl-2"/>
      </object_component>
      <object_component id="oc-10b">
         <name>.text.__divsf3</name>
         <load_address>0x265c</load_address>
         <readonly>true</readonly>
         <executable>true</executable>
         <run_address>0x265c</run_address>
         <size>0x82</size>
         <alignment>0x4</alignment>
         <input_file_ref idref="fl-107"/>
      </object_component>
      <object_component id="oc-1db">
         <name>.text.__aeabi_idiv0</name>
         <load_address>0x26de</load_address>
         <readonly>true</readonly>
         <executable>true</executable>
         <run_address>0x26de</run_address>
         <size>0x2</size>
         <alignment>0x2</alignment>
         <input_file_ref idref="fl-11a"/>
      </object_component>
      <object_component id="oc-c1">
         <name>.text.SYSCFG_DL_SYSCTL_init</name>
         <load_address>0x26e0</load_address>
         <readonly>true</readonly>
         <executable>true</executable>
         <run_address>0x26e0</run_address>
         <size>0x80</size>
         <alignment>0x4</alignment>
         <input_file_ref idref="fl-2"/>
      </object_component>
      <object_component id="oc-3e">
         <name>.text.UART2_IRQHandler</name>
         <load_address>0x2760</load_address>
         <readonly>true</readonly>
         <executable>true</executable>
         <run_address>0x2760</run_address>
         <size>0x80</size>
         <alignment>0x4</alignment>
         <input_file_ref idref="fl-1"/>
      </object_component>
      <object_component id="oc-34">
         <name>.text.SysTick_Handler</name>
         <load_address>0x27e0</load_address>
         <readonly>true</readonly>
         <executable>true</executable>
         <run_address>0x27e0</run_address>
         <size>0x7c</size>
         <alignment>0x4</alignment>
         <input_file_ref idref="fl-6"/>
      </object_component>
      <object_component id="oc-1c">
         <name>.text:decompress:lzss</name>
         <load_address>0x285c</load_address>
         <readonly>true</readonly>
         <executable>true</executable>
         <run_address>0x285c</run_address>
         <size>0x7c</size>
         <alignment>0x4</alignment>
         <input_file_ref idref="fl-3f"/>
      </object_component>
      <object_component id="oc-c5">
         <name>.text.SYSCFG_DL_ADC12_0_init</name>
         <load_address>0x28d8</load_address>
         <readonly>true</readonly>
         <executable>true</executable>
         <run_address>0x28d8</run_address>
         <size>0x78</size>
         <alignment>0x4</alignment>
         <input_file_ref idref="fl-2"/>
      </object_component>
      <object_component id="oc-208">
         <name>.text.__gedf2</name>
         <load_address>0x2950</load_address>
         <readonly>true</readonly>
         <executable>true</executable>
         <run_address>0x2950</run_address>
         <size>0x74</size>
         <alignment>0x4</alignment>
         <input_file_ref idref="fl-119"/>
      </object_component>
      <object_component id="oc-e5">
         <name>.text.DL_Common_delayCycles</name>
         <load_address>0x29c4</load_address>
         <readonly>true</readonly>
         <executable>true</executable>
         <run_address>0x29c4</run_address>
         <size>0xa</size>
         <alignment>0x2</alignment>
         <input_file_ref idref="fl-17"/>
      </object_component>
      <object_component id="oc-20f">
         <name>.text.__aeabi_ldiv0</name>
         <load_address>0x29ce</load_address>
         <readonly>true</readonly>
         <executable>true</executable>
         <run_address>0x29ce</run_address>
         <size>0x2</size>
         <alignment>0x2</alignment>
         <input_file_ref idref="fl-11a"/>
      </object_component>
      <object_component id="oc-121">
         <name>.text.__truncdfsf2</name>
         <load_address>0x29d0</load_address>
         <readonly>true</readonly>
         <executable>true</executable>
         <run_address>0x29d0</run_address>
         <size>0x74</size>
         <alignment>0x10</alignment>
         <input_file_ref idref="fl-10e"/>
      </object_component>
      <object_component id="oc-202">
         <name>.text.__ledf2</name>
         <load_address>0x2a44</load_address>
         <readonly>true</readonly>
         <executable>true</executable>
         <run_address>0x2a44</run_address>
         <size>0x68</size>
         <alignment>0x4</alignment>
         <input_file_ref idref="fl-119"/>
      </object_component>
      <object_component id="oc-201">
         <name>.text._mcpy</name>
         <load_address>0x2aac</load_address>
         <readonly>true</readonly>
         <executable>true</executable>
         <run_address>0x2aac</run_address>
         <size>0x66</size>
         <alignment>0x2</alignment>
         <input_file_ref idref="fl-40"/>
      </object_component>
      <object_component id="oc-1d1">
         <name>.text.__aeabi_dcmp</name>
         <load_address>0x2b14</load_address>
         <readonly>true</readonly>
         <executable>true</executable>
         <run_address>0x2b14</run_address>
         <size>0x62</size>
         <alignment>0x4</alignment>
         <input_file_ref idref="fl-10f"/>
      </object_component>
      <object_component id="oc-186">
         <name>.text.__aeabi_fcmp</name>
         <load_address>0x2b78</load_address>
         <readonly>true</readonly>
         <executable>true</executable>
         <run_address>0x2b78</run_address>
         <size>0x62</size>
         <alignment>0x4</alignment>
         <input_file_ref idref="fl-110"/>
      </object_component>
      <object_component id="oc-be">
         <name>.text:memset</name>
         <load_address>0x2bda</load_address>
         <readonly>true</readonly>
         <executable>true</executable>
         <run_address>0x2bda</run_address>
         <size>0x62</size>
         <alignment>0x1</alignment>
         <input_file_ref idref="fl-11d"/>
      </object_component>
      <object_component id="oc-c4">
         <name>.text.SYSCFG_DL_UART_1_init</name>
         <load_address>0x2c3c</load_address>
         <readonly>true</readonly>
         <executable>true</executable>
         <run_address>0x2c3c</run_address>
         <size>0x60</size>
         <alignment>0x4</alignment>
         <input_file_ref idref="fl-2"/>
      </object_component>
      <object_component id="oc-12f">
         <name>.text.sendNum</name>
         <load_address>0x2c9c</load_address>
         <readonly>true</readonly>
         <executable>true</executable>
         <run_address>0x2c9c</run_address>
         <size>0x60</size>
         <alignment>0x4</alignment>
         <input_file_ref idref="fl-7"/>
      </object_component>
      <object_component id="oc-99">
         <name>.text.BTNScan</name>
         <load_address>0x2cfc</load_address>
         <readonly>true</readonly>
         <executable>true</executable>
         <run_address>0x2cfc</run_address>
         <size>0x5c</size>
         <alignment>0x4</alignment>
         <input_file_ref idref="fl-8"/>
      </object_component>
      <object_component id="oc-1ed">
         <name>.text.frexp</name>
         <load_address>0x2d58</load_address>
         <readonly>true</readonly>
         <executable>true</executable>
         <run_address>0x2d58</run_address>
         <size>0x5c</size>
         <alignment>0x4</alignment>
         <input_file_ref idref="fl-4d"/>
      </object_component>
      <object_component id="oc-c0">
         <name>.text.SYSCFG_DL_GPIO_init</name>
         <load_address>0x2db4</load_address>
         <readonly>true</readonly>
         <executable>true</executable>
         <run_address>0x2db4</run_address>
         <size>0x58</size>
         <alignment>0x4</alignment>
         <input_file_ref idref="fl-2"/>
      </object_component>
      <object_component id="oc-1f9">
         <name>.text.__TI_ltoa</name>
         <load_address>0x2e0c</load_address>
         <readonly>true</readonly>
         <executable>true</executable>
         <run_address>0x2e0c</run_address>
         <size>0x58</size>
         <alignment>0x2</alignment>
         <input_file_ref idref="fl-49"/>
      </object_component>
      <object_component id="oc-1d6">
         <name>.text._pconv_f</name>
         <load_address>0x2e64</load_address>
         <readonly>true</readonly>
         <executable>true</executable>
         <run_address>0x2e64</run_address>
         <size>0x58</size>
         <alignment>0x2</alignment>
         <input_file_ref idref="fl-40"/>
      </object_component>
      <object_component id="oc-21c">
         <name>.text.__aeabi_idivmod</name>
         <load_address>0x2ebc</load_address>
         <readonly>true</readonly>
         <executable>true</executable>
         <run_address>0x2ebc</run_address>
         <size>0x56</size>
         <alignment>0x4</alignment>
         <input_file_ref idref="fl-111"/>
      </object_component>
      <object_component id="oc-1ff">
         <name>.text._ecpy</name>
         <load_address>0x2f12</load_address>
         <readonly>true</readonly>
         <executable>true</executable>
         <run_address>0x2f12</run_address>
         <size>0x52</size>
         <alignment>0x2</alignment>
         <input_file_ref idref="fl-40"/>
      </object_component>
      <object_component id="oc-1f5">
         <name>.text.__fixdfsi</name>
         <load_address>0x2f64</load_address>
         <readonly>true</readonly>
         <executable>true</executable>
         <run_address>0x2f64</run_address>
         <size>0x4a</size>
         <alignment>0x4</alignment>
         <input_file_ref idref="fl-10a"/>
      </object_component>
      <object_component id="oc-f7">
         <name>.text.DL_UART_init</name>
         <load_address>0x2fb0</load_address>
         <readonly>true</readonly>
         <executable>true</executable>
         <run_address>0x2fb0</run_address>
         <size>0x48</size>
         <alignment>0x4</alignment>
         <input_file_ref idref="fl-18"/>
      </object_component>
      <object_component id="oc-bf">
         <name>.text.SYSCFG_DL_initPower</name>
         <load_address>0x2ff8</load_address>
         <readonly>true</readonly>
         <executable>true</executable>
         <run_address>0x2ff8</run_address>
         <size>0x48</size>
         <alignment>0x4</alignment>
         <input_file_ref idref="fl-2"/>
      </object_component>
      <object_component id="oc-ef">
         <name>.text.DL_SYSCTL_switchMCLKfromSYSOSCtoHSCLK</name>
         <load_address>0x3040</load_address>
         <readonly>true</readonly>
         <executable>true</executable>
         <run_address>0x3040</run_address>
         <size>0x44</size>
         <alignment>0x4</alignment>
         <input_file_ref idref="fl-19"/>
      </object_component>
      <object_component id="oc-fc">
         <name>.text.DL_ADC12_setClockConfig</name>
         <load_address>0x3084</load_address>
         <readonly>true</readonly>
         <executable>true</executable>
         <run_address>0x3084</run_address>
         <size>0x40</size>
         <alignment>0x4</alignment>
         <input_file_ref idref="fl-16"/>
      </object_component>
      <object_component id="oc-1b9">
         <name>.text.__aeabi_uidivmod</name>
         <load_address>0x30c4</load_address>
         <readonly>true</readonly>
         <executable>true</executable>
         <run_address>0x30c4</run_address>
         <size>0x40</size>
         <alignment>0x4</alignment>
         <input_file_ref idref="fl-114"/>
      </object_component>
      <object_component id="oc-10f">
         <name>.text.__extendsfdf2</name>
         <load_address>0x3104</load_address>
         <readonly>true</readonly>
         <executable>true</executable>
         <run_address>0x3104</run_address>
         <size>0x40</size>
         <alignment>0x4</alignment>
         <input_file_ref idref="fl-109"/>
      </object_component>
      <object_component id="oc-1bf">
         <name>.text.atoi</name>
         <load_address>0x3144</load_address>
         <readonly>true</readonly>
         <executable>true</executable>
         <run_address>0x3144</run_address>
         <size>0x40</size>
         <alignment>0x4</alignment>
         <input_file_ref idref="fl-4b"/>
      </object_component>
      <object_component id="oc-1a4">
         <name>.text.__gtsf2</name>
         <load_address>0x3184</load_address>
         <readonly>true</readonly>
         <executable>true</executable>
         <run_address>0x3184</run_address>
         <size>0x3c</size>
         <alignment>0x4</alignment>
         <input_file_ref idref="fl-116"/>
      </object_component>
      <object_component id="oc-a6">
         <name>.text:__TI_auto_init_nobinit_nopinit</name>
         <load_address>0x31c0</load_address>
         <readonly>true</readonly>
         <executable>true</executable>
         <run_address>0x31c0</run_address>
         <size>0x3c</size>
         <alignment>0x4</alignment>
         <input_file_ref idref="fl-3a"/>
      </object_component>
      <object_component id="oc-19f">
         <name>.text.__eqsf2</name>
         <load_address>0x31fc</load_address>
         <readonly>true</readonly>
         <executable>true</executable>
         <run_address>0x31fc</run_address>
         <size>0x3a</size>
         <alignment>0x4</alignment>
         <input_file_ref idref="fl-116"/>
      </object_component>
      <object_component id="oc-160">
         <name>.text.__muldsi3</name>
         <load_address>0x3238</load_address>
         <readonly>true</readonly>
         <executable>true</executable>
         <run_address>0x3238</run_address>
         <size>0x3a</size>
         <alignment>0x4</alignment>
         <input_file_ref idref="fl-105"/>
      </object_component>
      <object_component id="oc-17e">
         <name>.text.sprintf</name>
         <load_address>0x3274</load_address>
         <readonly>true</readonly>
         <executable>true</executable>
         <run_address>0x3274</run_address>
         <size>0x38</size>
         <alignment>0x4</alignment>
         <input_file_ref idref="fl-31"/>
      </object_component>
      <object_component id="oc-9e">
         <name>.text.TaskScan</name>
         <load_address>0x32ac</load_address>
         <readonly>true</readonly>
         <executable>true</executable>
         <run_address>0x32ac</run_address>
         <size>0x34</size>
         <alignment>0x4</alignment>
         <input_file_ref idref="fl-8"/>
      </object_component>
      <object_component id="oc-c6">
         <name>.text.SYSCFG_DL_SYSTICK_init</name>
         <load_address>0x32e0</load_address>
         <readonly>true</readonly>
         <executable>true</executable>
         <run_address>0x32e0</run_address>
         <size>0x30</size>
         <alignment>0x4</alignment>
         <input_file_ref idref="fl-2"/>
      </object_component>
      <object_component id="oc-200">
         <name>.text._fcpy</name>
         <load_address>0x3310</load_address>
         <readonly>true</readonly>
         <executable>true</executable>
         <run_address>0x3310</run_address>
         <size>0x30</size>
         <alignment>0x2</alignment>
         <input_file_ref idref="fl-40"/>
      </object_component>
      <object_component id="oc-129">
         <name>.text.sendString</name>
         <load_address>0x3340</load_address>
         <readonly>true</readonly>
         <executable>true</executable>
         <run_address>0x3340</run_address>
         <size>0x30</size>
         <alignment>0x4</alignment>
         <input_file_ref idref="fl-7"/>
      </object_component>
      <object_component id="oc-167">
         <name>.text.__floatsidf</name>
         <load_address>0x3370</load_address>
         <readonly>true</readonly>
         <executable>true</executable>
         <run_address>0x3370</run_address>
         <size>0x2c</size>
         <alignment>0x4</alignment>
         <input_file_ref idref="fl-10b"/>
      </object_component>
      <object_component id="oc-103">
         <name>.text.__floatunsisf</name>
         <load_address>0x339c</load_address>
         <readonly>true</readonly>
         <executable>true</executable>
         <run_address>0x339c</run_address>
         <size>0x28</size>
         <alignment>0x4</alignment>
         <input_file_ref idref="fl-10c"/>
      </object_component>
      <object_component id="oc-5b">
         <name>.text:_c_int00_noargs</name>
         <load_address>0x33c4</load_address>
         <readonly>true</readonly>
         <executable>true</executable>
         <run_address>0x33c4</run_address>
         <size>0x28</size>
         <alignment>0x4</alignment>
         <input_file_ref idref="fl-38"/>
      </object_component>
      <object_component id="oc-39">
         <name>.text.ADC1_IRQHandler</name>
         <load_address>0x33ec</load_address>
         <readonly>true</readonly>
         <executable>true</executable>
         <run_address>0x33ec</run_address>
         <size>0x24</size>
         <alignment>0x4</alignment>
         <input_file_ref idref="fl-1"/>
      </object_component>
      <object_component id="oc-1c7">
         <name>.text.__muldi3</name>
         <load_address>0x3410</load_address>
         <readonly>true</readonly>
         <executable>true</executable>
         <run_address>0x3410</run_address>
         <size>0x24</size>
         <alignment>0x4</alignment>
         <input_file_ref idref="fl-10d"/>
      </object_component>
      <object_component id="oc-1b4">
         <name>.text.memccpy</name>
         <load_address>0x3434</load_address>
         <readonly>true</readonly>
         <executable>true</executable>
         <run_address>0x3434</run_address>
         <size>0x22</size>
         <alignment>0x2</alignment>
         <input_file_ref idref="fl-4c"/>
      </object_component>
      <object_component id="oc-94">
         <name>.text.SYSCFG_DL_init</name>
         <load_address>0x3456</load_address>
         <readonly>true</readonly>
         <executable>true</executable>
         <run_address>0x3456</run_address>
         <size>0x20</size>
         <alignment>0x2</alignment>
         <input_file_ref idref="fl-2"/>
      </object_component>
      <object_component id="oc-210">
         <name>.text.__ashldi3</name>
         <load_address>0x3478</load_address>
         <readonly>true</readonly>
         <executable>true</executable>
         <run_address>0x3478</run_address>
         <size>0x1e</size>
         <alignment>0x4</alignment>
         <input_file_ref idref="fl-118"/>
      </object_component>
      <object_component id="oc-7c">
         <name>.text.main</name>
         <load_address>0x3496</load_address>
         <readonly>true</readonly>
         <executable>true</executable>
         <run_address>0x3496</run_address>
         <size>0x1e</size>
         <alignment>0x2</alignment>
         <input_file_ref idref="fl-1"/>
      </object_component>
      <object_component id="oc-144">
         <name>.text.delay_ms</name>
         <load_address>0x34b4</load_address>
         <readonly>true</readonly>
         <executable>true</executable>
         <run_address>0x34b4</run_address>
         <size>0x1c</size>
         <alignment>0x4</alignment>
         <input_file_ref idref="fl-6"/>
      </object_component>
      <object_component id="oc-19b">
         <name>.text._outs</name>
         <load_address>0x34d0</load_address>
         <readonly>true</readonly>
         <executable>true</executable>
         <run_address>0x34d0</run_address>
         <size>0x18</size>
         <alignment>0x2</alignment>
         <input_file_ref idref="fl-31"/>
      </object_component>
      <object_component id="oc-52">
         <name>.text:decompress:ZI:__TI_zero_init_nomemset</name>
         <load_address>0x34e8</load_address>
         <readonly>true</readonly>
         <executable>true</executable>
         <run_address>0x34e8</run_address>
         <size>0x16</size>
         <alignment>0x2</alignment>
         <input_file_ref idref="fl-3d"/>
      </object_component>
      <object_component id="oc-1cc">
         <name>.text.__aeabi_uldivmod</name>
         <load_address>0x3500</load_address>
         <readonly>true</readonly>
         <executable>true</executable>
         <run_address>0x3500</run_address>
         <size>0x14</size>
         <alignment>0x4</alignment>
         <input_file_ref idref="fl-115"/>
      </object_component>
      <object_component id="oc-1fe">
         <name>.text.strchr</name>
         <load_address>0x3514</load_address>
         <readonly>true</readonly>
         <executable>true</executable>
         <run_address>0x3514</run_address>
         <size>0x14</size>
         <alignment>0x2</alignment>
         <input_file_ref idref="fl-40"/>
      </object_component>
      <object_component id="oc-f1">
         <name>.text.DL_UART_setClockConfig</name>
         <load_address>0x3528</load_address>
         <readonly>true</readonly>
         <executable>true</executable>
         <run_address>0x3528</run_address>
         <size>0x12</size>
         <alignment>0x2</alignment>
         <input_file_ref idref="fl-18"/>
      </object_component>
      <object_component id="oc-20">
         <name>.text:decompress:none</name>
         <load_address>0x353a</load_address>
         <readonly>true</readonly>
         <executable>true</executable>
         <run_address>0x353a</run_address>
         <size>0x12</size>
         <alignment>0x2</alignment>
         <input_file_ref idref="fl-3e"/>
      </object_component>
      <object_component id="oc-1c3">
         <name>.text.wcslen</name>
         <load_address>0x354c</load_address>
         <readonly>true</readonly>
         <executable>true</executable>
         <run_address>0x354c</run_address>
         <size>0x10</size>
         <alignment>0x2</alignment>
         <input_file_ref idref="fl-4f"/>
      </object_component>
      <object_component id="oc-1b3">
         <name>.text.__aeabi_memset</name>
         <load_address>0x355c</load_address>
         <readonly>true</readonly>
         <executable>true</executable>
         <run_address>0x355c</run_address>
         <size>0xe</size>
         <alignment>0x4</alignment>
         <input_file_ref idref="fl-113"/>
      </object_component>
      <object_component id="oc-1b2">
         <name>.text.strlen</name>
         <load_address>0x356a</load_address>
         <readonly>true</readonly>
         <executable>true</executable>
         <run_address>0x356a</run_address>
         <size>0xe</size>
         <alignment>0x2</alignment>
         <input_file_ref idref="fl-40"/>
      </object_component>
      <object_component id="oc-1fd">
         <name>.text.OUTLINED_FUNCTION_0</name>
         <load_address>0x3578</load_address>
         <readonly>true</readonly>
         <executable>true</executable>
         <run_address>0x3578</run_address>
         <size>0xa</size>
         <alignment>0x2</alignment>
         <input_file_ref idref="fl-40"/>
      </object_component>
      <object_component id="oc-26e">
         <name>.tramp.__aeabi_dsub.1</name>
         <load_address>0x3584</load_address>
         <readonly>true</readonly>
         <executable>true</executable>
         <run_address>0x3584</run_address>
         <size>0x10</size>
         <alignment>0x4</alignment>
         <input_file_ref idref="fl-103"/>
      </object_component>
      <object_component id="oc-16f">
         <name>.text.OUTLINED_FUNCTION_0</name>
         <load_address>0x3594</load_address>
         <readonly>true</readonly>
         <executable>true</executable>
         <run_address>0x3594</run_address>
         <size>0xa</size>
         <alignment>0x2</alignment>
         <input_file_ref idref="fl-30"/>
      </object_component>
      <object_component id="oc-26f">
         <name>.tramp.__aeabi_dmul.1</name>
         <load_address>0x35a0</load_address>
         <readonly>true</readonly>
         <executable>true</executable>
         <run_address>0x35a0</run_address>
         <size>0x10</size>
         <alignment>0x4</alignment>
         <input_file_ref idref="fl-104"/>
      </object_component>
      <object_component id="oc-20b">
         <name>.text.OUTLINED_FUNCTION_1</name>
         <load_address>0x35b0</load_address>
         <readonly>true</readonly>
         <executable>true</executable>
         <run_address>0x35b0</run_address>
         <size>0xa</size>
         <alignment>0x2</alignment>
         <input_file_ref idref="fl-40"/>
      </object_component>
      <object_component id="oc-19c">
         <name>.text._outc</name>
         <load_address>0x35ba</load_address>
         <readonly>true</readonly>
         <executable>true</executable>
         <run_address>0x35ba</run_address>
         <size>0xa</size>
         <alignment>0x2</alignment>
         <input_file_ref idref="fl-31"/>
      </object_component>
      <object_component id="oc-185">
         <name>.text.OUTLINED_FUNCTION_0</name>
         <load_address>0x35c4</load_address>
         <readonly>true</readonly>
         <executable>true</executable>
         <run_address>0x35c4</run_address>
         <size>0x8</size>
         <alignment>0x2</alignment>
         <input_file_ref idref="fl-37"/>
      </object_component>
      <object_component id="oc-171">
         <name>.text.__aeabi_errno_addr</name>
         <load_address>0x35cc</load_address>
         <readonly>true</readonly>
         <executable>true</executable>
         <run_address>0x35cc</run_address>
         <size>0x8</size>
         <alignment>0x4</alignment>
         <input_file_ref idref="fl-33"/>
      </object_component>
      <object_component id="oc-4b">
         <name>.text.__aeabi_memcpy</name>
         <load_address>0x35d4</load_address>
         <readonly>true</readonly>
         <executable>true</executable>
         <run_address>0x35d4</run_address>
         <size>0x8</size>
         <alignment>0x4</alignment>
         <input_file_ref idref="fl-112"/>
      </object_component>
      <object_component id="oc-170">
         <name>.text.OUTLINED_FUNCTION_1</name>
         <load_address>0x35dc</load_address>
         <readonly>true</readonly>
         <executable>true</executable>
         <run_address>0x35dc</run_address>
         <size>0x6</size>
         <alignment>0x2</alignment>
         <input_file_ref idref="fl-30"/>
      </object_component>
      <object_component id="oc-9f">
         <name>.text:abort</name>
         <load_address>0x35e2</load_address>
         <readonly>true</readonly>
         <executable>true</executable>
         <run_address>0x35e2</run_address>
         <size>0x6</size>
         <alignment>0x2</alignment>
         <input_file_ref idref="fl-47"/>
      </object_component>
      <object_component id="oc-d4">
         <name>.text.HOSTexit</name>
         <load_address>0x35e8</load_address>
         <readonly>true</readonly>
         <executable>true</executable>
         <run_address>0x35e8</run_address>
         <size>0x4</size>
         <alignment>0x2</alignment>
         <input_file_ref idref="fl-f2"/>
      </object_component>
      <object_component id="oc-2f">
         <name>.text.Reset_Handler</name>
         <load_address>0x35ec</load_address>
         <readonly>true</readonly>
         <executable>true</executable>
         <run_address>0x35ec</run_address>
         <size>0x4</size>
         <alignment>0x2</alignment>
         <input_file_ref idref="fl-3"/>
      </object_component>
      <object_component id="oc-78">
         <name>.text._system_pre_init</name>
         <load_address>0x35f0</load_address>
         <readonly>true</readonly>
         <executable>true</executable>
         <run_address>0x35f0</run_address>
         <size>0x4</size>
         <alignment>0x2</alignment>
         <input_file_ref idref="fl-3b"/>
      </object_component>
      <object_component id="oc-26a">
         <name>.cinit..data.load</name>
         <load_address>0x3800</load_address>
         <readonly>true</readonly>
         <run_address>0x3800</run_address>
         <size>0x10</size>
         <alignment>0x1</alignment>
      </object_component>
      <object_component id="oc-268">
         <name>__TI_handler_table</name>
         <load_address>0x3810</load_address>
         <readonly>true</readonly>
         <run_address>0x3810</run_address>
         <size>0xc</size>
         <alignment>0x4</alignment>
      </object_component>
      <object_component id="oc-26b">
         <name>.cinit..bss.load</name>
         <load_address>0x381c</load_address>
         <readonly>true</readonly>
         <run_address>0x381c</run_address>
         <size>0x8</size>
         <alignment>0x4</alignment>
      </object_component>
      <object_component id="oc-269">
         <name>__TI_cinit_table</name>
         <load_address>0x3824</load_address>
         <readonly>true</readonly>
         <run_address>0x3824</run_address>
         <size>0x10</size>
         <alignment>0x4</alignment>
      </object_component>
      <object_component id="oc-18e">
         <name>.rodata:__aeabi_ctype_table_</name>
         <load_address>0x3600</load_address>
         <readonly>true</readonly>
         <run_address>0x3600</run_address>
         <size>0x101</size>
         <alignment>0x10</alignment>
         <input_file_ref idref="fl-46"/>
      </object_component>
      <object_component id="oc-133">
         <name>.rodata.str1.13876905621293279013.1</name>
         <load_address>0x3701</load_address>
         <readonly>true</readonly>
         <run_address>0x3701</run_address>
         <size>0x3</size>
         <alignment>0x1</alignment>
         <input_file_ref idref="fl-8"/>
      </object_component>
      <object_component id="oc-18f">
         <name>.rodata.digits</name>
         <load_address>0x3704</load_address>
         <readonly>true</readonly>
         <run_address>0x3704</run_address>
         <size>0x40</size>
         <alignment>0x4</alignment>
         <input_file_ref idref="fl-37"/>
      </object_component>
      <object_component id="oc-f0">
         <name>.rodata.gSYSPLLConfig</name>
         <load_address>0x3744</load_address>
         <readonly>true</readonly>
         <run_address>0x3744</run_address>
         <size>0x28</size>
         <alignment>0x4</alignment>
         <input_file_ref idref="fl-2"/>
      </object_component>
      <object_component id="oc-190">
         <name>.rodata.powerof10</name>
         <load_address>0x376c</load_address>
         <readonly>true</readonly>
         <run_address>0x376c</run_address>
         <size>0x18</size>
         <alignment>0x4</alignment>
         <input_file_ref idref="fl-37"/>
      </object_component>
      <object_component id="oc-149">
         <name>.rodata.str1.7822139254754781210.1</name>
         <load_address>0x3784</load_address>
         <readonly>true</readonly>
         <run_address>0x3784</run_address>
         <size>0x12</size>
         <alignment>0x1</alignment>
         <input_file_ref idref="fl-8"/>
      </object_component>
      <object_component id="oc-1cb">
         <name>.rodata.str1.10348868589481759720.1</name>
         <load_address>0x3796</load_address>
         <readonly>true</readonly>
         <run_address>0x3796</run_address>
         <size>0x11</size>
         <alignment>0x1</alignment>
         <input_file_ref idref="fl-40"/>
      </object_component>
      <object_component id="oc-132">
         <name>.rodata.str1.15275780387583481633.1</name>
         <load_address>0x37a7</load_address>
         <readonly>true</readonly>
         <run_address>0x37a7</run_address>
         <size>0x11</size>
         <alignment>0x1</alignment>
         <input_file_ref idref="fl-8"/>
      </object_component>
      <object_component id="oc-1b8">
         <name>.rodata.str1.15363888844622738466.1</name>
         <load_address>0x37b8</load_address>
         <readonly>true</readonly>
         <run_address>0x37b8</run_address>
         <size>0x11</size>
         <alignment>0x1</alignment>
         <input_file_ref idref="fl-40"/>
      </object_component>
      <object_component id="oc-f9">
         <name>.rodata.gUART_0Config</name>
         <load_address>0x37ca</load_address>
         <readonly>true</readonly>
         <run_address>0x37ca</run_address>
         <size>0xa</size>
         <alignment>0x2</alignment>
         <input_file_ref idref="fl-2"/>
      </object_component>
      <object_component id="oc-fb">
         <name>.rodata.gUART_1Config</name>
         <load_address>0x37d4</load_address>
         <readonly>true</readonly>
         <run_address>0x37d4</run_address>
         <size>0xa</size>
         <alignment>0x2</alignment>
         <input_file_ref idref="fl-2"/>
      </object_component>
      <object_component id="oc-f8">
         <name>.rodata.gUART_0ClockConfig</name>
         <load_address>0x37de</load_address>
         <readonly>true</readonly>
         <run_address>0x37de</run_address>
         <size>0x2</size>
         <alignment>0x1</alignment>
         <input_file_ref idref="fl-2"/>
      </object_component>
      <object_component id="oc-102">
         <name>.rodata.gADC12_0ClockConfig</name>
         <load_address>0x37e0</load_address>
         <readonly>true</readonly>
         <run_address>0x37e0</run_address>
         <size>0x8</size>
         <alignment>0x4</alignment>
         <input_file_ref idref="fl-2"/>
      </object_component>
      <object_component id="oc-135">
         <name>.rodata.str1.13803751183915423890.1</name>
         <load_address>0x37e8</load_address>
         <readonly>true</readonly>
         <run_address>0x37e8</run_address>
         <size>0x7</size>
         <alignment>0x1</alignment>
         <input_file_ref idref="fl-8"/>
      </object_component>
      <object_component id="oc-184">
         <name>.rodata.str1.6221462180413253723.1</name>
         <load_address>0x37ef</load_address>
         <readonly>true</readonly>
         <run_address>0x37ef</run_address>
         <size>0x7</size>
         <alignment>0x1</alignment>
         <input_file_ref idref="fl-7"/>
      </object_component>
      <object_component id="oc-fa">
         <name>.rodata.gUART_1ClockConfig</name>
         <load_address>0x37f6</load_address>
         <readonly>true</readonly>
         <run_address>0x37f6</run_address>
         <size>0x2</size>
         <alignment>0x1</alignment>
         <input_file_ref idref="fl-2"/>
      </object_component>
      <object_component id="oc-230">
         <name>.binit</name>
         <load_address>0x0</load_address>
         <readonly>true</readonly>
         <run_address>0x0</run_address>
         <size>0x0</size>
         <alignment>0x4</alignment>
      </object_component>
      <object_component id="oc-69">
         <name>.data.gCheckADC</name>
         <load_address>0x20200268</load_address>
         <readwrite>true</readwrite>
         <run_address>0x20200268</run_address>
         <size>0x1</size>
         <alignment>0x1</alignment>
         <input_file_ref idref="fl-1"/>
      </object_component>
      <object_component id="oc-6e">
         <name>.data.uart_rx_finish</name>
         <load_address>0x20200269</load_address>
         <readwrite>true</readwrite>
         <run_address>0x20200269</run_address>
         <size>0x1</size>
         <alignment>0x1</alignment>
         <input_file_ref idref="fl-1"/>
      </object_component>
      <object_component id="oc-6c">
         <name>.data.uart_rx_index</name>
         <load_address>0x2020026a</load_address>
         <readwrite>true</readwrite>
         <run_address>0x2020026a</run_address>
         <size>0x1</size>
         <alignment>0x1</alignment>
         <input_file_ref idref="fl-1"/>
      </object_component>
      <object_component id="oc-131">
         <name>.data.c_param</name>
         <load_address>0x20200220</load_address>
         <readwrite>true</readwrite>
         <run_address>0x20200220</run_address>
         <size>0x10</size>
         <alignment>0x4</alignment>
         <input_file_ref idref="fl-1"/>
      </object_component>
      <object_component id="oc-130">
         <name>.data.InputImpState</name>
         <load_address>0x20200262</load_address>
         <readwrite>true</readwrite>
         <run_address>0x20200262</run_address>
         <size>0x1</size>
         <alignment>0x1</alignment>
         <input_file_ref idref="fl-1"/>
      </object_component>
      <object_component id="oc-145">
         <name>.data.OutputImpState</name>
         <load_address>0x20200264</load_address>
         <readwrite>true</readwrite>
         <run_address>0x20200264</run_address>
         <size>0x1</size>
         <alignment>0x1</alignment>
         <input_file_ref idref="fl-1"/>
      </object_component>
      <object_component id="oc-134">
         <name>.data.GainState</name>
         <load_address>0x2020023f</load_address>
         <readwrite>true</readwrite>
         <run_address>0x2020023f</run_address>
         <size>0x1</size>
         <alignment>0x1</alignment>
         <input_file_ref idref="fl-1"/>
      </object_component>
      <object_component id="oc-146">
         <name>.data.Out_state</name>
         <load_address>0x20200263</load_address>
         <readwrite>true</readwrite>
         <run_address>0x20200263</run_address>
         <size>0x1</size>
         <alignment>0x1</alignment>
         <input_file_ref idref="fl-1"/>
      </object_component>
      <object_component id="oc-147">
         <name>.data.Vout_Load</name>
         <load_address>0x20200244</load_address>
         <readwrite>true</readwrite>
         <run_address>0x20200244</run_address>
         <size>0x4</size>
         <alignment>0x4</alignment>
         <input_file_ref idref="fl-1"/>
      </object_component>
      <object_component id="oc-148">
         <name>.data.Vout_Open</name>
         <load_address>0x20200248</load_address>
         <readwrite>true</readwrite>
         <run_address>0x20200248</run_address>
         <size>0x4</size>
         <alignment>0x4</alignment>
         <input_file_ref idref="fl-1"/>
      </object_component>
      <object_component id="oc-14a">
         <name>.data.Vout_flag</name>
         <load_address>0x20200267</load_address>
         <readwrite>true</readwrite>
         <run_address>0x20200267</run_address>
         <size>0x1</size>
         <alignment>0x1</alignment>
         <input_file_ref idref="fl-1"/>
      </object_component>
      <object_component id="oc-13c">
         <name>.data.PlotState</name>
         <load_address>0x20200265</load_address>
         <readwrite>true</readwrite>
         <run_address>0x20200265</run_address>
         <size>0x1</size>
         <alignment>0x1</alignment>
         <input_file_ref idref="fl-1"/>
      </object_component>
      <object_component id="oc-13e">
         <name>.data.point_index</name>
         <load_address>0x20200260</load_address>
         <readwrite>true</readwrite>
         <run_address>0x20200260</run_address>
         <size>0x2</size>
         <alignment>0x2</alignment>
         <input_file_ref idref="fl-1"/>
      </object_component>
      <object_component id="oc-142">
         <name>.data.lastX</name>
         <load_address>0x2020025c</load_address>
         <readwrite>true</readwrite>
         <run_address>0x2020025c</run_address>
         <size>0x2</size>
         <alignment>0x2</alignment>
         <input_file_ref idref="fl-1"/>
      </object_component>
      <object_component id="oc-143">
         <name>.data.lastY</name>
         <load_address>0x2020025e</load_address>
         <readwrite>true</readwrite>
         <run_address>0x2020025e</run_address>
         <size>0x2</size>
         <alignment>0x2</alignment>
         <input_file_ref idref="fl-1"/>
      </object_component>
      <object_component id="oc-13f">
         <name>.data.input_freq</name>
         <load_address>0x20200258</load_address>
         <readwrite>true</readwrite>
         <run_address>0x20200258</run_address>
         <size>0x4</size>
         <alignment>0x4</alignment>
         <input_file_ref idref="fl-1"/>
      </object_component>
      <object_component id="oc-13d">
         <name>.data.input_amp</name>
         <load_address>0x20200254</load_address>
         <readwrite>true</readwrite>
         <run_address>0x20200254</run_address>
         <size>0x4</size>
         <alignment>0x4</alignment>
         <input_file_ref idref="fl-1"/>
      </object_component>
      <object_component id="oc-cb">
         <name>.data.BTNData</name>
         <load_address>0x2020023a</load_address>
         <readwrite>true</readwrite>
         <run_address>0x2020023a</run_address>
         <size>0x5</size>
         <alignment>0x1</alignment>
         <input_file_ref idref="fl-1"/>
      </object_component>
      <object_component id="oc-cc">
         <name>.data.TaskMark</name>
         <load_address>0x20200266</load_address>
         <readwrite>true</readwrite>
         <run_address>0x20200266</run_address>
         <size>0x1</size>
         <alignment>0x1</alignment>
         <input_file_ref idref="fl-1"/>
      </object_component>
      <object_component id="oc-64">
         <name>.data.BTNTick</name>
         <load_address>0x20200230</load_address>
         <readwrite>true</readwrite>
         <run_address>0x20200230</run_address>
         <size>0xa</size>
         <alignment>0x2</alignment>
         <input_file_ref idref="fl-4"/>
      </object_component>
      <object_component id="oc-63">
         <name>.data.Tick</name>
         <load_address>0x20200240</load_address>
         <readwrite>true</readwrite>
         <run_address>0x20200240</run_address>
         <size>0x4</size>
         <alignment>0x4</alignment>
         <input_file_ref idref="fl-6"/>
      </object_component>
      <object_component id="oc-62">
         <name>.data.delay_times</name>
         <load_address>0x20200250</load_address>
         <readwrite>true</readwrite>
         <run_address>0x20200250</run_address>
         <size>0x4</size>
         <alignment>0x4</alignment>
         <input_file_ref idref="fl-6"/>
      </object_component>
      <object_component id="oc-196">
         <name>.data.__aeabi_errno</name>
         <load_address>0x2020024c</load_address>
         <readwrite>true</readwrite>
         <run_address>0x2020024c</run_address>
         <size>0x4</size>
         <alignment>0x4</alignment>
         <input_file_ref idref="fl-33"/>
      </object_component>
      <object_component id="oc-6d">
         <name>.common:uart_rx_buffer</name>
         <uninitialized>true</uninitialized>
         <readwrite>true</readwrite>
         <run_address>0x20200200</run_address>
         <size>0x1e</size>
         <alignment>0x1</alignment>
      </object_component>
      <object_component id="oc-140">
         <name>.common:freq_buffer</name>
         <uninitialized>true</uninitialized>
         <readwrite>true</readwrite>
         <run_address>0x20200000</run_address>
         <size>0x100</size>
         <alignment>0x4</alignment>
      </object_component>
      <object_component id="oc-141">
         <name>.common:gain_buffer</name>
         <uninitialized>true</uninitialized>
         <readwrite>true</readwrite>
         <run_address>0x20200100</run_address>
         <size>0x100</size>
         <alignment>0x4</alignment>
      </object_component>
      <object_component id="oc-1a">
         <name>.stack</name>
         <uninitialized>true</uninitialized>
         <readwrite>true</readwrite>
         <run_address>0x20207e00</run_address>
         <size>0x4</size>
         <alignment>0x4</alignment>
         <input_file_ref idref="fl-38"/>
      </object_component>
      <object_component id="oc-26d">
         <name>.stack</name>
         <uninitialized>true</uninitialized>
         <readwrite>true</readwrite>
         <run_address>0x20207e00</run_address>
         <size>0x0</size>
         <alignment>0x8</alignment>
      </object_component>
      <object_component id="oc-3f">
         <name>.debug_loc</name>
         <load_address>0x0</load_address>
         <run_address>0x0</run_address>
         <size>0x31</size>
         <alignment>0x1</alignment>
         <input_file_ref idref="fl-1"/>
      </object_component>
      <object_component id="oc-c2">
         <name>.debug_loc</name>
         <load_address>0x31</load_address>
         <run_address>0x31</run_address>
         <size>0x1e7</size>
         <alignment>0x1</alignment>
         <input_file_ref idref="fl-2"/>
      </object_component>
      <object_component id="oc-68">
         <name>.debug_loc</name>
         <load_address>0x218</load_address>
         <run_address>0x218</run_address>
         <size>0x28</size>
         <alignment>0x1</alignment>
         <input_file_ref idref="fl-6"/>
      </object_component>
      <object_component id="oc-12a">
         <name>.debug_loc</name>
         <load_address>0x240</load_address>
         <run_address>0x240</run_address>
         <size>0xcf</size>
         <alignment>0x1</alignment>
         <input_file_ref idref="fl-7"/>
      </object_component>
      <object_component id="oc-cf">
         <name>.debug_loc</name>
         <load_address>0x30f</load_address>
         <run_address>0x30f</run_address>
         <size>0x318</size>
         <alignment>0x1</alignment>
         <input_file_ref idref="fl-8"/>
      </object_component>
      <object_component id="oc-100">
         <name>.debug_loc</name>
         <load_address>0x627</load_address>
         <run_address>0x627</run_address>
         <size>0xc7</size>
         <alignment>0x1</alignment>
         <input_file_ref idref="fl-16"/>
      </object_component>
      <object_component id="oc-158">
         <name>.debug_loc</name>
         <load_address>0x6ee</load_address>
         <run_address>0x6ee</run_address>
         <size>0x13</size>
         <alignment>0x1</alignment>
         <input_file_ref idref="fl-17"/>
      </object_component>
      <object_component id="oc-f3">
         <name>.debug_loc</name>
         <load_address>0x701</load_address>
         <run_address>0x701</run_address>
[...]
         <value>0x20200250</value>
         <object_component_ref idref="oc-62"/>
      </symbol>
      <symbol id="sm-ce">
         <name>SysTick_Handler</name>
         <value>0x27e1</value>
         <object_component_ref idref="oc-34"/>
      </symbol>
      <symbol id="sm-cf">
         <name>Tick</name>
         <value>0x20200240</value>
         <object_component_ref idref="oc-63"/>
      </symbol>
      <symbol id="sm-de">
         <name>sendString</name>
         <value>0x3341</value>
         <object_component_ref idref="oc-129"/>
      </symbol>
      <symbol id="sm-df">
         <name>sendNum</name>
         <value>0x2c9d</value>
         <object_component_ref idref="oc-12f"/>
      </symbol>
      <symbol id="sm-101">
         <name>TaskScan</name>
         <value>0x32ad</value>
         <object_component_ref idref="oc-9e"/>
      </symbol>
      <symbol id="sm-102">
         <name>CalInputImp</name>
         <value>0x1d39</value>
         <object_component_ref idref="oc-d0"/>
      </symbol>
      <symbol id="sm-103">
         <name>CalGain</name>
         <value>0x1e41</value>
         <object_component_ref idref="oc-d1"/>
      </symbol>
      <symbol id="sm-104">
         <name>PlotAmpFreq</name>
         <value>0x1685</value>
         <object_component_ref idref="oc-d2"/>
      </symbol>
      <symbol id="sm-105">
         <name>CalOutputImp</name>
         <value>0x14cd</value>
         <object_component_ref idref="oc-d3"/>
      </symbol>
      <symbol id="sm-106">
         <name>BTNScan</name>
         <value>0x2cfd</value>
         <object_component_ref idref="oc-99"/>
      </symbol>
      <symbol id="sm-107">
         <name>__TI_ATRegion0_src_addr</name>
         <value>0x0</value>
      </symbol>
      <symbol id="sm-108">
         <name>__TI_ATRegion0_trg_addr</name>
         <value>0x0</value>
      </symbol>
      <symbol id="sm-109">
         <name>__TI_ATRegion0_region_sz</name>
         <value>0x0</value>
      </symbol>
      <symbol id="sm-10a">
         <name>__TI_ATRegion1_src_addr</name>
         <value>0x0</value>
      </symbol>
      <symbol id="sm-10b">
         <name>__TI_ATRegion1_trg_addr</name>
         <value>0x0</value>
      </symbol>
      <symbol id="sm-10c">
         <name>__TI_ATRegion1_region_sz</name>
         <value>0x0</value>
      </symbol>
      <symbol id="sm-10d">
         <name>__TI_ATRegion2_src_addr</name>
         <value>0x0</value>
      </symbol>
      <symbol id="sm-10e">
         <name>__TI_ATRegion2_trg_addr</name>
         <value>0x0</value>
      </symbol>
      <symbol id="sm-10f">
         <name>__TI_ATRegion2_region_sz</name>
         <value>0x0</value>
      </symbol>
      <symbol id="sm-11a">
         <name>DL_ADC12_setClockConfig</name>
         <value>0x3085</value>
         <object_component_ref idref="oc-fc"/>
      </symbol>
      <symbol id="sm-123">
         <name>DL_Common_delayCycles</name>
         <value>0x29c5</value>
         <object_component_ref idref="oc-e5"/>
      </symbol>
      <symbol id="sm-130">
         <name>DL_UART_init</name>
         <value>0x2fb1</value>
         <object_component_ref idref="oc-f7"/>
      </symbol>
      <symbol id="sm-131">
         <name>DL_UART_setClockConfig</name>
         <value>0x3529</value>
         <object_component_ref idref="oc-f1"/>
      </symbol>
      <symbol id="sm-13f">
         <name>DL_SYSCTL_configSYSPLL</name>
         <value>0x2029</value>
         <object_component_ref idref="oc-e9"/>
      </symbol>
      <symbol id="sm-140">
         <name>DL_SYSCTL_switchMCLKfromSYSOSCtoHSCLK</name>
         <value>0x3041</value>
         <object_component_ref idref="oc-ef"/>
      </symbol>
      <symbol id="sm-151">
         <name>log10</name>
         <value>0xdf1</value>
         <object_component_ref idref="oc-113"/>
      </symbol>
      <symbol id="sm-152">
         <name>log10l</name>
         <value>0xdf1</value>
         <object_component_ref idref="oc-113"/>
      </symbol>
      <symbol id="sm-163">
         <name>sprintf</name>
         <value>0x3275</value>
         <object_component_ref idref="oc-17e"/>
      </symbol>
      <symbol id="sm-16f">
         <name>__aeabi_errno_addr</name>
         <value>0x35cd</value>
         <object_component_ref idref="oc-171"/>
      </symbol>
      <symbol id="sm-170">
         <name>__aeabi_errno</name>
         <value>0x2020024c</value>
         <object_component_ref idref="oc-196"/>
      </symbol>
      <symbol id="sm-185">
         <name>strtof</name>
         <value>0xa91</value>
         <object_component_ref idref="oc-136"/>
      </symbol>
      <symbol id="sm-190">
         <name>_c_int00_noargs</name>
         <value>0x33c5</value>
         <object_component_ref idref="oc-5b"/>
      </symbol>
      <symbol id="sm-191">
         <name>__stack</name>
         <value>0x20207e00</value>
         <object_component_ref idref="oc-1a"/>
      </symbol>
      <symbol id="sm-19d">
         <name>__TI_auto_init_nobinit_nopinit</name>
         <value>0x31c1</value>
         <object_component_ref idref="oc-a6"/>
      </symbol>
      <symbol id="sm-1a5">
         <name>_system_pre_init</name>
         <value>0x35f1</value>
         <object_component_ref idref="oc-78"/>
      </symbol>
      <symbol id="sm-1b0">
         <name>__TI_zero_init_nomemset</name>
         <value>0x34e9</value>
         <object_component_ref idref="oc-52"/>
      </symbol>
      <symbol id="sm-1b9">
         <name>__TI_decompress_none</name>
         <value>0x353b</value>
         <object_component_ref idref="oc-20"/>
      </symbol>
      <symbol id="sm-1c4">
         <name>__TI_decompress_lzss</name>
         <value>0x285d</value>
         <object_component_ref idref="oc-1c"/>
      </symbol>
      <symbol id="sm-20d">
         <name>__TI_printfi</name>
         <value>0xc1</value>
         <object_component_ref idref="oc-1b0"/>
      </symbol>
      <symbol id="sm-21b">
         <name>scalbnf</name>
         <value>0x22b5</value>
         <object_component_ref idref="oc-18a"/>
      </symbol>
      <symbol id="sm-21c">
         <name>ldexpf</name>
         <value>0x22b5</value>
         <object_component_ref idref="oc-18a"/>
      </symbol>
      <symbol id="sm-21d">
         <name>__aeabi_ctype_table_</name>
         <value>0x3600</value>
         <object_component_ref idref="oc-18e"/>
      </symbol>
      <symbol id="sm-21e">
         <name>__aeabi_ctype_table_C</name>
         <value>0x3600</value>
         <object_component_ref idref="oc-18e"/>
      </symbol>
      <symbol id="sm-228">
         <name>abort</name>
         <value>0x35e3</value>
         <object_component_ref idref="oc-9f"/>
      </symbol>
      <symbol id="sm-232">
         <name>__TI_ltoa</name>
         <value>0x2e0d</value>
         <object_component_ref idref="oc-1f9"/>
      </symbol>
      <symbol id="sm-23d">
         <name>atoi</name>
         <value>0x3145</value>
         <object_component_ref idref="oc-1bf"/>
      </symbol>
      <symbol id="sm-246">
         <name>memccpy</name>
         <value>0x3435</value>
         <object_component_ref idref="oc-1b4"/>
      </symbol>
      <symbol id="sm-250">
         <name>frexp</name>
         <value>0x2d59</value>
         <object_component_ref idref="oc-1ed"/>
      </symbol>
      <symbol id="sm-251">
         <name>frexpl</name>
         <value>0x2d59</value>
         <object_component_ref idref="oc-1ed"/>
      </symbol>
      <symbol id="sm-25b">
         <name>scalbn</name>
         <value>0x2105</value>
         <object_component_ref idref="oc-1f1"/>
      </symbol>
      <symbol id="sm-25c">
         <name>ldexp</name>
         <value>0x2105</value>
         <object_component_ref idref="oc-1f1"/>
      </symbol>
      <symbol id="sm-25d">
         <name>scalbnl</name>
         <value>0x2105</value>
         <object_component_ref idref="oc-1f1"/>
      </symbol>
      <symbol id="sm-25e">
         <name>ldexpl</name>
         <value>0x2105</value>
         <object_component_ref idref="oc-1f1"/>
      </symbol>
      <symbol id="sm-267">
         <name>wcslen</name>
         <value>0x354d</value>
         <object_component_ref idref="oc-1c3"/>
      </symbol>
      <symbol id="sm-272">
         <name>HOSTexit</name>
         <value>0x35e9</value>
         <object_component_ref idref="oc-d4"/>
      </symbol>
      <symbol id="sm-273">
         <name>C$$EXIT</name>
         <value>0x35e8</value>
         <object_component_ref idref="oc-d4"/>
      </symbol>
      <symbol id="sm-288">
         <name>__aeabi_fadd</name>
         <value>0x21e7</value>
         <object_component_ref idref="oc-125"/>
      </symbol>
      <symbol id="sm-289">
         <name>__addsf3</name>
         <value>0x21e7</value>
         <object_component_ref idref="oc-125"/>
      </symbol>
      <symbol id="sm-28a">
         <name>__aeabi_fsub</name>
         <value>0x21dd</value>
         <object_component_ref idref="oc-125"/>
      </symbol>
      <symbol id="sm-28b">
         <name>__subsf3</name>
         <value>0x21dd</value>
         <object_component_ref idref="oc-125"/>
      </symbol>
      <symbol id="sm-291">
         <name>__aeabi_dadd</name>
         <value>0x1847</value>
         <object_component_ref idref="oc-11d"/>
      </symbol>
      <symbol id="sm-292">
         <name>__adddf3</name>
         <value>0x1847</value>
         <object_component_ref idref="oc-11d"/>
      </symbol>
      <symbol id="sm-293">
         <name>__aeabi_dsub</name>
         <value>0x183d</value>
         <object_component_ref idref="oc-11d"/>
      </symbol>
      <symbol id="sm-294">
         <name>__subdf3</name>
         <value>0x183d</value>
         <object_component_ref idref="oc-11d"/>
      </symbol>
      <symbol id="sm-29d">
         <name>__aeabi_dmul</name>
         <value>0x1f45</value>
         <object_component_ref idref="oc-119"/>
      </symbol>
      <symbol id="sm-29e">
         <name>__muldf3</name>
         <value>0x1f45</value>
         <object_component_ref idref="oc-119"/>
      </symbol>
      <symbol id="sm-2a7">
         <name>__muldsi3</name>
         <value>0x3239</value>
         <object_component_ref idref="oc-160"/>
      </symbol>
      <symbol id="sm-2ad">
         <name>__aeabi_fmul</name>
         <value>0x254d</value>
         <object_component_ref idref="oc-107"/>
      </symbol>
      <symbol id="sm-2ae">
         <name>__mulsf3</name>
         <value>0x254d</value>
         <object_component_ref idref="oc-107"/>
      </symbol>
      <symbol id="sm-2b4">
         <name>__aeabi_fdiv</name>
         <value>0x265d</value>
         <object_component_ref idref="oc-10b"/>
      </symbol>
      <symbol id="sm-2b5">
         <name>__divsf3</name>
         <value>0x265d</value>
         <object_component_ref idref="oc-10b"/>
      </symbol>
      <symbol id="sm-2bb">
         <name>__aeabi_ddiv</name>
         <value>0x1c2d</value>
         <object_component_ref idref="oc-16b"/>
      </symbol>
      <symbol id="sm-2bc">
         <name>__divdf3</name>
         <value>0x1c2d</value>
         <object_component_ref idref="oc-16b"/>
      </symbol>
      <symbol id="sm-2c2">
         <name>__aeabi_f2d</name>
         <value>0x3105</value>
         <object_component_ref idref="oc-10f"/>
      </symbol>
      <symbol id="sm-2c3">
         <name>__extendsfdf2</name>
         <value>0x3105</value>
         <object_component_ref idref="oc-10f"/>
      </symbol>
      <symbol id="sm-2c9">
         <name>__aeabi_d2iz</name>
         <value>0x2f65</value>
         <object_component_ref idref="oc-1f5"/>
      </symbol>
      <symbol id="sm-2ca">
         <name>__fixdfsi</name>
         <value>0x2f65</value>
         <object_component_ref idref="oc-1f5"/>
      </symbol>
      <symbol id="sm-2d0">
         <name>__aeabi_i2d</name>
         <value>0x3371</value>
         <object_component_ref idref="oc-167"/>
      </symbol>
      <symbol id="sm-2d1">
         <name>__floatsidf</name>
         <value>0x3371</value>
         <object_component_ref idref="oc-167"/>
      </symbol>
      <symbol id="sm-2d7">
         <name>__aeabi_ui2f</name>
         <value>0x339d</value>
         <object_component_ref idref="oc-103"/>
      </symbol>
      <symbol id="sm-2d8">
         <name>__floatunsisf</name>
         <value>0x339d</value>
         <object_component_ref idref="oc-103"/>
      </symbol>
      <symbol id="sm-2de">
         <name>__aeabi_lmul</name>
         <value>0x3411</value>
         <object_component_ref idref="oc-1c7"/>
      </symbol>
      <symbol id="sm-2df">
         <name>__muldi3</name>
         <value>0x3411</value>
         <object_component_ref idref="oc-1c7"/>
      </symbol>
      <symbol id="sm-2e6">
         <name>__aeabi_d2f</name>
         <value>0x29d1</value>
         <object_component_ref idref="oc-121"/>
      </symbol>
      <symbol id="sm-2e7">
         <name>__truncdfsf2</name>
         <value>0x29d1</value>
         <object_component_ref idref="oc-121"/>
      </symbol>
      <symbol id="sm-2ed">
         <name>__aeabi_dcmpeq</name>
         <value>0x2b15</value>
         <object_component_ref idref="oc-1d1"/>
      </symbol>
      <symbol id="sm-2ee">
         <name>__aeabi_dcmplt</name>
         <value>0x2b29</value>
         <object_component_ref idref="oc-1d1"/>
      </symbol>
      <symbol id="sm-2ef">
         <name>__aeabi_dcmple</name>
         <value>0x2b3d</value>
         <object_component_ref idref="oc-1d1"/>
      </symbol>
      <symbol id="sm-2f0">
         <name>__aeabi_dcmpge</name>
         <value>0x2b51</value>
         <object_component_ref idref="oc-1d1"/>
      </symbol>
      <symbol id="sm-2f1">
         <name>__aeabi_dcmpgt</name>
         <value>0x2b65</value>
         <object_component_ref idref="oc-1d1"/>
      </symbol>
      <symbol id="sm-2f7">
         <name>__aeabi_fcmpeq</name>
         <value>0x2b79</value>
         <object_component_ref idref="oc-186"/>
      </symbol>
      <symbol id="sm-2f8">
         <name>__aeabi_fcmplt</name>
         <value>0x2b8d</value>
         <object_component_ref idref="oc-186"/>
      </symbol>
      <symbol id="sm-2f9">
         <name>__aeabi_fcmple</name>
         <value>0x2ba1</value>
         <object_component_ref idref="oc-186"/>
      </symbol>
      <symbol id="sm-2fa">
         <name>__aeabi_fcmpge</name>
         <value>0x2bb5</value>
         <object_component_ref idref="oc-186"/>
      </symbol>
      <symbol id="sm-2fb">
         <name>__aeabi_fcmpgt</name>
         <value>0x2bc9</value>
         <object_component_ref idref="oc-186"/>
      </symbol>
      <symbol id="sm-301">
         <name>__aeabi_idiv</name>
         <value>0x2ebd</value>
         <object_component_ref idref="oc-21c"/>
      </symbol>
      <symbol id="sm-302">
         <name>__aeabi_idivmod</name>
         <value>0x2ebd</value>
         <object_component_ref idref="oc-21c"/>
      </symbol>
      <symbol id="sm-308">
         <name>__aeabi_memcpy</name>
         <value>0x35d5</value>
         <object_component_ref idref="oc-4b"/>
      </symbol>
      <symbol id="sm-309">
         <name>__aeabi_memcpy4</name>
         <value>0x35d5</value>
         <object_component_ref idref="oc-4b"/>
      </symbol>
      <symbol id="sm-30a">
         <name>__aeabi_memcpy8</name>
         <value>0x35d5</value>
         <object_component_ref idref="oc-4b"/>
      </symbol>
      <symbol id="sm-311">
         <name>__aeabi_memset</name>
         <value>0x355d</value>
         <object_component_ref idref="oc-1b3"/>
      </symbol>
      <symbol id="sm-312">
         <name>__aeabi_memset4</name>
         <value>0x355d</value>
         <object_component_ref idref="oc-1b3"/>
      </symbol>
      <symbol id="sm-313">
         <name>__aeabi_memset8</name>
         <value>0x355d</value>
         <object_component_ref idref="oc-1b3"/>
      </symbol>
      <symbol id="sm-319">
         <name>__aeabi_uidiv</name>
         <value>0x30c5</value>
         <object_component_ref idref="oc-1b9"/>
      </symbol>
      <symbol id="sm-31a">
         <name>__aeabi_uidivmod</name>
         <value>0x30c5</value>
         <object_component_ref idref="oc-1b9"/>
      </symbol>
      <symbol id="sm-320">
         <name>__aeabi_uldivmod</name>
         <value>0x3501</value>
         <object_component_ref idref="oc-1cc"/>
      </symbol>
      <symbol id="sm-329">
         <name>__eqsf2</name>
         <value>0x31fd</value>
         <object_component_ref idref="oc-19f"/>
      </symbol>
      <symbol id="sm-32a">
         <name>__lesf2</name>
         <value>0x31fd</value>
         <object_component_ref idref="oc-19f"/>
      </symbol>
      <symbol id="sm-32b">
         <name>__ltsf2</name>
         <value>0x31fd</value>
         <object_component_ref idref="oc-19f"/>
      </symbol>
      <symbol id="sm-32c">
         <name>__nesf2</name>
         <value>0x31fd</value>
         <object_component_ref idref="oc-19f"/>
      </symbol>
      <symbol id="sm-32d">
         <name>__cmpsf2</name>
         <value>0x31fd</value>
         <object_component_ref idref="oc-19f"/>
      </symbol>
      <symbol id="sm-32e">
         <name>__gtsf2</name>
         <value>0x3185</value>
         <object_component_ref idref="oc-1a4"/>
      </symbol>
      <symbol id="sm-32f">
         <name>__gesf2</name>
         <value>0x3185</value>
         <object_component_ref idref="oc-1a4"/>
      </symbol>
      <symbol id="sm-335">
         <name>__udivmoddi4</name>
         <value>0x2411</value>
         <object_component_ref idref="oc-1e8"/>
      </symbol>
      <symbol id="sm-33b">
         <name>__aeabi_llsl</name>
         <value>0x3479</value>
         <object_component_ref idref="oc-210"/>
      </symbol>
      <symbol id="sm-33c">
         <name>__ashldi3</name>
         <value>0x3479</value>
         <object_component_ref idref="oc-210"/>
      </symbol>
      <symbol id="sm-34a">
         <name>__ledf2</name>
         <value>0x2a45</value>
         <object_component_ref idref="oc-202"/>
      </symbol>
      <symbol id="sm-34b">
         <name>__gedf2</name>
         <value>0x2951</value>
         <object_component_ref idref="oc-208"/>
      </symbol>
      <symbol id="sm-34c">
         <name>__cmpdf2</name>
         <value>0x2a45</value>
         <object_component_ref idref="oc-202"/>
      </symbol>
      <symbol id="sm-34d">
         <name>__eqdf2</name>
         <value>0x2a45</value>
         <object_component_ref idref="oc-202"/>
      </symbol>
      <symbol id="sm-34e">
         <name>__ltdf2</name>
         <value>0x2a45</value>
         <object_component_ref idref="oc-202"/>
      </symbol>
      <symbol id="sm-34f">
         <name>__nedf2</name>
         <value>0x2a45</value>
         <object_component_ref idref="oc-202"/>
      </symbol>
      <symbol id="sm-350">
         <name>__gtdf2</name>
         <value>0x2951</value>
         <object_component_ref idref="oc-208"/>
      </symbol>
      <symbol id="sm-35c">
         <name>__aeabi_idiv0</name>
         <value>0x26df</value>
         <object_component_ref idref="oc-1db"/>
      </symbol>
      <symbol id="sm-35d">
         <name>__aeabi_ldiv0</name>
         <value>0x29cf</value>
         <object_component_ref idref="oc-20f"/>
      </symbol>
      <symbol id="sm-377">
         <name>memcpy</name>
         <value>0x24b3</value>
         <object_component_ref idref="oc-8f"/>
      </symbol>
      <symbol id="sm-386">
         <name>memset</name>
         <value>0x2bdb</value>
         <object_component_ref idref="oc-be"/>
      </symbol>
      <symbol id="sm-387">
         <name>__TI_static_base__</name>
         <value>0x0</value>
      </symbol>
      <symbol id="sm-38b">
         <name>__mpu_init</name>
         <value>0x0</value>
      </symbol>
      <symbol id="sm-38c">
         <name>_system_post_cinit</name>
         <value>0x0</value>
      </symbol>
   </symbol_table>
   <title>Link successful</title>
</link_info>
