******************************************************************************
            TI ARM Clang Linker PC v4.0.0                      
******************************************************************************
>> Linked Sun May 11 20:28:44 2025

OUTPUT FILE NAME:   <2019D.out>
ENTRY POINT SYMBOL: "_c_int00_noargs"  address: 000046e1


MEMORY CONFIGURATION

         name            origin    length      used     unused   attr    fill
----------------------  --------  ---------  --------  --------  ----  --------
  FLASH                 00000000   00020000  00004c28  0001b3d8  R  X
  SRAM                  20200000   00008000  0000052a  00007ad6  RW X
  BCR_CONFIG            41c00000   000000ff  00000000  000000ff  R   
  BSL_CONFIG            41c00100   00000080  00000000  00000080  R   


SEGMENT ALLOCATION MAP

run origin  load origin   length   init length attrs members
----------  ----------- ---------- ----------- ----- -------
00000000    00000000    00004c28   00004c28    r-x
  00000000    00000000    000000c0   000000c0    r-- .intvecs
  000000c0    000000c0    00004880   00004880    r-x .text
  00004940    00004940    000002b0   000002b0    r-- .rodata
  00004bf0    00004bf0    00000038   00000038    r-- .cinit
20200000    20200000    0000032a   00000000    rw-
  20200000    20200000    000002dc   00000000    rw- .bss
  202002dc    202002dc    0000004e   00000000    rw- .data
20207e00    20207e00    00000200   00000000    rw-
  20207e00    20207e00    00000200   00000000    rw- .stack


SECTION ALLOCATION MAP

 output                                  attributes/
section   page    origin      length       input sections
--------  ----  ----------  ----------   ----------------
.intvecs   0    00000000    000000c0     
                  00000000    000000c0     startup_mspm0g350x_ticlang.o (.intvecs)

.text      0    000000c0    00004880     
                  000000c0    00000a48     libc.a : e_pow.c.obj (.text.pow)
                  00000b08    000009d0            : _printfi.c.obj (.text:__TI_printfi)
                  000014d8    00000654     UserTask.o (.text.PlotAmpFreq)
                  00001b2c    00000360     libc.a : strtof.c.obj (.text.strtof)
                  00001e8c    00000334     UserTask.o (.text.CalOutputImp)
                  000021c0    00000220     libc.a : _printfi.c.obj (.text._pconv_a)
                  000023e0    000001dc            : _printfi.c.obj (.text._pconv_g)
                  000025bc    00000194            : e_log10f.c.obj (.text.log10f)
                  00002750    00000192     libclang_rt.builtins.a : adddf3.S.obj (.text.adddf3_subdf3)
                  000028e2    00000002     startup_mspm0g350x_ticlang.o (.text.Default_Handler)
                  000028e4    00000174     UserTask.o (.text.CalGain)
                  00002a58    00000170     libc.a : e_sqrt.c.obj (.text.sqrt)
                  00002bc8    00000148     UserTask.o (.text.CalInputImp)
                  00002d10    0000013c     libc.a : _printfi.c.obj (.text.fcvt)
                  00002e4c    00000120            : _printfi.c.obj (.text._pconv_e)
                  00002f6c    0000010c     libclang_rt.builtins.a : divdf3.S.obj (.text.__divdf3)
                  00003078    000000e4                            : muldf3.S.obj (.text.__muldf3)
                  0000315c    000000dc     driverlib.a : dl_sysctl_mspm0g1x0x_g3x0x.o (.text.DL_SYSCTL_configSYSPLL)
                  00003238    000000d8     libc.a : s_scalbn.c.obj (.text.scalbn)
                  00003310    000000d8     libclang_rt.builtins.a : addsf3.S.obj (.text)
                  000033e8    000000b0     libc.a : s_scalbnf.c.obj (.text.scalbnf)
                  00003498    000000ac     BTN.o (.text.BTN_getData)
                  00003544    000000a2     libclang_rt.builtins.a : udivmoddi4.S.obj (.text)
                  000035e6    0000009a     libc.a : memcpy16.S.obj (.text:memcpy)
                  00003680    00000094     UserTask.o (.text.Param_update)
                  00003714    0000008c     libclang_rt.builtins.a : mulsf3.S.obj (.text.__mulsf3)
                  000037a0    00000084     ti_msp_dl_config.o (.text.SYSCFG_DL_UART_2_init)
                  00003824    00000082     libclang_rt.builtins.a : divsf3.S.obj (.text.__divsf3)
                  000038a6    00000002                            : aeabi_div0.c.obj (.text.__aeabi_idiv0)
                  000038a8    00000080     ti_msp_dl_config.o (.text.SYSCFG_DL_SYSCTL_init)
                  00003928    00000080     empty.o (.text.UART0_IRQHandler)
                  000039a8    0000007c     ti_msp_dl_config.o (.text.SYSCFG_DL_ADC12_0_init)
                  00003a24    0000007c     Tick.o (.text.SysTick_Handler)
                  00003aa0    0000007c     libc.a : copy_decompress_lzss.c.obj (.text:decompress:lzss)
                  00003b1c    00000074     libclang_rt.builtins.a : comparedf2.c.obj (.text.__gedf2)
                  00003b90    00000074                            : truncdfsf2.S.obj (.text.__truncdfsf2)
                  00003c04    00000068                            : comparedf2.c.obj (.text.__ledf2)
                  00003c6c    00000066     libc.a : _printfi.c.obj (.text._mcpy)
                  00003cd2    00000002     libclang_rt.builtins.a : aeabi_div0.c.obj (.text.__aeabi_ldiv0)
                  00003cd4    00000064     UART.o (.text.sendNum)
                  00003d38    00000062     libclang_rt.builtins.a : aeabi_dcmp.S.obj (.text.__aeabi_dcmp)
                  00003d9a    00000002     --HOLE-- [fill = 0]
                  00003d9c    00000062                            : aeabi_fcmp.S.obj (.text.__aeabi_fcmp)
                  00003dfe    00000062     libc.a : memset16.S.obj (.text:memset)
                  00003e60    00000060     ti_msp_dl_config.o (.text.SYSCFG_DL_GPIO_init)
                  00003ec0    00000060     ti_msp_dl_config.o (.text.SYSCFG_DL_UART_0_init)
                  00003f20    00000060     ti_msp_dl_config.o (.text.SYSCFG_DL_UART_1_init)
                  00003f80    0000005c     UserTask.o (.text.BTNScan)
                  00003fdc    0000005c     libc.a : s_frexp.c.obj (.text.frexp)
                  00004038    00000058            : _ltoa.c.obj (.text.__TI_ltoa)
                  00004090    00000058            : _printfi.c.obj (.text._pconv_f)
                  000040e8    00000056     libclang_rt.builtins.a : aeabi_idivmod.S.obj (.text.__aeabi_idivmod)
                  0000413e    00000002     --HOLE-- [fill = 0]
                  00004140    00000054     ti_msp_dl_config.o (.text.SYSCFG_DL_initPower)
                  00004194    00000052     libc.a : _printfi.c.obj (.text._ecpy)
                  000041e6    00000002     --HOLE-- [fill = 0]
                  000041e8    0000004a     libclang_rt.builtins.a : fixdfsi.S.obj (.text.__fixdfsi)
                  00004232    00000002     --HOLE-- [fill = 0]
                  00004234    00000048     driverlib.a : dl_uart.o (.text.DL_UART_init)
                  0000427c    00000044                 : dl_sysctl_mspm0g1x0x_g3x0x.o (.text.DL_SYSCTL_switchMCLKfromSYSOSCtoHSCLK)
                  000042c0    00000040                 : dl_adc12.o (.text.DL_ADC12_setClockConfig)
                  00004300    00000040     libclang_rt.builtins.a : aeabi_uidivmod.S.obj (.text.__aeabi_uidivmod)
                  00004340    00000040                            : extendsfdf2.S.obj (.text.__extendsfdf2)
                  00004380    00000040     libc.a : atoi.c.obj (.text.atoi)
                  000043c0    0000003c     libclang_rt.builtins.a : floatsisf.S.obj (.text.__floatsisf)
                  000043fc    0000003c                            : comparesf2.S.obj (.text.__gtsf2)
                  00004438    0000003c     libc.a : autoinit.c.obj (.text:__TI_auto_init_nobinit_nopinit)
                  00004474    0000003a     libclang_rt.builtins.a : comparesf2.S.obj (.text.__eqsf2)
                  000044ae    00000002     --HOLE-- [fill = 0]
                  000044b0    0000003a                            : muldsi3.S.obj (.text.__muldsi3)
                  000044ea    00000002     --HOLE-- [fill = 0]
                  000044ec    00000038                            : fixsfsi.S.obj (.text.__fixsfsi)
                  00004524    00000038     GUI.o (.text.draw_line)
                  0000455c    00000038     libc.a : sprintf.c.obj (.text.sprintf)
                  00004594    00000034     UserTask.o (.text.TaskScan)
                  000045c8    00000034     UART.o (.text.sendString)
                  000045fc    00000030     ti_msp_dl_config.o (.text.SYSCFG_DL_SYSTICK_init)
                  0000462c    00000030     ti_msp_dl_config.o (.text.SYSCFG_DL_init)
                  0000465c    00000030     libc.a : _printfi.c.obj (.text._fcpy)
                  0000468c    0000002c     libclang_rt.builtins.a : floatsidf.S.obj (.text.__floatsidf)
                  000046b8    00000028                            : floatunsisf.S.obj (.text.__floatunsisf)
                  000046e0    00000028     libc.a : boot_cortex_m.c.obj (.text:_c_int00_noargs)
                  00004708    00000024     empty.o (.text.ADC0_IRQHandler)
                  0000472c    00000024     libclang_rt.builtins.a : muldi3.S.obj (.text.__muldi3)
                  00004750    00000022     libc.a : memccpy.c.obj (.text.memccpy)
                  00004772    00000002     --HOLE-- [fill = 0]
                  00004774    0000001e     libclang_rt.builtins.a : ashldi3.S.obj (.text.__ashldi3)
                  00004792    0000001e     empty.o (.text.main)
                  000047b0    00000018     libc.a : sprintf.c.obj (.text._outs)
                  000047c8    00000016            : copy_zero_init.c.obj (.text:decompress:ZI:__TI_zero_init_nomemset)
                  000047de    00000002     --HOLE-- [fill = 0]
                  000047e0    00000014     libclang_rt.builtins.a : aeabi_uldivmod.S.obj (.text.__aeabi_uldivmod)
                  000047f4    00000014     libc.a : _printfi.c.obj (.text.strchr)
                  00004808    00000012     driverlib.a : dl_uart.o (.text.DL_UART_setClockConfig)
                  0000481a    00000012     libc.a : copy_decompress_none.c.obj (.text:decompress:none)
                  0000482c    00000010            : wcslen.c.obj (.text.wcslen)
                  0000483c    0000000e     libclang_rt.builtins.a : aeabi_memset.S.obj (.text.__aeabi_memset)
                  0000484a    0000000e     libc.a : _printfi.c.obj (.text.strlen)
                  00004858    0000000a     driverlib.a : dl_common.o (.text.DL_Common_delayCycles)
                  00004862    0000000a     libc.a : _printfi.c.obj (.text.OUTLINED_FUNCTION_0)
                  0000486c    00000010     libclang_rt.builtins.a : adddf3.S.obj (.tramp.__aeabi_dsub.1)
                  0000487c    0000000a     libc.a : e_pow.c.obj (.text.OUTLINED_FUNCTION_0)
                  00004886    00000002     --HOLE-- [fill = 0]
                  00004888    00000010     libclang_rt.builtins.a : muldf3.S.obj (.tramp.__aeabi_dmul.1)
                  00004898    0000000a     libc.a : _printfi.c.obj (.text.OUTLINED_FUNCTION_1)
                  000048a2    0000000a            : e_pow.c.obj (.text.OUTLINED_FUNCTION_1)
                  000048ac    0000000a            : e_pow.c.obj (.text.OUTLINED_FUNCTION_6)
                  000048b6    0000000a            : sprintf.c.obj (.text._outc)
                  000048c0    00000008            : strtof.c.obj (.text.OUTLINED_FUNCTION_0)
                  000048c8    00000008            : e_pow.c.obj (.text.OUTLINED_FUNCTION_2)
                  000048d0    00000008            : aeabi_portable.c.obj (.text.__aeabi_errno_addr)
                  000048d8    00000008     libclang_rt.builtins.a : aeabi_memcpy.S.obj (.text.__aeabi_memcpy)
                  000048e0    00000006     libc.a : e_pow.c.obj (.text.OUTLINED_FUNCTION_3)
                  000048e6    00000002     --HOLE-- [fill = 0]
                  000048e8    00000010     libclang_rt.builtins.a : adddf3.S.obj (.tramp.__aeabi_dadd.1)
                  000048f8    00000006     libc.a : e_pow.c.obj (.text.OUTLINED_FUNCTION_4)
                  000048fe    00000006            : e_pow.c.obj (.text.OUTLINED_FUNCTION_5)
                  00004904    00000004            : e_log10f.c.obj (.text.OUTLINED_FUNCTION_0)
                  00004908    00000010     libclang_rt.builtins.a : mulsf3.S.obj (.tramp.__aeabi_fmul.1)
                  00004918    00000004     libc.a : e_pow.c.obj (.text.OUTLINED_FUNCTION_10)
                  0000491c    00000004            : e_pow.c.obj (.text.OUTLINED_FUNCTION_7)
                  00004920    00000004            : e_pow.c.obj (.text.OUTLINED_FUNCTION_8)
                  00004924    00000004            : e_pow.c.obj (.text.OUTLINED_FUNCTION_9)
                  00004928    00000004     startup_mspm0g350x_ticlang.o (.text.Reset_Handler)
                  0000492c    00000004     libc.a : pre_init.c.obj (.text._system_pre_init)
                  00004930    00000004            : exit.c.obj (.text:abort)
                  00004934    0000000c     --HOLE-- [fill = 0]

.cinit     0    00004bf0    00000038     
                  00004bf0    00000010     (.cinit..data.load) [load image, compression = lzss]
                  00004c00    0000000c     (__TI_handler_table)
                  00004c0c    00000008     (.cinit..bss.load) [load image, compression = zero_init]
                  00004c14    00000010     (__TI_cinit_table)
                  00004c24    00000004     --HOLE-- [fill = 0]

.rodata    0    00004940    000002b0     
                  00004940    00000101     libc.a : aeabi_ctype.S.obj (.rodata:__aeabi_ctype_table_)
                  00004a41    00000003     UserTask.o (.rodata.str1.107446084261415988571)
                  00004a44    00000040     libc.a : strtof.c.obj (.rodata.digits)
                  00004a84    00000002     ti_msp_dl_config.o (.rodata.gUART_0ClockConfig)
                  00004a86    00000002     ti_msp_dl_config.o (.rodata.gUART_1ClockConfig)
                  00004a88    00000030     libc.a : e_pow.c.obj (.rodata.cst16)
                  00004ab8    00000028     ti_msp_dl_config.o (.rodata.gSYSPLLConfig)
                  00004ae0    00000018     libc.a : strtof.c.obj (.rodata.powerof10)
                  00004af8    00000017     GUI.o (.rodata.str1.120676110851758475981)
                  00004b0f    00000014     UserTask.o (.rodata.str1.115149161963000102341)
                  00004b23    00000014     UserTask.o (.rodata.str1.16414507433298270261)
                  00004b37    00000012     UserTask.o (.rodata.str1.57223875271773434171)
                  00004b49    00000011     libc.a : _printfi.c.obj (.rodata.str1.103488685894817597201)
                  00004b5a    00000011     UserTask.o (.rodata.str1.117870265435443933371)
                  00004b6b    00000011     UserTask.o (.rodata.str1.118770860989420949841)
                  00004b7c    00000011     libc.a : _printfi.c.obj (.rodata.str1.153638888446227384661)
                  00004b8d    00000011     UserTask.o (.rodata.str1.155156317567332842551)
                  00004b9e    0000000c     UserTask.o (.rodata.str1.100620717920120445261)
                  00004baa    0000000c     UserTask.o (.rodata.str1.56394343083413634591)
                  00004bb6    0000000a     ti_msp_dl_config.o (.rodata.gUART_0Config)
                  00004bc0    0000000a     ti_msp_dl_config.o (.rodata.gUART_1Config)
                  00004bca    0000000a     ti_msp_dl_config.o (.rodata.gUART_2Config)
                  00004bd4    00000008     ti_msp_dl_config.o (.rodata.gADC12_0ClockConfig)
                  00004bdc    00000007     UART.o (.rodata.str1.184222210015547160471)
                  00004be3    00000007     UserTask.o (.rodata.str1.1903453639569518351)
                  00004bea    00000002     ti_msp_dl_config.o (.rodata.gUART_2ClockConfig)
                  00004bec    00000004     --HOLE-- [fill = 0]

.init_array 
*          0    00000000    00000000     UNINITIALIZED

.binit     0    00000000    00000000     

.bss       0    20200000    000002dc     UNINITIALIZED
                  20200000    00000100     (.common:freq_buffer)
                  20200100    00000100     (.common:gain_buffer)
                  20200200    00000064     (.common:str)
                  20200264    00000030     (.common:gUART_1Backup)
                  20200294    0000001e     (.common:uart_rx_buffer)
                  202002b2    00000002     --HOLE--
                  202002b4    00000014     (.common:Vout_Load_buffer)
                  202002c8    00000014     (.common:Vout_Open_buffer)

.data      0    202002dc    0000004e     UNINITIALIZED
                  202002dc    00000010     empty.o (.data.c_param)
                  202002ec    0000000a     BTN.o (.data.BTNTick)
                  202002f6    00000005     empty.o (.data.BTNData)
                  202002fb    00000001     empty.o (.data.GainState)
                  202002fc    00000004     Tick.o (.data.Tick)
                  20200300    00000004     empty.o (.data.Vout_Load)
                  20200304    00000004     empty.o (.data.Vout_Open)
                  20200308    00000004     libc.a : aeabi_portable.c.obj (.data.__aeabi_errno)
                  2020030c    00000004     Tick.o (.data.delay_times)
                  20200310    00000004     empty.o (.data.input_amp)
                  20200314    00000004     empty.o (.data.input_freq)
                  20200318    00000002     empty.o (.data.lastX)
                  2020031a    00000002     empty.o (.data.lastY)
                  2020031c    00000002     empty.o (.data.point_index)
                  2020031e    00000001     empty.o (.data.InputImpState)
                  2020031f    00000001     empty.o (.data.Out_state)
                  20200320    00000001     empty.o (.data.OutputImpState)
                  20200321    00000001     empty.o (.data.PlotState)
                  20200322    00000001     empty.o (.data.TaskMark)
                  20200323    00000001     empty.o (.data.Vout_flag)
                  20200324    00000001     empty.o (.data.count_load)
                  20200325    00000001     empty.o (.data.count_open)
                  20200326    00000001     empty.o (.data.gCheckADC)
                  20200327    00000001     empty.o (.data.uart_rx_finish)
                  20200328    00000001     empty.o (.data.uart_rx_index)
                  20200329    00000001     empty.o (.data.vout_index)

.stack     0    20207e00    00000200     UNINITIALIZED
                  20207e00    00000004     libc.a : boot_cortex_m.c.obj (.stack)
                  20207e04    000001fc     --HOLE--

__llvm_prf_cnts 
*          0    20200000    00000000     UNINITIALIZED

__llvm_prf_bits 
*          0    20200000    00000000     UNINITIALIZED

MODULE SUMMARY

       Module                         code    ro data   rw data
       ------                         ----    -------   -------
    .\
       ti_msp_dl_config.o             852     84        48     
       empty.o                        194     0         638    
       startup_mspm0g350x_ticlang.o   6       192       0      
    +--+------------------------------+-------+---------+---------+
       Total:                         1052    276       686    
                                                               
    .\USER\BTN\
       BTN.o                          172     0         10     
    +--+------------------------------+-------+---------+---------+
       Total:                         172     0         10     
                                                               
    .\USER\GUI\
       GUI.o                          56      23        100    
    +--+------------------------------+-------+---------+---------+
       Total:                         56      23        100    
                                                               
    .\USER\TICK\
       Tick.o                         124     0         8      
    +--+------------------------------+-------+---------+---------+
       Total:                         124     0         8      
                                                               
    .\USER\UART\
       UART.o                         152     7         0      
    +--+------------------------------+-------+---------+---------+
       Total:                         152     7         0      
                                                               
    .\USER\USERTASK\
       UserTask.o                     3432    143       0      
    +--+------------------------------+-------+---------+---------+
       Total:                         3432    143       0      
                                                               
    C:/ti/mspm0_sdk_2_04_00_06/source/ti/driverlib/lib/ticlang/m0p/mspm0g1x0x_g3x0x/driverlib.a
       dl_sysctl_mspm0g1x0x_g3x0x.o   288     0         0      
       dl_uart.o                      90      0         0      
       dl_adc12.o                     64      0         0      
       dl_common.o                    10      0         0      
    +--+------------------------------+-------+---------+---------+
       Total:                         452     0         0      
                                                               
    C:\ti\ccstheia151\ccs\tools\compiler\ti-cgt-armllvm_4.0.0.LTS\lib\armv6m-ti-none-eabi/c/libc.a
       _printfi.c.obj                 4510    34        0      
       e_pow.c.obj                    2704    48        0      
       strtof.c.obj                   872     88        0      
       e_log10f.c.obj                 408     0         0      
       e_sqrt.c.obj                   368     0         0      
       aeabi_ctype.S.obj              0       257       0      
       s_scalbn.c.obj                 216     0         0      
       s_scalbnf.c.obj                176     0         0      
       memcpy16.S.obj                 154     0         0      
       copy_decompress_lzss.c.obj     124     0         0      
       memset16.S.obj                 98      0         0      
       s_frexp.c.obj                  92      0         0      
       sprintf.c.obj                  90      0         0      
       _ltoa.c.obj                    88      0         0      
       atoi.c.obj                     64      0         0      
       autoinit.c.obj                 60      0         0      
       boot_cortex_m.c.obj            40      0         0      
       memccpy.c.obj                  34      0         0      
       copy_zero_init.c.obj           22      0         0      
       copy_decompress_none.c.obj     18      0         0      
       wcslen.c.obj                   16      0         0      
       aeabi_portable.c.obj           8       0         4      
       exit.c.obj                     4       0         0      
       pre_init.c.obj                 4       0         0      
    +--+------------------------------+-------+---------+---------+
       Total:                         10170   427       4      
                                                               
    C:\ti\ccstheia151\ccs\tools\compiler\ti-cgt-armllvm_4.0.0.LTS\lib\armv6m-ti-none-eabi/libclang_rt.builtins.a
       adddf3.S.obj                   434     0         0      
       divdf3.S.obj                   268     0         0      
       muldf3.S.obj                   244     0         0      
       comparedf2.c.obj               220     0         0      
       addsf3.S.obj                   216     0         0      
       udivmoddi4.S.obj               162     0         0      
       mulsf3.S.obj                   156     0         0      
       divsf3.S.obj                   130     0         0      
       comparesf2.S.obj               118     0         0      
       truncdfsf2.S.obj               116     0         0      
       aeabi_dcmp.S.obj               98      0         0      
       aeabi_fcmp.S.obj               98      0         0      
       aeabi_idivmod.S.obj            86      0         0      
       fixdfsi.S.obj                  74      0         0      
       aeabi_uidivmod.S.obj           64      0         0      
       extendsfdf2.S.obj              64      0         0      
       floatsisf.S.obj                60      0         0      
       muldsi3.S.obj                  58      0         0      
       fixsfsi.S.obj                  56      0         0      
       floatsidf.S.obj                44      0         0      
       floatunsisf.S.obj              40      0         0      
       muldi3.S.obj                   36      0         0      
       ashldi3.S.obj                  30      0         0      
       aeabi_uldivmod.S.obj           20      0         0      
       aeabi_memset.S.obj             14      0         0      
       aeabi_memcpy.S.obj             8       0         0      
       aeabi_div0.c.obj               4       0         0      
    +--+------------------------------+-------+---------+---------+
       Total:                         2918    0         0      
                                                               
       Stack:                         0       0         512    
       Linker Generated:              0       52        0      
    +--+------------------------------+-------+---------+---------+
       Grand Total:                   18528   928       1320   


LINKER GENERATED COPY TABLES

__TI_cinit_table @ 00004c14 records: 2, size/record: 8, table size: 16
	.data: load addr=00004bf0, load size=00000010 bytes, run addr=202002dc, run size=0000004e bytes, compression=lzss
	.bss: load addr=00004c0c, load size=00000008 bytes, run addr=20200000, run size=000002dc bytes, compression=zero_init


LINKER GENERATED HANDLER TABLE

__TI_handler_table @ 00004c00 records: 3, size/record: 4, table size: 12
	index: 0, handler: __TI_decompress_lzss
	index: 1, handler: __TI_decompress_none
	index: 2, handler: __TI_zero_init


FAR CALL TRAMPOLINES

callee name               trampoline name
   callee addr  tramp addr   call addr  call info
--------------  -----------  ---------  ----------------
__aeabi_dsub              $Tramp$TT$L$PI$$__aeabi_dsub
   00002751     0000486c     0000486a   libc.a : _printfi.c.obj (.text.OUTLINED_FUNCTION_0)
                             000048ce          : e_pow.c.obj (.text.OUTLINED_FUNCTION_2)
__aeabi_dmul              $Tramp$TT$L$PI$$__aeabi_dmul
   00003079     00004888     00004884   libc.a : e_pow.c.obj (.text.OUTLINED_FUNCTION_0)
                             000048aa          : e_pow.c.obj (.text.OUTLINED_FUNCTION_1)
                             000048b4          : e_pow.c.obj (.text.OUTLINED_FUNCTION_6)
                             000048fc          : e_pow.c.obj (.text.OUTLINED_FUNCTION_4)
                             00004902          : e_pow.c.obj (.text.OUTLINED_FUNCTION_5)
                             00004922          : e_pow.c.obj (.text.OUTLINED_FUNCTION_8)
__aeabi_dadd              $Tramp$TT$L$PI$$__aeabi_dadd
   0000275b     000048e8     000048e4   libc.a : e_pow.c.obj (.text.OUTLINED_FUNCTION_3)
                             0000491a          : e_pow.c.obj (.text.OUTLINED_FUNCTION_10)
                             0000491e          : e_pow.c.obj (.text.OUTLINED_FUNCTION_7)
                             00004926          : e_pow.c.obj (.text.OUTLINED_FUNCTION_9)
__aeabi_fmul              $Tramp$TT$L$PI$$__aeabi_fmul
   00003715     00004908     00004906   libc.a : e_log10f.c.obj (.text.OUTLINED_FUNCTION_0)

[4 trampolines]
[13 trampoline calls]


GLOBAL SYMBOLS: SORTED ALPHABETICALLY BY Name 

address   name                                 
-------   ----                                 
00004709  ADC0_IRQHandler                      
000028e3  ADC1_IRQHandler                      
000028e3  AES_IRQHandler                       
202002f6  BTNData                              
00003f81  BTNScan                              
202002ec  BTNTick                              
00003499  BTN_getData                          
00004930  C$$EXIT                              
000028e3  CANFD0_IRQHandler                    
000028e5  CalGain                              
00002bc9  CalInputImp                          
00001e8d  CalOutputImp                         
000028e3  DAC0_IRQHandler                      
000042c1  DL_ADC12_setClockConfig              
00004859  DL_Common_delayCycles                
0000315d  DL_SYSCTL_configSYSPLL               
0000427d  DL_SYSCTL_switchMCLKfromSYSOSCtoHSCLK
00004235  DL_UART_init                         
00004809  DL_UART_setClockConfig               
000028e3  DMA_IRQHandler                       
000028e3  Default_Handler                      
000028e3  GROUP0_IRQHandler                    
000028e3  GROUP1_IRQHandler                    
202002fb  GainState                            
000028e3  HardFault_Handler                    
000028e3  I2C0_IRQHandler                      
000028e3  I2C1_IRQHandler                      
2020031e  InputImpState                        
000028e3  NMI_Handler                          
2020031f  Out_state                            
20200320  OutputImpState                       
00003681  Param_update                         
000028e3  PendSV_Handler                       
000014d9  PlotAmpFreq                          
20200321  PlotState                            
000028e3  RTC_IRQHandler                       
00004929  Reset_Handler                        
000028e3  SPI0_IRQHandler                      
000028e3  SPI1_IRQHandler                      
000028e3  SVC_Handler                          
000039a9  SYSCFG_DL_ADC12_0_init               
00003e61  SYSCFG_DL_GPIO_init                  
000038a9  SYSCFG_DL_SYSCTL_init                
000045fd  SYSCFG_DL_SYSTICK_init               
00003ec1  SYSCFG_DL_UART_0_init                
00003f21  SYSCFG_DL_UART_1_init                
000037a1  SYSCFG_DL_UART_2_init                
0000462d  SYSCFG_DL_init                       
00004141  SYSCFG_DL_initPower                  
00003a25  SysTick_Handler                      
000028e3  TIMA0_IRQHandler                     
000028e3  TIMA1_IRQHandler                     
000028e3  TIMG0_IRQHandler                     
000028e3  TIMG12_IRQHandler                    
000028e3  TIMG6_IRQHandler                     
000028e3  TIMG7_IRQHandler                     
000028e3  TIMG8_IRQHandler                     
20200322  TaskMark                             
00004595  TaskScan                             
202002fc  Tick                                 
00003929  UART0_IRQHandler                     
000028e3  UART1_IRQHandler                     
000028e3  UART2_IRQHandler                     
000028e3  UART3_IRQHandler                     
20200300  Vout_Load                            
202002b4  Vout_Load_buffer                     
20200304  Vout_Open                            
202002c8  Vout_Open_buffer                     
20200323  Vout_flag                            
20208000  __STACK_END                          
00000200  __STACK_SIZE                         
00000000  __TI_ATRegion0_region_sz             
00000000  __TI_ATRegion0_src_addr              
00000000  __TI_ATRegion0_trg_addr              
00000000  __TI_ATRegion1_region_sz             
00000000  __TI_ATRegion1_src_addr              
00000000  __TI_ATRegion1_trg_addr              
00000000  __TI_ATRegion2_region_sz             
00000000  __TI_ATRegion2_src_addr              
00000000  __TI_ATRegion2_trg_addr              
00004c14  __TI_CINIT_Base                      
00004c24  __TI_CINIT_Limit                     
00004c24  __TI_CINIT_Warm                      
00004c00  __TI_Handler_Table_Base              
00004c0c  __TI_Handler_Table_Limit             
00004439  __TI_auto_init_nobinit_nopinit       
00003aa1  __TI_decompress_lzss                 
0000481b  __TI_decompress_none                 
00004039  __TI_ltoa                            
ffffffff  __TI_pprof_out_hndl                  
00000b09  __TI_printfi                         
ffffffff  __TI_prof_data_size                  
ffffffff  __TI_prof_data_start                 
00000000  __TI_static_base__                   
000047c9  __TI_zero_init_nomemset              
0000275b  __adddf3                             
0000331b  __addsf3                             
00004940  __aeabi_ctype_table_                 
00004940  __aeabi_ctype_table_C                
00003b91  __aeabi_d2f                          
000041e9  __aeabi_d2iz                         
0000275b  __aeabi_dadd                         
00003d39  __aeabi_dcmpeq                       
00003d75  __aeabi_dcmpge                       
00003d89  __aeabi_dcmpgt                       
00003d61  __aeabi_dcmple                       
00003d4d  __aeabi_dcmplt                       
00002f6d  __aeabi_ddiv                         
00003079  __aeabi_dmul                         
00002751  __aeabi_dsub                         
20200308  __aeabi_errno                        
000048d1  __aeabi_errno_addr                   
00004341  __aeabi_f2d                          
000044ed  __aeabi_f2iz                         
0000331b  __aeabi_fadd                         
00003d9d  __aeabi_fcmpeq                       
00003dd9  __aeabi_fcmpge                       
00003ded  __aeabi_fcmpgt                       
00003dc5  __aeabi_fcmple                       
00003db1  __aeabi_fcmplt                       
00003825  __aeabi_fdiv                         
00003715  __aeabi_fmul                         
00003311  __aeabi_fsub                         
0000468d  __aeabi_i2d                          
000043c1  __aeabi_i2f                          
000040e9  __aeabi_idiv                         
000038a7  __aeabi_idiv0                        
000040e9  __aeabi_idivmod                      
00003cd3  __aeabi_ldiv0                        
00004775  __aeabi_llsl                         
0000472d  __aeabi_lmul                         
000048d9  __aeabi_memcpy                       
000048d9  __aeabi_memcpy4                      
000048d9  __aeabi_memcpy8                      
0000483d  __aeabi_memset                       
0000483d  __aeabi_memset4                      
0000483d  __aeabi_memset8                      
000046b9  __aeabi_ui2f                         
00004301  __aeabi_uidiv                        
00004301  __aeabi_uidivmod                     
000047e1  __aeabi_uldivmod                     
00004775  __ashldi3                            
ffffffff  __binit__                            
00003c05  __cmpdf2                             
00004475  __cmpsf2                             
00002f6d  __divdf3                             
00003825  __divsf3                             
00003c05  __eqdf2                              
00004475  __eqsf2                              
00004341  __extendsfdf2                        
000041e9  __fixdfsi                            
000044ed  __fixsfsi                            
0000468d  __floatsidf                          
000043c1  __floatsisf                          
000046b9  __floatunsisf                        
00003b1d  __gedf2                              
000043fd  __gesf2                              
00003b1d  __gtdf2                              
000043fd  __gtsf2                              
00003c05  __ledf2                              
00004475  __lesf2                              
00003c05  __ltdf2                              
00004475  __ltsf2                              
UNDEFED   __mpu_init                           
00003079  __muldf3                             
0000472d  __muldi3                             
000044b1  __muldsi3                            
00003715  __mulsf3                             
00003c05  __nedf2                              
00004475  __nesf2                              
20207e00  __stack                              
20200000  __start___llvm_prf_bits              
20200000  __start___llvm_prf_cnts              
20200000  __stop___llvm_prf_bits               
20200000  __stop___llvm_prf_cnts               
00002751  __subdf3                             
00003311  __subsf3                             
00003b91  __truncdfsf2                         
00003545  __udivmoddi4                         
000046e1  _c_int00_noargs                      
UNDEFED   _system_post_cinit                   
0000492d  _system_pre_init                     
00004931  abort                                
00004381  atoi                                 
ffffffff  binit                                
202002dc  c_param                              
20200324  count_load                           
20200325  count_open                           
2020030c  delay_times                          
00004525  draw_line                            
20200000  freq_buffer                          
00003fdd  frexp                                
00003fdd  frexpl                               
20200326  gCheckADC                            
20200264  gUART_1Backup                        
20200100  gain_buffer                          
20200310  input_amp                            
20200314  input_freq                           
00000000  interruptVectors                     
20200318  lastX                                
2020031a  lastY                                
00003239  ldexp                                
000033e9  ldexpf                               
00003239  ldexpl                               
000025bd  log10f                               
00004793  main                                 
00004751  memccpy                              
000035e7  memcpy                               
00003dff  memset                               
2020031c  point_index                          
000000c1  pow                                  
000000c1  powl                                 
00003239  scalbn                               
000033e9  scalbnf                              
00003239  scalbnl                              
00003cd5  sendNum                              
000045c9  sendString                           
0000455d  sprintf                              
00002a59  sqrt                                 
00002a59  sqrtl                                
20200200  str                                  
00001b2d  strtof                               
20200294  uart_rx_buffer                       
20200327  uart_rx_finish                       
20200328  uart_rx_index                        
20200329  vout_index                           
0000482d  wcslen                               


GLOBAL SYMBOLS: SORTED BY Symbol Address 

address   name                                 
-------   ----                                 
00000000  __TI_ATRegion0_region_sz             
00000000  __TI_ATRegion0_src_addr              
00000000  __TI_ATRegion0_trg_addr              
00000000  __TI_ATRegion1_region_sz             
00000000  __TI_ATRegion1_src_addr              
00000000  __TI_ATRegion1_trg_addr              
00000000  __TI_ATRegion2_region_sz             
00000000  __TI_ATRegion2_src_addr              
00000000  __TI_ATRegion2_trg_addr              
00000000  __TI_static_base__                   
00000000  interruptVectors                     
000000c1  pow                                  
000000c1  powl                                 
00000200  __STACK_SIZE                         
00000b09  __TI_printfi                         
000014d9  PlotAmpFreq                          
00001b2d  strtof                               
00001e8d  CalOutputImp                         
000025bd  log10f                               
00002751  __aeabi_dsub                         
00002751  __subdf3                             
0000275b  __adddf3                             
0000275b  __aeabi_dadd                         
000028e3  ADC1_IRQHandler                      
000028e3  AES_IRQHandler                       
000028e3  CANFD0_IRQHandler                    
000028e3  DAC0_IRQHandler                      
000028e3  DMA_IRQHandler                       
000028e3  Default_Handler                      
000028e3  GROUP0_IRQHandler                    
000028e3  GROUP1_IRQHandler                    
000028e3  HardFault_Handler                    
000028e3  I2C0_IRQHandler                      
000028e3  I2C1_IRQHandler                      
000028e3  NMI_Handler                          
000028e3  PendSV_Handler                       
000028e3  RTC_IRQHandler                       
000028e3  SPI0_IRQHandler                      
000028e3  SPI1_IRQHandler                      
000028e3  SVC_Handler                          
000028e3  TIMA0_IRQHandler                     
000028e3  TIMA1_IRQHandler                     
000028e3  TIMG0_IRQHandler                     
000028e3  TIMG12_IRQHandler                    
000028e3  TIMG6_IRQHandler                     
000028e3  TIMG7_IRQHandler                     
000028e3  TIMG8_IRQHandler                     
000028e3  UART1_IRQHandler                     
000028e3  UART2_IRQHandler                     
000028e3  UART3_IRQHandler                     
000028e5  CalGain                              
00002a59  sqrt                                 
00002a59  sqrtl                                
00002bc9  CalInputImp                          
00002f6d  __aeabi_ddiv                         
00002f6d  __divdf3                             
00003079  __aeabi_dmul                         
00003079  __muldf3                             
0000315d  DL_SYSCTL_configSYSPLL               
00003239  ldexp                                
00003239  ldexpl                               
00003239  scalbn                               
00003239  scalbnl                              
00003311  __aeabi_fsub                         
00003311  __subsf3                             
0000331b  __addsf3                             
0000331b  __aeabi_fadd                         
000033e9  ldexpf                               
000033e9  scalbnf                              
00003499  BTN_getData                          
00003545  __udivmoddi4                         
000035e7  memcpy                               
00003681  Param_update                         
00003715  __aeabi_fmul                         
00003715  __mulsf3                             
000037a1  SYSCFG_DL_UART_2_init                
00003825  __aeabi_fdiv                         
00003825  __divsf3                             
000038a7  __aeabi_idiv0                        
000038a9  SYSCFG_DL_SYSCTL_init                
00003929  UART0_IRQHandler                     
000039a9  SYSCFG_DL_ADC12_0_init               
00003a25  SysTick_Handler                      
00003aa1  __TI_decompress_lzss                 
00003b1d  __gedf2                              
00003b1d  __gtdf2                              
00003b91  __aeabi_d2f                          
00003b91  __truncdfsf2                         
00003c05  __cmpdf2                             
00003c05  __eqdf2                              
00003c05  __ledf2                              
00003c05  __ltdf2                              
00003c05  __nedf2                              
00003cd3  __aeabi_ldiv0                        
00003cd5  sendNum                              
00003d39  __aeabi_dcmpeq                       
00003d4d  __aeabi_dcmplt                       
00003d61  __aeabi_dcmple                       
00003d75  __aeabi_dcmpge                       
00003d89  __aeabi_dcmpgt                       
00003d9d  __aeabi_fcmpeq                       
00003db1  __aeabi_fcmplt                       
00003dc5  __aeabi_fcmple                       
00003dd9  __aeabi_fcmpge                       
00003ded  __aeabi_fcmpgt                       
00003dff  memset                               
00003e61  SYSCFG_DL_GPIO_init                  
00003ec1  SYSCFG_DL_UART_0_init                
00003f21  SYSCFG_DL_UART_1_init                
00003f81  BTNScan                              
00003fdd  frexp                                
00003fdd  frexpl                               
00004039  __TI_ltoa                            
000040e9  __aeabi_idiv                         
000040e9  __aeabi_idivmod                      
00004141  SYSCFG_DL_initPower                  
000041e9  __aeabi_d2iz                         
000041e9  __fixdfsi                            
00004235  DL_UART_init                         
0000427d  DL_SYSCTL_switchMCLKfromSYSOSCtoHSCLK
000042c1  DL_ADC12_setClockConfig              
00004301  __aeabi_uidiv                        
00004301  __aeabi_uidivmod                     
00004341  __aeabi_f2d                          
00004341  __extendsfdf2                        
00004381  atoi                                 
000043c1  __aeabi_i2f                          
000043c1  __floatsisf                          
000043fd  __gesf2                              
000043fd  __gtsf2                              
00004439  __TI_auto_init_nobinit_nopinit       
00004475  __cmpsf2                             
00004475  __eqsf2                              
00004475  __lesf2                              
00004475  __ltsf2                              
00004475  __nesf2                              
000044b1  __muldsi3                            
000044ed  __aeabi_f2iz                         
000044ed  __fixsfsi                            
00004525  draw_line                            
0000455d  sprintf                              
00004595  TaskScan                             
000045c9  sendString                           
000045fd  SYSCFG_DL_SYSTICK_init               
0000462d  SYSCFG_DL_init                       
0000468d  __aeabi_i2d                          
0000468d  __floatsidf                          
000046b9  __aeabi_ui2f                         
000046b9  __floatunsisf                        
000046e1  _c_int00_noargs                      
00004709  ADC0_IRQHandler                      
0000472d  __aeabi_lmul                         
0000472d  __muldi3                             
00004751  memccpy                              
00004775  __aeabi_llsl                         
00004775  __ashldi3                            
00004793  main                                 
000047c9  __TI_zero_init_nomemset              
000047e1  __aeabi_uldivmod                     
00004809  DL_UART_setClockConfig               
0000481b  __TI_decompress_none                 
0000482d  wcslen                               
0000483d  __aeabi_memset                       
0000483d  __aeabi_memset4                      
0000483d  __aeabi_memset8                      
00004859  DL_Common_delayCycles                
000048d1  __aeabi_errno_addr                   
000048d9  __aeabi_memcpy                       
000048d9  __aeabi_memcpy4                      
000048d9  __aeabi_memcpy8                      
00004929  Reset_Handler                        
0000492d  _system_pre_init                     
00004930  C$$EXIT                              
00004931  abort                                
00004940  __aeabi_ctype_table_                 
00004940  __aeabi_ctype_table_C                
00004c00  __TI_Handler_Table_Base              
00004c0c  __TI_Handler_Table_Limit             
00004c14  __TI_CINIT_Base                      
00004c24  __TI_CINIT_Limit                     
00004c24  __TI_CINIT_Warm                      
20200000  __start___llvm_prf_bits              
20200000  __start___llvm_prf_cnts              
20200000  __stop___llvm_prf_bits               
20200000  __stop___llvm_prf_cnts               
20200000  freq_buffer                          
20200100  gain_buffer                          
20200200  str                                  
20200264  gUART_1Backup                        
20200294  uart_rx_buffer                       
202002b4  Vout_Load_buffer                     
202002c8  Vout_Open_buffer                     
202002dc  c_param                              
202002ec  BTNTick                              
202002f6  BTNData                              
202002fb  GainState                            
202002fc  Tick                                 
20200300  Vout_Load                            
20200304  Vout_Open                            
20200308  __aeabi_errno                        
2020030c  delay_times                          
20200310  input_amp                            
20200314  input_freq                           
20200318  lastX                                
2020031a  lastY                                
2020031c  point_index                          
2020031e  InputImpState                        
2020031f  Out_state                            
20200320  OutputImpState                       
20200321  PlotState                            
20200322  TaskMark                             
20200323  Vout_flag                            
20200324  count_load                           
20200325  count_open                           
20200326  gCheckADC                            
20200327  uart_rx_finish                       
20200328  uart_rx_index                        
20200329  vout_index                           
20207e00  __stack                              
20208000  __STACK_END                          
ffffffff  __TI_pprof_out_hndl                  
ffffffff  __TI_prof_data_size                  
ffffffff  __TI_prof_data_start                 
ffffffff  __binit__                            
ffffffff  binit                                
UNDEFED   __mpu_init                           
UNDEFED   _system_post_cinit                   

[227 symbols]
