<?xml version="1.0" encoding="ISO-8859-1" ?>
<link_info>
   <banner>TI ARM Clang Linker PC v4.0.2.LTS</banner>
   <copyright>Copyright (c) 1996-2018 Texas Instruments Incorporated</copyright>
   <command_line>D:\ccs2011\ccs\tools\compiler\ti-cgt-armllvm_4.0.2.LTS\bin\tiarmlnk -ID:\ccs2011\ccs\tools\compiler\ti-cgt-armllvm_4.0.2.LTS\lib -o 2019D.out -m2019D.map -iD:/ti/mspm0_sdk_2_04_00_06/source -iC:/Users/1/workspace_ccstheia/2019D -iC:/Users/1/workspace_ccstheia/2019D/Debug/syscfg -iD:/ccs2011/ccs/tools/compiler/ti-cgt-armllvm_4.0.2.LTS/lib --diag_wrap=off --display_error_number --warn_sections --xml_link_info=2019D_linkInfo.xml --rom_model ./empty.o ./ti_msp_dl_config.o ./startup_mspm0g350x_ticlang.o ./USER/BTN/BTN.o ./USER/SRC/tjc_usart_hmi.o ./USER/TICK/Tick.o ./USER/UART/UART.o ./USER/USERTASK/UserTask.o -l./device_linker.cmd -ldevice.cmd.genlibs -llibc.a --start-group -llibc++.a -llibc++abi.a -llibc.a -llibsys.a -llibsysbm.a -llibclang_rt.builtins.a -llibclang_rt.profile.a --end-group --cg_opt_level=2</command_line>
   <link_time>0x68206e83</link_time>
   <link_errors>0x0</link_errors>
   <output_file>C:\Users\1\workspace_ccstheia\2019D\Debug\2019D.out</output_file>
   <entry_point>
      <name>_c_int00_noargs</name>
      <address>0x4161</address>
   </entry_point>
   <input_file_list>
      <input_file id="fl-1">
         <path>C:\Users\1\workspace_ccstheia\2019D\Debug\.\</path>
         <kind>object</kind>
         <file>empty.o</file>
         <name>empty.o</name>
      </input_file>
      <input_file id="fl-2">
         <path>C:\Users\1\workspace_ccstheia\2019D\Debug\.\</path>
         <kind>object</kind>
         <file>ti_msp_dl_config.o</file>
         <name>ti_msp_dl_config.o</name>
      </input_file>
      <input_file id="fl-3">
         <path>C:\Users\1\workspace_ccstheia\2019D\Debug\.\</path>
         <kind>object</kind>
         <file>startup_mspm0g350x_ticlang.o</file>
         <name>startup_mspm0g350x_ticlang.o</name>
      </input_file>
      <input_file id="fl-4">
         <path>C:\Users\1\workspace_ccstheia\2019D\Debug\.\USER\BTN\</path>
         <kind>object</kind>
         <file>BTN.o</file>
         <name>BTN.o</name>
      </input_file>
      <input_file id="fl-5">
         <path>C:\Users\1\workspace_ccstheia\2019D\Debug\.\USER\SRC\</path>
         <kind>object</kind>
         <file>tjc_usart_hmi.o</file>
         <name>tjc_usart_hmi.o</name>
      </input_file>
      <input_file id="fl-6">
         <path>C:\Users\1\workspace_ccstheia\2019D\Debug\.\USER\TICK\</path>
         <kind>object</kind>
         <file>Tick.o</file>
         <name>Tick.o</name>
      </input_file>
      <input_file id="fl-7">
         <path>C:\Users\1\workspace_ccstheia\2019D\Debug\.\USER\UART\</path>
         <kind>object</kind>
         <file>UART.o</file>
         <name>UART.o</name>
      </input_file>
      <input_file id="fl-8">
         <path>C:\Users\1\workspace_ccstheia\2019D\Debug\.\USER\USERTASK\</path>
         <kind>object</kind>
         <file>UserTask.o</file>
         <name>UserTask.o</name>
      </input_file>
      <input_file id="fl-15">
         <path>C:\Users\1\workspace_ccstheia\2019D\Debug\</path>
         <kind>object</kind>
         <file>&lt;internal&gt;</file>
         <name>&lt;internal&gt;</name>
      </input_file>
      <input_file id="fl-16">
         <path>D:\ti\mspm0_sdk_2_04_00_06\source\ti\driverlib\lib\ticlang\m0p\mspm0g1x0x_g3x0x\</path>
         <kind>archive</kind>
         <file>driverlib.a</file>
         <name>dl_adc12.o</name>
      </input_file>
      <input_file id="fl-17">
         <path>D:\ti\mspm0_sdk_2_04_00_06\source\ti\driverlib\lib\ticlang\m0p\mspm0g1x0x_g3x0x\</path>
         <kind>archive</kind>
         <file>driverlib.a</file>
         <name>dl_common.o</name>
      </input_file>
      <input_file id="fl-18">
         <path>D:\ti\mspm0_sdk_2_04_00_06\source\ti\driverlib\lib\ticlang\m0p\mspm0g1x0x_g3x0x\</path>
         <kind>archive</kind>
         <file>driverlib.a</file>
         <name>dl_uart.o</name>
      </input_file>
      <input_file id="fl-19">
         <path>D:\ti\mspm0_sdk_2_04_00_06\source\ti\driverlib\lib\ticlang\m0p\mspm0g1x0x_g3x0x\</path>
         <kind>archive</kind>
         <file>driverlib.a</file>
         <name>dl_sysctl_mspm0g1x0x_g3x0x.o</name>
      </input_file>
      <input_file id="fl-30">
         <path>D:\ccs2011\ccs\tools\compiler\ti-cgt-armllvm_4.0.2.LTS\lib\armv6m-ti-none-eabi\c\</path>
         <kind>archive</kind>
         <file>libc.a</file>
         <name>e_pow.c.obj</name>
      </input_file>
      <input_file id="fl-31">
         <path>D:\ccs2011\ccs\tools\compiler\ti-cgt-armllvm_4.0.2.LTS\lib\armv6m-ti-none-eabi\c\</path>
         <kind>archive</kind>
         <file>libc.a</file>
         <name>e_sqrt.c.obj</name>
      </input_file>
      <input_file id="fl-32">
         <path>D:\ccs2011\ccs\tools\compiler\ti-cgt-armllvm_4.0.2.LTS\lib\armv6m-ti-none-eabi\c\</path>
         <kind>archive</kind>
         <file>libc.a</file>
         <name>s_scalbn.c.obj</name>
      </input_file>
      <input_file id="fl-33">
         <path>D:\ccs2011\ccs\tools\compiler\ti-cgt-armllvm_4.0.2.LTS\lib\armv6m-ti-none-eabi\c\</path>
         <kind>archive</kind>
         <file>libc.a</file>
         <name>sprintf.c.obj</name>
      </input_file>
      <input_file id="fl-34">
         <path>D:\ccs2011\ccs\tools\compiler\ti-cgt-armllvm_4.0.2.LTS\lib\armv6m-ti-none-eabi\c\</path>
         <kind>archive</kind>
         <file>libc.a</file>
         <name>vsnprintf.c.obj</name>
      </input_file>
      <input_file id="fl-35">
         <path>D:\ccs2011\ccs\tools\compiler\ti-cgt-armllvm_4.0.2.LTS\lib\armv6m-ti-none-eabi\c\</path>
         <kind>archive</kind>
         <file>libc.a</file>
         <name>e_log10f.c.obj</name>
      </input_file>
      <input_file id="fl-36">
         <path>D:\ccs2011\ccs\tools\compiler\ti-cgt-armllvm_4.0.2.LTS\lib\armv6m-ti-none-eabi\c\</path>
         <kind>archive</kind>
         <file>libc.a</file>
         <name>aeabi_portable.c.obj</name>
      </input_file>
      <input_file id="fl-37">
         <path>D:\ccs2011\ccs\tools\compiler\ti-cgt-armllvm_4.0.2.LTS\lib\armv6m-ti-none-eabi\c\</path>
         <kind>archive</kind>
         <file>libc.a</file>
         <name>assert.c.obj</name>
      </input_file>
      <input_file id="fl-38">
         <path>D:\ccs2011\ccs\tools\compiler\ti-cgt-armllvm_4.0.2.LTS\lib\armv6m-ti-none-eabi\c\</path>
         <kind>archive</kind>
         <file>libc.a</file>
         <name>defs.c.obj</name>
      </input_file>
      <input_file id="fl-39">
         <path>D:\ccs2011\ccs\tools\compiler\ti-cgt-armllvm_4.0.2.LTS\lib\armv6m-ti-none-eabi\c\</path>
         <kind>archive</kind>
         <file>libc.a</file>
         <name>memory.c.obj</name>
      </input_file>
      <input_file id="fl-3a">
         <path>D:\ccs2011\ccs\tools\compiler\ti-cgt-armllvm_4.0.2.LTS\lib\armv6m-ti-none-eabi\c\</path>
         <kind>archive</kind>
         <file>libc.a</file>
         <name>strtof.c.obj</name>
      </input_file>
      <input_file id="fl-3b">
         <path>D:\ccs2011\ccs\tools\compiler\ti-cgt-armllvm_4.0.2.LTS\lib\armv6m-ti-none-eabi\c\</path>
         <kind>archive</kind>
         <file>libc.a</file>
         <name>boot_cortex_m.c.obj</name>
      </input_file>
      <input_file id="fl-3c">
         <path>D:\ccs2011\ccs\tools\compiler\ti-cgt-armllvm_4.0.2.LTS\lib\armv6m-ti-none-eabi\c\</path>
         <kind>archive</kind>
         <file>libc.a</file>
         <name>mathacl_init.c.obj</name>
      </input_file>
      <input_file id="fl-3d">
         <path>D:\ccs2011\ccs\tools\compiler\ti-cgt-armllvm_4.0.2.LTS\lib\armv6m-ti-none-eabi\c\</path>
         <kind>archive</kind>
         <file>libc.a</file>
         <name>autoinit.c.obj</name>
      </input_file>
      <input_file id="fl-3e">
         <path>D:\ccs2011\ccs\tools\compiler\ti-cgt-armllvm_4.0.2.LTS\lib\armv6m-ti-none-eabi\c\</path>
         <kind>archive</kind>
         <file>libc.a</file>
         <name>pre_init.c.obj</name>
      </input_file>
      <input_file id="fl-3f">
         <path>D:\ccs2011\ccs\tools\compiler\ti-cgt-armllvm_4.0.2.LTS\lib\armv6m-ti-none-eabi\c\</path>
         <kind>archive</kind>
         <file>libc.a</file>
         <name>cpy_tbl.c.obj</name>
      </input_file>
      <input_file id="fl-40">
         <path>D:\ccs2011\ccs\tools\compiler\ti-cgt-armllvm_4.0.2.LTS\lib\armv6m-ti-none-eabi\c\</path>
         <kind>archive</kind>
         <file>libc.a</file>
         <name>copy_zero_init.c.obj</name>
      </input_file>
      <input_file id="fl-41">
         <path>D:\ccs2011\ccs\tools\compiler\ti-cgt-armllvm_4.0.2.LTS\lib\armv6m-ti-none-eabi\c\</path>
         <kind>archive</kind>
         <file>libc.a</file>
         <name>copy_decompress_none.c.obj</name>
      </input_file>
      <input_file id="fl-42">
         <path>D:\ccs2011\ccs\tools\compiler\ti-cgt-armllvm_4.0.2.LTS\lib\armv6m-ti-none-eabi\c\</path>
         <kind>archive</kind>
         <file>libc.a</file>
         <name>copy_decompress_lzss.c.obj</name>
      </input_file>
      <input_file id="fl-43">
         <path>D:\ccs2011\ccs\tools\compiler\ti-cgt-armllvm_4.0.2.LTS\lib\armv6m-ti-none-eabi\c\</path>
         <kind>archive</kind>
         <file>libc.a</file>
         <name>_printfi.c.obj</name>
      </input_file>
      <input_file id="fl-44">
         <path>D:\ccs2011\ccs\tools\compiler\ti-cgt-armllvm_4.0.2.LTS\lib\armv6m-ti-none-eabi\c\</path>
         <kind>archive</kind>
         <file>libc.a</file>
         <name>fflush.c.obj</name>
      </input_file>
      <input_file id="fl-45">
         <path>D:\ccs2011\ccs\tools\compiler\ti-cgt-armllvm_4.0.2.LTS\lib\armv6m-ti-none-eabi\c\</path>
         <kind>archive</kind>
         <file>libc.a</file>
         <name>fputs.c.obj</name>
      </input_file>
      <input_file id="fl-46">
         <path>D:\ccs2011\ccs\tools\compiler\ti-cgt-armllvm_4.0.2.LTS\lib\armv6m-ti-none-eabi\c\</path>
         <kind>archive</kind>
         <file>libc.a</file>
         <name>_io_perm.c.obj</name>
      </input_file>
      <input_file id="fl-47">
         <path>D:\ccs2011\ccs\tools\compiler\ti-cgt-armllvm_4.0.2.LTS\lib\armv6m-ti-none-eabi\c\</path>
         <kind>archive</kind>
         <file>libc.a</file>
         <name>setvbuf.c.obj</name>
      </input_file>
      <input_file id="fl-48">
         <path>D:\ccs2011\ccs\tools\compiler\ti-cgt-armllvm_4.0.2.LTS\lib\armv6m-ti-none-eabi\c\</path>
         <kind>archive</kind>
         <file>libc.a</file>
         <name>s_scalbnf.c.obj</name>
      </input_file>
      <input_file id="fl-49">
         <path>D:\ccs2011\ccs\tools\compiler\ti-cgt-armllvm_4.0.2.LTS\lib\armv6m-ti-none-eabi\c\</path>
         <kind>archive</kind>
         <file>libc.a</file>
         <name>aeabi_ctype.S.obj</name>
      </input_file>
      <input_file id="fl-4a">
         <path>D:\ccs2011\ccs\tools\compiler\ti-cgt-armllvm_4.0.2.LTS\lib\armv6m-ti-none-eabi\c\</path>
         <kind>archive</kind>
         <file>libc.a</file>
         <name>exit.c.obj</name>
      </input_file>
      <input_file id="fl-4b">
         <path>D:\ccs2011\ccs\tools\compiler\ti-cgt-armllvm_4.0.2.LTS\lib\armv6m-ti-none-eabi\c\</path>
         <kind>archive</kind>
         <file>libc.a</file>
         <name>_lock.c.obj</name>
      </input_file>
      <input_file id="fl-4c">
         <path>D:\ccs2011\ccs\tools\compiler\ti-cgt-armllvm_4.0.2.LTS\lib\armv6m-ti-none-eabi\c\</path>
         <kind>archive</kind>
         <file>libc.a</file>
         <name>_ltoa.c.obj</name>
      </input_file>
      <input_file id="fl-4d">
         <path>D:\ccs2011\ccs\tools\compiler\ti-cgt-armllvm_4.0.2.LTS\lib\armv6m-ti-none-eabi\c\</path>
         <kind>archive</kind>
         <file>libc.a</file>
         <name>args_main.c.obj</name>
      </input_file>
      <input_file id="fl-4e">
         <path>D:\ccs2011\ccs\tools\compiler\ti-cgt-armllvm_4.0.2.LTS\lib\armv6m-ti-none-eabi\c\</path>
         <kind>archive</kind>
         <file>libc.a</file>
         <name>atoi.c.obj</name>
      </input_file>
      <input_file id="fl-4f">
         <path>D:\ccs2011\ccs\tools\compiler\ti-cgt-armllvm_4.0.2.LTS\lib\armv6m-ti-none-eabi\c\</path>
         <kind>archive</kind>
         <file>libc.a</file>
         <name>memccpy.c.obj</name>
      </input_file>
      <input_file id="fl-50">
         <path>D:\ccs2011\ccs\tools\compiler\ti-cgt-armllvm_4.0.2.LTS\lib\armv6m-ti-none-eabi\c\</path>
         <kind>archive</kind>
         <file>libc.a</file>
         <name>s_frexp.c.obj</name>
      </input_file>
      <input_file id="fl-51">
         <path>D:\ccs2011\ccs\tools\compiler\ti-cgt-armllvm_4.0.2.LTS\lib\armv6m-ti-none-eabi\c\</path>
         <kind>archive</kind>
         <file>libc.a</file>
         <name>wcslen.c.obj</name>
      </input_file>
      <input_file id="fl-52">
         <path>D:\ccs2011\ccs\tools\compiler\ti-cgt-armllvm_4.0.2.LTS\lib\armv6m-ti-none-eabi\c\</path>
         <kind>archive</kind>
         <file>libc.a</file>
         <name>fopen.c.obj</name>
      </input_file>
      <input_file id="fl-53">
         <path>D:\ccs2011\ccs\tools\compiler\ti-cgt-armllvm_4.0.2.LTS\lib\armv6m-ti-none-eabi\c\</path>
         <kind>archive</kind>
         <file>libc.a</file>
         <name>fseek.c.obj</name>
      </input_file>
      <input_file id="fl-54">
         <path>D:\ccs2011\ccs\tools\compiler\ti-cgt-armllvm_4.0.2.LTS\lib\armv6m-ti-none-eabi\c\</path>
         <kind>archive</kind>
         <file>libc.a</file>
         <name>fclose.c.obj</name>
      </input_file>
      <input_file id="fl-f4">
         <path>D:\ccs2011\ccs\tools\compiler\ti-cgt-armllvm_4.0.2.LTS\lib\armv6m-ti-none-eabi\c\</path>
         <kind>archive</kind>
         <file>libsysbm.a</file>
         <name>hostexit.c.obj</name>
      </input_file>
      <input_file id="fl-f5">
         <path>D:\ccs2011\ccs\tools\compiler\ti-cgt-armllvm_4.0.2.LTS\lib\armv6m-ti-none-eabi\c\</path>
         <kind>archive</kind>
         <file>libsysbm.a</file>
         <name>write.c.obj</name>
      </input_file>
      <input_file id="fl-f6">
         <path>D:\ccs2011\ccs\tools\compiler\ti-cgt-armllvm_4.0.2.LTS\lib\armv6m-ti-none-eabi\c\</path>
         <kind>archive</kind>
         <file>libsysbm.a</file>
         <name>host_device.c.obj</name>
      </input_file>
      <input_file id="fl-f7">
         <path>D:\ccs2011\ccs\tools\compiler\ti-cgt-armllvm_4.0.2.LTS\lib\armv6m-ti-none-eabi\c\</path>
         <kind>archive</kind>
         <file>libsysbm.a</file>
         <name>remove.c.obj</name>
      </input_file>
      <input_file id="fl-f8">
         <path>D:\ccs2011\ccs\tools\compiler\ti-cgt-armllvm_4.0.2.LTS\lib\armv6m-ti-none-eabi\c\</path>
         <kind>archive</kind>
         <file>libsysbm.a</file>
         <name>open.c.obj</name>
      </input_file>
      <input_file id="fl-f9">
         <path>D:\ccs2011\ccs\tools\compiler\ti-cgt-armllvm_4.0.2.LTS\lib\armv6m-ti-none-eabi\c\</path>
         <kind>archive</kind>
         <file>libsysbm.a</file>
         <name>lseek.c.obj</name>
      </input_file>
      <input_file id="fl-fa">
         <path>D:\ccs2011\ccs\tools\compiler\ti-cgt-armllvm_4.0.2.LTS\lib\armv6m-ti-none-eabi\c\</path>
         <kind>archive</kind>
         <file>libsysbm.a</file>
         <name>close.c.obj</name>
      </input_file>
      <input_file id="fl-fb">
         <path>D:\ccs2011\ccs\tools\compiler\ti-cgt-armllvm_4.0.2.LTS\lib\armv6m-ti-none-eabi\c\</path>
         <kind>archive</kind>
         <file>libsysbm.a</file>
         <name>unlink.c.obj</name>
      </input_file>
      <input_file id="fl-fc">
         <path>D:\ccs2011\ccs\tools\compiler\ti-cgt-armllvm_4.0.2.LTS\lib\armv6m-ti-none-eabi\c\</path>
         <kind>archive</kind>
         <file>libsysbm.a</file>
         <name>hostclose.c.obj</name>
      </input_file>
      <input_file id="fl-fd">
         <path>D:\ccs2011\ccs\tools\compiler\ti-cgt-armllvm_4.0.2.LTS\lib\armv6m-ti-none-eabi\c\</path>
         <kind>archive</kind>
         <file>libsysbm.a</file>
         <name>hostlseek.c.obj</name>
      </input_file>
      <input_file id="fl-fe">
         <path>D:\ccs2011\ccs\tools\compiler\ti-cgt-armllvm_4.0.2.LTS\lib\armv6m-ti-none-eabi\c\</path>
         <kind>archive</kind>
         <file>libsysbm.a</file>
         <name>hostopen.c.obj</name>
      </input_file>
      <input_file id="fl-ff">
         <path>D:\ccs2011\ccs\tools\compiler\ti-cgt-armllvm_4.0.2.LTS\lib\armv6m-ti-none-eabi\c\</path>
         <kind>archive</kind>
         <file>libsysbm.a</file>
         <name>hostread.c.obj</name>
      </input_file>
      <input_file id="fl-100">
         <path>D:\ccs2011\ccs\tools\compiler\ti-cgt-armllvm_4.0.2.LTS\lib\armv6m-ti-none-eabi\c\</path>
         <kind>archive</kind>
         <file>libsysbm.a</file>
         <name>hostrename.c.obj</name>
      </input_file>
      <input_file id="fl-101">
         <path>D:\ccs2011\ccs\tools\compiler\ti-cgt-armllvm_4.0.2.LTS\lib\armv6m-ti-none-eabi\c\</path>
         <kind>archive</kind>
         <file>libsysbm.a</file>
         <name>hostunlink.c.obj</name>
      </input_file>
      <input_file id="fl-102">
         <path>D:\ccs2011\ccs\tools\compiler\ti-cgt-armllvm_4.0.2.LTS\lib\armv6m-ti-none-eabi\c\</path>
         <kind>archive</kind>
         <file>libsysbm.a</file>
         <name>hostwrite.c.obj</name>
      </input_file>
      <input_file id="fl-103">
         <path>D:\ccs2011\ccs\tools\compiler\ti-cgt-armllvm_4.0.2.LTS\lib\armv6m-ti-none-eabi\c\</path>
         <kind>archive</kind>
         <file>libsysbm.a</file>
         <name>trgmsg.c.obj</name>
      </input_file>
      <input_file id="fl-104">
         <path>D:\ccs2011\ccs\tools\compiler\ti-cgt-armllvm_4.0.2.LTS\lib\armv6m-ti-none-eabi\</path>
         <kind>archive</kind>
         <file>libclang_rt.builtins.a</file>
         <name>addsf3.S.obj</name>
      </input_file>
      <input_file id="fl-105">
         <path>D:\ccs2011\ccs\tools\compiler\ti-cgt-armllvm_4.0.2.LTS\lib\armv6m-ti-none-eabi\</path>
         <kind>archive</kind>
         <file>libclang_rt.builtins.a</file>
         <name>adddf3.S.obj</name>
      </input_file>
      <input_file id="fl-106">
         <path>D:\ccs2011\ccs\tools\compiler\ti-cgt-armllvm_4.0.2.LTS\lib\armv6m-ti-none-eabi\</path>
         <kind>archive</kind>
         <file>libclang_rt.builtins.a</file>
         <name>muldf3.S.obj</name>
      </input_file>
      <input_file id="fl-107">
         <path>D:\ccs2011\ccs\tools\compiler\ti-cgt-armllvm_4.0.2.LTS\lib\armv6m-ti-none-eabi\</path>
         <kind>archive</kind>
         <file>libclang_rt.builtins.a</file>
         <name>muldsi3.S.obj</name>
      </input_file>
      <input_file id="fl-108">
         <path>D:\ccs2011\ccs\tools\compiler\ti-cgt-armllvm_4.0.2.LTS\lib\armv6m-ti-none-eabi\</path>
         <kind>archive</kind>
         <file>libclang_rt.builtins.a</file>
         <name>mulsf3.S.obj</name>
      </input_file>
      <input_file id="fl-109">
         <path>D:\ccs2011\ccs\tools\compiler\ti-cgt-armllvm_4.0.2.LTS\lib\armv6m-ti-none-eabi\</path>
         <kind>archive</kind>
         <file>libclang_rt.builtins.a</file>
         <name>divsf3.S.obj</name>
      </input_file>
      <input_file id="fl-10a">
         <path>D:\ccs2011\ccs\tools\compiler\ti-cgt-armllvm_4.0.2.LTS\lib\armv6m-ti-none-eabi\</path>
         <kind>archive</kind>
         <file>libclang_rt.builtins.a</file>
         <name>divdf3.S.obj</name>
      </input_file>
      <input_file id="fl-10b">
         <path>D:\ccs2011\ccs\tools\compiler\ti-cgt-armllvm_4.0.2.LTS\lib\armv6m-ti-none-eabi\</path>
         <kind>archive</kind>
         <file>libclang_rt.builtins.a</file>
         <name>extendsfdf2.S.obj</name>
      </input_file>
      <input_file id="fl-10c">
         <path>D:\ccs2011\ccs\tools\compiler\ti-cgt-armllvm_4.0.2.LTS\lib\armv6m-ti-none-eabi\</path>
         <kind>archive</kind>
         <file>libclang_rt.builtins.a</file>
         <name>fixdfsi.S.obj</name>
      </input_file>
      <input_file id="fl-10d">
         <path>D:\ccs2011\ccs\tools\compiler\ti-cgt-armllvm_4.0.2.LTS\lib\armv6m-ti-none-eabi\</path>
         <kind>archive</kind>
         <file>libclang_rt.builtins.a</file>
         <name>fixsfsi.S.obj</name>
      </input_file>
      <input_file id="fl-10e">
         <path>D:\ccs2011\ccs\tools\compiler\ti-cgt-armllvm_4.0.2.LTS\lib\armv6m-ti-none-eabi\</path>
         <kind>archive</kind>
         <file>libclang_rt.builtins.a</file>
         <name>floatsidf.S.obj</name>
      </input_file>
      <input_file id="fl-10f">
         <path>D:\ccs2011\ccs\tools\compiler\ti-cgt-armllvm_4.0.2.LTS\lib\armv6m-ti-none-eabi\</path>
         <kind>archive</kind>
         <file>libclang_rt.builtins.a</file>
         <name>floatsisf.S.obj</name>
      </input_file>
      <input_file id="fl-110">
         <path>D:\ccs2011\ccs\tools\compiler\ti-cgt-armllvm_4.0.2.LTS\lib\armv6m-ti-none-eabi\</path>
         <kind>archive</kind>
         <file>libclang_rt.builtins.a</file>
         <name>floatunsisf.S.obj</name>
      </input_file>
      <input_file id="fl-111">
         <path>D:\ccs2011\ccs\tools\compiler\ti-cgt-armllvm_4.0.2.LTS\lib\armv6m-ti-none-eabi\</path>
         <kind>archive</kind>
         <file>libclang_rt.builtins.a</file>
         <name>muldi3.S.obj</name>
      </input_file>
      <input_file id="fl-112">
         <path>D:\ccs2011\ccs\tools\compiler\ti-cgt-armllvm_4.0.2.LTS\lib\armv6m-ti-none-eabi\</path>
         <kind>archive</kind>
         <file>libclang_rt.builtins.a</file>
         <name>truncdfsf2.S.obj</name>
      </input_file>
      <input_file id="fl-113">
         <path>D:\ccs2011\ccs\tools\compiler\ti-cgt-armllvm_4.0.2.LTS\lib\armv6m-ti-none-eabi\</path>
         <kind>archive</kind>
         <file>libclang_rt.builtins.a</file>
         <name>aeabi_dcmp.S.obj</name>
      </input_file>
      <input_file id="fl-114">
         <path>D:\ccs2011\ccs\tools\compiler\ti-cgt-armllvm_4.0.2.LTS\lib\armv6m-ti-none-eabi\</path>
         <kind>archive</kind>
         <file>libclang_rt.builtins.a</file>
         <name>aeabi_fcmp.S.obj</name>
      </input_file>
      <input_file id="fl-115">
         <path>D:\ccs2011\ccs\tools\compiler\ti-cgt-armllvm_4.0.2.LTS\lib\armv6m-ti-none-eabi\</path>
         <kind>archive</kind>
         <file>libclang_rt.builtins.a</file>
         <name>aeabi_idivmod.S.obj</name>
      </input_file>
      <input_file id="fl-116">
         <path>D:\ccs2011\ccs\tools\compiler\ti-cgt-armllvm_4.0.2.LTS\lib\armv6m-ti-none-eabi\</path>
         <kind>archive</kind>
         <file>libclang_rt.builtins.a</file>
         <name>aeabi_memcpy.S.obj</name>
      </input_file>
      <input_file id="fl-117">
         <path>D:\ccs2011\ccs\tools\compiler\ti-cgt-armllvm_4.0.2.LTS\lib\armv6m-ti-none-eabi\</path>
         <kind>archive</kind>
         <file>libclang_rt.builtins.a</file>
         <name>aeabi_memset.S.obj</name>
      </input_file>
      <input_file id="fl-118">
         <path>D:\ccs2011\ccs\tools\compiler\ti-cgt-armllvm_4.0.2.LTS\lib\armv6m-ti-none-eabi\</path>
         <kind>archive</kind>
         <file>libclang_rt.builtins.a</file>
         <name>aeabi_uidivmod.S.obj</name>
      </input_file>
      <input_file id="fl-119">
         <path>D:\ccs2011\ccs\tools\compiler\ti-cgt-armllvm_4.0.2.LTS\lib\armv6m-ti-none-eabi\</path>
         <kind>archive</kind>
         <file>libclang_rt.builtins.a</file>
         <name>aeabi_uldivmod.S.obj</name>
      </input_file>
      <input_file id="fl-11a">
         <path>D:\ccs2011\ccs\tools\compiler\ti-cgt-armllvm_4.0.2.LTS\lib\armv6m-ti-none-eabi\</path>
         <kind>archive</kind>
         <file>libclang_rt.builtins.a</file>
         <name>comparesf2.S.obj</name>
      </input_file>
      <input_file id="fl-11b">
         <path>D:\ccs2011\ccs\tools\compiler\ti-cgt-armllvm_4.0.2.LTS\lib\armv6m-ti-none-eabi\</path>
         <kind>archive</kind>
         <file>libclang_rt.builtins.a</file>
         <name>udivmoddi4.S.obj</name>
      </input_file>
      <input_file id="fl-11c">
         <path>D:\ccs2011\ccs\tools\compiler\ti-cgt-armllvm_4.0.2.LTS\lib\armv6m-ti-none-eabi\</path>
         <kind>archive</kind>
         <file>libclang_rt.builtins.a</file>
         <name>ashldi3.S.obj</name>
      </input_file>
      <input_file id="fl-11d">
         <path>D:\ccs2011\ccs\tools\compiler\ti-cgt-armllvm_4.0.2.LTS\lib\armv6m-ti-none-eabi\</path>
         <kind>archive</kind>
         <file>libclang_rt.builtins.a</file>
         <name>comparedf2.c.obj</name>
      </input_file>
      <input_file id="fl-11e">
         <path>D:\ccs2011\ccs\tools\compiler\ti-cgt-armllvm_4.0.2.LTS\lib\armv6m-ti-none-eabi\</path>
         <kind>archive</kind>
         <file>libclang_rt.builtins.a</file>
         <name>aeabi_div0.c.obj</name>
      </input_file>
      <input_file id="fl-11f">
         <path>D:\ccs2011\ccs\tools\compiler\ti-cgt-armllvm_4.0.2.LTS\lib\armv6m-ti-none-eabi\c\</path>
         <kind>archive</kind>
         <file>libc.a</file>
         <name>getdevice.c.obj</name>
      </input_file>
      <input_file id="fl-120">
         <path>D:\ccs2011\ccs\tools\compiler\ti-cgt-armllvm_4.0.2.LTS\lib\armv6m-ti-none-eabi\c\</path>
         <kind>archive</kind>
         <file>libc.a</file>
         <name>memcpy16.S.obj</name>
      </input_file>
      <input_file id="fl-121">
         <path>D:\ccs2011\ccs\tools\compiler\ti-cgt-armllvm_4.0.2.LTS\lib\armv6m-ti-none-eabi\c\</path>
         <kind>archive</kind>
         <file>libc.a</file>
         <name>memset16.S.obj</name>
      </input_file>
      <input_file id="fl-122">
         <path>D:\ccs2011\ccs\tools\compiler\ti-cgt-armllvm_4.0.2.LTS\lib\armv6m-ti-none-eabi\c\</path>
         <kind>archive</kind>
         <file>libc.a</file>
         <name>strcmp-armv6m.S.obj</name>
      </input_file>
   </input_file_list>
   <object_component_list>
      <object_component id="oc-18">
         <name>.intvecs</name>
         <load_address>0x0</load_address>
         <readonly>true</readonly>
         <run_address>0x0</run_address>
         <size>0xc0</size>
         <alignment>0x4</alignment>
         <input_file_ref idref="fl-3"/>
      </object_component>
      <object_component id="oc-11f">
         <name>.text.pow</name>
         <load_address>0xc0</load_address>
         <readonly>true</readonly>
         <executable>true</executable>
         <run_address>0xc0</run_address>
         <size>0xa48</size>
         <alignment>0x4</alignment>
         <input_file_ref idref="fl-30"/>
      </object_component>
      <object_component id="oc-1f4">
         <name>.text:__TI_printfi</name>
         <load_address>0xb08</load_address>
         <readonly>true</readonly>
         <executable>true</executable>
         <run_address>0xb08</run_address>
         <size>0x9d0</size>
         <alignment>0x4</alignment>
         <input_file_ref idref="fl-43"/>
      </object_component>
      <object_component id="oc-13a">
         <name>.text.strtof</name>
         <load_address>0x14d8</load_address>
         <readonly>true</readonly>
         <executable>true</executable>
         <run_address>0x14d8</run_address>
         <size>0x360</size>
         <alignment>0x4</alignment>
         <input_file_ref idref="fl-3a"/>
      </object_component>
      <object_component id="oc-d5">
         <name>.text.CalOutputImp</name>
         <load_address>0x1838</load_address>
         <readonly>true</readonly>
         <executable>true</executable>
         <run_address>0x1838</run_address>
         <size>0x314</size>
         <alignment>0x4</alignment>
         <input_file_ref idref="fl-8"/>
      </object_component>
      <object_component id="oc-d4">
         <name>.text.PlotAmpFreq</name>
         <load_address>0x1b4c</load_address>
         <readonly>true</readonly>
         <executable>true</executable>
         <run_address>0x1b4c</run_address>
         <size>0x22c</size>
         <alignment>0x4</alignment>
         <input_file_ref idref="fl-8"/>
      </object_component>
      <object_component id="oc-213">
         <name>.text._pconv_a</name>
         <load_address>0x1d78</load_address>
         <readonly>true</readonly>
         <executable>true</executable>
         <run_address>0x1d78</run_address>
         <size>0x220</size>
         <alignment>0x4</alignment>
         <input_file_ref idref="fl-43"/>
      </object_component>
      <object_component id="oc-214">
         <name>.text._pconv_g</name>
         <load_address>0x1f98</load_address>
         <readonly>true</readonly>
         <executable>true</executable>
         <run_address>0x1f98</run_address>
         <size>0x1dc</size>
         <alignment>0x4</alignment>
         <input_file_ref idref="fl-43"/>
      </object_component>
      <object_component id="oc-140">
         <name>.text.log10f</name>
         <load_address>0x2174</load_address>
         <readonly>true</readonly>
         <executable>true</executable>
         <run_address>0x2174</run_address>
         <size>0x194</size>
         <alignment>0x4</alignment>
         <input_file_ref idref="fl-35"/>
      </object_component>
      <object_component id="oc-117">
         <name>.text.adddf3_subdf3</name>
         <load_address>0x2308</load_address>
         <readonly>true</readonly>
         <executable>true</executable>
         <run_address>0x2308</run_address>
         <size>0x192</size>
         <alignment>0x4</alignment>
         <input_file_ref idref="fl-105"/>
      </object_component>
      <object_component id="oc-33">
         <name>.text.Default_Handler</name>
         <load_address>0x249a</load_address>
         <readonly>true</readonly>
         <executable>true</executable>
         <run_address>0x249a</run_address>
         <size>0x2</size>
         <alignment>0x2</alignment>
         <input_file_ref idref="fl-3"/>
      </object_component>
      <object_component id="oc-1a2">
         <name>.text.sqrt</name>
         <load_address>0x249c</load_address>
         <readonly>true</readonly>
         <executable>true</executable>
         <run_address>0x249c</run_address>
         <size>0x170</size>
         <alignment>0x4</alignment>
         <input_file_ref idref="fl-31"/>
      </object_component>
      <object_component id="oc-23d">
         <name>.text.fcvt</name>
         <load_address>0x260c</load_address>
         <readonly>true</readonly>
         <executable>true</executable>
         <run_address>0x260c</run_address>
         <size>0x13c</size>
         <alignment>0x4</alignment>
         <input_file_ref idref="fl-43"/>
      </object_component>
      <object_component id="oc-d2">
         <name>.text.CalInputImp</name>
         <load_address>0x2748</load_address>
         <readonly>true</readonly>
         <executable>true</executable>
         <run_address>0x2748</run_address>
         <size>0x134</size>
         <alignment>0x4</alignment>
         <input_file_ref idref="fl-8"/>
      </object_component>
      <object_component id="oc-d3">
         <name>.text.CalGain</name>
         <load_address>0x287c</load_address>
         <readonly>true</readonly>
         <executable>true</executable>
         <run_address>0x287c</run_address>
         <size>0x124</size>
         <alignment>0x4</alignment>
         <input_file_ref idref="fl-8"/>
      </object_component>
      <object_component id="oc-216">
         <name>.text._pconv_e</name>
         <load_address>0x29a0</load_address>
         <readonly>true</readonly>
         <executable>true</executable>
         <run_address>0x29a0</run_address>
         <size>0x120</size>
         <alignment>0x4</alignment>
         <input_file_ref idref="fl-43"/>
      </object_component>
      <object_component id="oc-11b">
         <name>.text.__divdf3</name>
         <load_address>0x2ac0</load_address>
         <readonly>true</readonly>
         <executable>true</executable>
         <run_address>0x2ac0</run_address>
         <size>0x10c</size>
         <alignment>0x4</alignment>
         <input_file_ref idref="fl-10a"/>
      </object_component>
      <object_component id="oc-187">
         <name>.text.__muldf3</name>
         <load_address>0x2bcc</load_address>
         <readonly>true</readonly>
         <executable>true</executable>
         <run_address>0x2bcc</run_address>
         <size>0xe4</size>
         <alignment>0x4</alignment>
         <input_file_ref idref="fl-106"/>
      </object_component>
      <object_component id="oc-eb">
         <name>.text.DL_SYSCTL_configSYSPLL</name>
         <load_address>0x2cb0</load_address>
         <readonly>true</readonly>
         <executable>true</executable>
         <run_address>0x2cb0</run_address>
         <size>0xdc</size>
         <alignment>0x4</alignment>
         <input_file_ref idref="fl-19"/>
      </object_component>
      <object_component id="oc-19d">
         <name>.text.scalbn</name>
         <load_address>0x2d8c</load_address>
         <readonly>true</readonly>
         <executable>true</executable>
         <run_address>0x2d8c</run_address>
         <size>0xd8</size>
         <alignment>0x4</alignment>
         <input_file_ref idref="fl-32"/>
      </object_component>
      <object_component id="oc-129">
         <name>.text</name>
         <load_address>0x2e64</load_address>
         <readonly>true</readonly>
         <executable>true</executable>
         <run_address>0x2e64</run_address>
         <size>0xd8</size>
         <alignment>0x4</alignment>
         <input_file_ref idref="fl-104"/>
      </object_component>
      <object_component id="oc-1b4">
         <name>.text.scalbnf</name>
         <load_address>0x2f3c</load_address>
         <readonly>true</readonly>
         <executable>true</executable>
         <run_address>0x2f3c</run_address>
         <size>0xb0</size>
         <alignment>0x4</alignment>
         <input_file_ref idref="fl-48"/>
      </object_component>
      <object_component id="oc-cb">
         <name>.text.BTN_getData</name>
         <load_address>0x2fec</load_address>
         <readonly>true</readonly>
         <executable>true</executable>
         <run_address>0x2fec</run_address>
         <size>0xac</size>
         <alignment>0x4</alignment>
         <input_file_ref idref="fl-4"/>
      </object_component>
      <object_component id="oc-227">
         <name>.text</name>
         <load_address>0x3098</load_address>
         <readonly>true</readonly>
         <executable>true</executable>
         <run_address>0x3098</run_address>
         <size>0xa2</size>
         <alignment>0x4</alignment>
         <input_file_ref idref="fl-11b"/>
      </object_component>
      <object_component id="oc-8f">
         <name>.text:memcpy</name>
         <load_address>0x313a</load_address>
         <readonly>true</readonly>
         <executable>true</executable>
         <run_address>0x313a</run_address>
         <size>0x9a</size>
         <alignment>0x1</alignment>
         <input_file_ref idref="fl-120"/>
      </object_component>
      <object_component id="oc-10b">
         <name>.text.__mulsf3</name>
         <load_address>0x31d4</load_address>
         <readonly>true</readonly>
         <executable>true</executable>
         <run_address>0x31d4</run_address>
         <size>0x8c</size>
         <alignment>0x4</alignment>
         <input_file_ref idref="fl-108"/>
      </object_component>
      <object_component id="oc-c3">
         <name>.text.SYSCFG_DL_UART_2_init</name>
         <load_address>0x3260</load_address>
         <readonly>true</readonly>
         <executable>true</executable>
         <run_address>0x3260</run_address>
         <size>0x84</size>
         <alignment>0x4</alignment>
         <input_file_ref idref="fl-2"/>
      </object_component>
      <object_component id="oc-10f">
         <name>.text.__divsf3</name>
         <load_address>0x32e4</load_address>
         <readonly>true</readonly>
         <executable>true</executable>
         <run_address>0x32e4</run_address>
         <size>0x82</size>
         <alignment>0x4</alignment>
         <input_file_ref idref="fl-109"/>
      </object_component>
      <object_component id="oc-21a">
         <name>.text.__aeabi_idiv0</name>
         <load_address>0x3366</load_address>
         <readonly>true</readonly>
         <executable>true</executable>
         <run_address>0x3366</run_address>
         <size>0x2</size>
         <alignment>0x2</alignment>
         <input_file_ref idref="fl-11e"/>
      </object_component>
      <object_component id="oc-c1">
         <name>.text.SYSCFG_DL_SYSCTL_init</name>
         <load_address>0x3368</load_address>
         <readonly>true</readonly>
         <executable>true</executable>
         <run_address>0x3368</run_address>
         <size>0x80</size>
         <alignment>0x4</alignment>
         <input_file_ref idref="fl-2"/>
      </object_component>
      <object_component id="oc-3e">
         <name>.text.UART0_IRQHandler</name>
         <load_address>0x33e8</load_address>
         <readonly>true</readonly>
         <executable>true</executable>
         <run_address>0x33e8</run_address>
         <size>0x80</size>
         <alignment>0x4</alignment>
         <input_file_ref idref="fl-1"/>
      </object_component>
      <object_component id="oc-c6">
         <name>.text.SYSCFG_DL_ADC12_0_init</name>
         <load_address>0x3468</load_address>
         <readonly>true</readonly>
         <executable>true</executable>
         <run_address>0x3468</run_address>
         <size>0x7c</size>
         <alignment>0x4</alignment>
         <input_file_ref idref="fl-2"/>
      </object_component>
      <object_component id="oc-34">
         <name>.text.SysTick_Handler</name>
         <load_address>0x34e4</load_address>
         <readonly>true</readonly>
         <executable>true</executable>
         <run_address>0x34e4</run_address>
         <size>0x7c</size>
         <alignment>0x4</alignment>
         <input_file_ref idref="fl-6"/>
      </object_component>
      <object_component id="oc-1c">
         <name>.text:decompress:lzss</name>
         <load_address>0x3560</load_address>
         <readonly>true</readonly>
         <executable>true</executable>
         <run_address>0x3560</run_address>
         <size>0x7c</size>
         <alignment>0x4</alignment>
         <input_file_ref idref="fl-42"/>
      </object_component>
      <object_component id="oc-1d9">
         <name>.text.__gedf2</name>
         <load_address>0x35dc</load_address>
         <readonly>true</readonly>
         <executable>true</executable>
         <run_address>0x35dc</run_address>
         <size>0x74</size>
         <alignment>0x4</alignment>
         <input_file_ref idref="fl-11d"/>
      </object_component>
      <object_component id="oc-125">
         <name>.text.__truncdfsf2</name>
         <load_address>0x3650</load_address>
         <readonly>true</readonly>
         <executable>true</executable>
         <run_address>0x3650</run_address>
         <size>0x74</size>
         <alignment>0x10</alignment>
         <input_file_ref idref="fl-112"/>
      </object_component>
      <object_component id="oc-1d3">
         <name>.text.__ledf2</name>
         <load_address>0x36c4</load_address>
         <readonly>true</readonly>
         <executable>true</executable>
         <run_address>0x36c4</run_address>
         <size>0x68</size>
         <alignment>0x4</alignment>
         <input_file_ref idref="fl-11d"/>
      </object_component>
      <object_component id="oc-23c">
         <name>.text._mcpy</name>
         <load_address>0x372c</load_address>
         <readonly>true</readonly>
         <executable>true</executable>
         <run_address>0x372c</run_address>
         <size>0x66</size>
         <alignment>0x2</alignment>
         <input_file_ref idref="fl-43"/>
      </object_component>
      <object_component id="oc-242">
         <name>.text.__aeabi_ldiv0</name>
         <load_address>0x3792</load_address>
         <readonly>true</readonly>
         <executable>true</executable>
         <run_address>0x3792</run_address>
         <size>0x2</size>
         <alignment>0x2</alignment>
         <input_file_ref idref="fl-11e"/>
      </object_component>
      <object_component id="oc-197">
         <name>.text.__aeabi_dcmp</name>
         <load_address>0x3794</load_address>
         <readonly>true</readonly>
         <executable>true</executable>
         <run_address>0x3794</run_address>
         <size>0x62</size>
         <alignment>0x4</alignment>
         <input_file_ref idref="fl-113"/>
      </object_component>
      <object_component id="oc-14a">
         <name>.text.__aeabi_fcmp</name>
         <load_address>0x37f8</load_address>
         <readonly>true</readonly>
         <executable>true</executable>
         <run_address>0x37f8</run_address>
         <size>0x62</size>
         <alignment>0x4</alignment>
         <input_file_ref idref="fl-114"/>
      </object_component>
      <object_component id="oc-be">
         <name>.text:memset</name>
         <load_address>0x385a</load_address>
         <readonly>true</readonly>
         <executable>true</executable>
         <run_address>0x385a</run_address>
         <size>0x62</size>
         <alignment>0x1</alignment>
         <input_file_ref idref="fl-121"/>
      </object_component>
      <object_component id="oc-c0">
         <name>.text.SYSCFG_DL_GPIO_init</name>
         <load_address>0x38bc</load_address>
         <readonly>true</readonly>
         <executable>true</executable>
         <run_address>0x38bc</run_address>
         <size>0x60</size>
         <alignment>0x4</alignment>
         <input_file_ref idref="fl-2"/>
      </object_component>
      <object_component id="oc-c4">
         <name>.text.SYSCFG_DL_UART_0_init</name>
         <load_address>0x391c</load_address>
         <readonly>true</readonly>
         <executable>true</executable>
         <run_address>0x391c</run_address>
         <size>0x60</size>
         <alignment>0x4</alignment>
         <input_file_ref idref="fl-2"/>
      </object_component>
      <object_component id="oc-c5">
         <name>.text.SYSCFG_DL_UART_1_init</name>
         <load_address>0x397c</load_address>
         <readonly>true</readonly>
         <executable>true</executable>
         <run_address>0x397c</run_address>
         <size>0x60</size>
         <alignment>0x4</alignment>
         <input_file_ref idref="fl-2"/>
      </object_component>
      <object_component id="oc-133">
         <name>.text.sendNum</name>
         <load_address>0x39dc</load_address>
         <readonly>true</readonly>
         <executable>true</executable>
         <run_address>0x39dc</run_address>
         <size>0x60</size>
         <alignment>0x4</alignment>
         <input_file_ref idref="fl-7"/>
      </object_component>
      <object_component id="oc-99">
         <name>.text.BTNScan</name>
         <load_address>0x3a3c</load_address>
         <readonly>true</readonly>
         <executable>true</executable>
         <run_address>0x3a3c</run_address>
         <size>0x5c</size>
         <alignment>0x4</alignment>
         <input_file_ref idref="fl-8"/>
      </object_component>
      <object_component id="oc-22c">
         <name>.text.frexp</name>
         <load_address>0x3a98</load_address>
         <readonly>true</readonly>
         <executable>true</executable>
         <run_address>0x3a98</run_address>
         <size>0x5c</size>
         <alignment>0x4</alignment>
         <input_file_ref idref="fl-50"/>
      </object_component>
      <object_component id="oc-234">
         <name>.text.__TI_ltoa</name>
         <load_address>0x3af4</load_address>
         <readonly>true</readonly>
         <executable>true</executable>
         <run_address>0x3af4</run_address>
         <size>0x58</size>
         <alignment>0x2</alignment>
         <input_file_ref idref="fl-4c"/>
      </object_component>
      <object_component id="oc-215">
         <name>.text._pconv_f</name>
         <load_address>0x3b4c</load_address>
         <readonly>true</readonly>
         <executable>true</executable>
         <run_address>0x3b4c</run_address>
         <size>0x58</size>
         <alignment>0x2</alignment>
         <input_file_ref idref="fl-43"/>
      </object_component>
      <object_component id="oc-24c">
         <name>.text.__aeabi_idivmod</name>
         <load_address>0x3ba4</load_address>
         <readonly>true</readonly>
         <executable>true</executable>
         <run_address>0x3ba4</run_address>
         <size>0x56</size>
         <alignment>0x4</alignment>
         <input_file_ref idref="fl-115"/>
      </object_component>
      <object_component id="oc-bf">
         <name>.text.SYSCFG_DL_initPower</name>
         <load_address>0x3bfc</load_address>
         <readonly>true</readonly>
         <executable>true</executable>
         <run_address>0x3bfc</run_address>
         <size>0x54</size>
         <alignment>0x4</alignment>
         <input_file_ref idref="fl-2"/>
      </object_component>
      <object_component id="oc-23a">
         <name>.text._ecpy</name>
         <load_address>0x3c50</load_address>
         <readonly>true</readonly>
         <executable>true</executable>
         <run_address>0x3c50</run_address>
         <size>0x52</size>
         <alignment>0x2</alignment>
         <input_file_ref idref="fl-43"/>
      </object_component>
      <object_component id="oc-230">
         <name>.text.__fixdfsi</name>
         <load_address>0x3ca4</load_address>
         <readonly>true</readonly>
         <executable>true</executable>
         <run_address>0x3ca4</run_address>
         <size>0x4a</size>
         <alignment>0x4</alignment>
         <input_file_ref idref="fl-10c"/>
      </object_component>
      <object_component id="oc-f9">
         <name>.text.DL_UART_init</name>
         <load_address>0x3cf0</load_address>
         <readonly>true</readonly>
         <executable>true</executable>
         <run_address>0x3cf0</run_address>
         <size>0x48</size>
         <alignment>0x4</alignment>
         <input_file_ref idref="fl-18"/>
      </object_component>
      <object_component id="oc-f1">
         <name>.text.DL_SYSCTL_switchMCLKfromSYSOSCtoHSCLK</name>
         <load_address>0x3d38</load_address>
         <readonly>true</readonly>
         <executable>true</executable>
         <run_address>0x3d38</run_address>
         <size>0x44</size>
         <alignment>0x4</alignment>
         <input_file_ref idref="fl-19"/>
      </object_component>
      <object_component id="oc-100">
         <name>.text.DL_ADC12_setClockConfig</name>
         <load_address>0x3d7c</load_address>
         <readonly>true</readonly>
         <executable>true</executable>
         <run_address>0x3d7c</run_address>
         <size>0x40</size>
         <alignment>0x4</alignment>
         <input_file_ref idref="fl-16"/>
      </object_component>
      <object_component id="oc-1fc">
         <name>.text.__aeabi_uidivmod</name>
         <load_address>0x3dbc</load_address>
         <readonly>true</readonly>
         <executable>true</executable>
         <run_address>0x3dbc</run_address>
         <size>0x40</size>
         <alignment>0x4</alignment>
         <input_file_ref idref="fl-118"/>
      </object_component>
      <object_component id="oc-113">
         <name>.text.__extendsfdf2</name>
         <load_address>0x3dfc</load_address>
         <readonly>true</readonly>
         <executable>true</executable>
         <run_address>0x3dfc</run_address>
         <size>0x40</size>
         <alignment>0x4</alignment>
         <input_file_ref idref="fl-10b"/>
      </object_component>
      <object_component id="oc-202">
         <name>.text.atoi</name>
         <load_address>0x3e3c</load_address>
         <readonly>true</readonly>
         <executable>true</executable>
         <run_address>0x3e3c</run_address>
         <size>0x40</size>
         <alignment>0x4</alignment>
         <input_file_ref idref="fl-4e"/>
      </object_component>
      <object_component id="oc-1bd">
         <name>.text.__floatsisf</name>
         <load_address>0x3e7c</load_address>
         <readonly>true</readonly>
         <executable>true</executable>
         <run_address>0x3e7c</run_address>
         <size>0x3c</size>
         <alignment>0x4</alignment>
         <input_file_ref idref="fl-10f"/>
      </object_component>
      <object_component id="oc-1ca">
         <name>.text.__gtsf2</name>
         <load_address>0x3eb8</load_address>
         <readonly>true</readonly>
         <executable>true</executable>
         <run_address>0x3eb8</run_address>
         <size>0x3c</size>
         <alignment>0x4</alignment>
         <input_file_ref idref="fl-11a"/>
      </object_component>
      <object_component id="oc-a6">
         <name>.text:__TI_auto_init_nobinit_nopinit</name>
         <load_address>0x3ef4</load_address>
         <readonly>true</readonly>
         <executable>true</executable>
         <run_address>0x3ef4</run_address>
         <size>0x3c</size>
         <alignment>0x4</alignment>
         <input_file_ref idref="fl-3d"/>
      </object_component>
      <object_component id="oc-1c5">
         <name>.text.__eqsf2</name>
         <load_address>0x3f30</load_address>
         <readonly>true</readonly>
         <executable>true</executable>
         <run_address>0x3f30</run_address>
         <size>0x3a</size>
         <alignment>0x4</alignment>
         <input_file_ref idref="fl-11a"/>
      </object_component>
      <object_component id="oc-178">
         <name>.text.__muldsi3</name>
         <load_address>0x3f6c</load_address>
         <readonly>true</readonly>
         <executable>true</executable>
         <run_address>0x3f6c</run_address>
         <size>0x3a</size>
         <alignment>0x4</alignment>
         <input_file_ref idref="fl-107"/>
      </object_component>
      <object_component id="oc-146">
         <name>.text.__fixsfsi</name>
         <load_address>0x3fa8</load_address>
         <readonly>true</readonly>
         <executable>true</executable>
         <run_address>0x3fa8</run_address>
         <size>0x38</size>
         <alignment>0x4</alignment>
         <input_file_ref idref="fl-10d"/>
      </object_component>
      <object_component id="oc-1ac">
         <name>.text.sprintf</name>
         <load_address>0x3fe0</load_address>
         <readonly>true</readonly>
         <executable>true</executable>
         <run_address>0x3fe0</run_address>
         <size>0x38</size>
         <alignment>0x4</alignment>
         <input_file_ref idref="fl-33"/>
      </object_component>
      <object_component id="oc-9e">
         <name>.text.TaskScan</name>
         <load_address>0x4018</load_address>
         <readonly>true</readonly>
         <executable>true</executable>
         <run_address>0x4018</run_address>
         <size>0x34</size>
         <alignment>0x4</alignment>
         <input_file_ref idref="fl-8"/>
      </object_component>
      <object_component id="oc-c7">
         <name>.text.SYSCFG_DL_SYSTICK_init</name>
         <load_address>0x404c</load_address>
         <readonly>true</readonly>
         <executable>true</executable>
         <run_address>0x404c</run_address>
         <size>0x30</size>
         <alignment>0x4</alignment>
         <input_file_ref idref="fl-2"/>
      </object_component>
      <object_component id="oc-94">
         <name>.text.SYSCFG_DL_init</name>
         <load_address>0x407c</load_address>
         <readonly>true</readonly>
         <executable>true</executable>
         <run_address>0x407c</run_address>
         <size>0x30</size>
         <alignment>0x4</alignment>
         <input_file_ref idref="fl-2"/>
      </object_component>
      <object_component id="oc-23b">
         <name>.text._fcpy</name>
         <load_address>0x40ac</load_address>
         <readonly>true</readonly>
         <executable>true</executable>
         <run_address>0x40ac</run_address>
         <size>0x30</size>
         <alignment>0x2</alignment>
         <input_file_ref idref="fl-43"/>
      </object_component>
      <object_component id="oc-12d">
         <name>.text.sendString</name>
         <load_address>0x40dc</load_address>
         <readonly>true</readonly>
         <executable>true</executable>
         <run_address>0x40dc</run_address>
         <size>0x30</size>
         <alignment>0x4</alignment>
         <input_file_ref idref="fl-7"/>
      </object_component>
      <object_component id="oc-192">
         <name>.text.__floatsidf</name>
         <load_address>0x410c</load_address>
         <readonly>true</readonly>
         <executable>true</executable>
         <run_address>0x410c</run_address>
         <size>0x2c</size>
         <alignment>0x4</alignment>
         <input_file_ref idref="fl-10e"/>
      </object_component>
      <object_component id="oc-107">
         <name>.text.__floatunsisf</name>
         <load_address>0x4138</load_address>
         <readonly>true</readonly>
         <executable>true</executable>
         <run_address>0x4138</run_address>
         <size>0x28</size>
         <alignment>0x4</alignment>
         <input_file_ref idref="fl-110"/>
      </object_component>
      <object_component id="oc-5b">
         <name>.text:_c_int00_noargs</name>
         <load_address>0x4160</load_address>
         <readonly>true</readonly>
         <executable>true</executable>
         <run_address>0x4160</run_address>
         <size>0x28</size>
         <alignment>0x4</alignment>
         <input_file_ref idref="fl-3b"/>
      </object_component>
      <object_component id="oc-39">
         <name>.text.ADC0_IRQHandler</name>
         <load_address>0x4188</load_address>
         <readonly>true</readonly>
         <executable>true</executable>
         <run_address>0x4188</run_address>
         <size>0x24</size>
         <alignment>0x4</alignment>
         <input_file_ref idref="fl-1"/>
      </object_component>
      <object_component id="oc-20a">
         <name>.text.__muldi3</name>
         <load_address>0x41ac</load_address>
         <readonly>true</readonly>
         <executable>true</executable>
         <run_address>0x41ac</run_address>
         <size>0x24</size>
         <alignment>0x4</alignment>
         <input_file_ref idref="fl-111"/>
      </object_component>
      <object_component id="oc-1f7">
         <name>.text.memccpy</name>
         <load_address>0x41d0</load_address>
         <readonly>true</readonly>
         <executable>true</executable>
         <run_address>0x41d0</run_address>
         <size>0x22</size>
         <alignment>0x2</alignment>
         <input_file_ref idref="fl-4f"/>
      </object_component>
      <object_component id="oc-243">
         <name>.text.__ashldi3</name>
         <load_address>0x41f4</load_address>
         <readonly>true</readonly>
         <executable>true</executable>
         <run_address>0x41f4</run_address>
         <size>0x1e</size>
         <alignment>0x4</alignment>
         <input_file_ref idref="fl-11c"/>
      </object_component>
      <object_component id="oc-7c">
         <name>.text.main</name>
         <load_address>0x4212</load_address>
         <readonly>true</readonly>
         <executable>true</executable>
         <run_address>0x4212</run_address>
         <size>0x1e</size>
         <alignment>0x2</alignment>
         <input_file_ref idref="fl-1"/>
      </object_component>
      <object_component id="oc-1e2">
         <name>.text._outs</name>
         <load_address>0x4230</load_address>
         <readonly>true</readonly>
         <executable>true</executable>
         <run_address>0x4230</run_address>
         <size>0x18</size>
         <alignment>0x2</alignment>
         <input_file_ref idref="fl-33"/>
      </object_component>
      <object_component id="oc-52">
         <name>.text:decompress:ZI:__TI_zero_init_nomemset</name>
         <load_address>0x4248</load_address>
         <readonly>true</readonly>
         <executable>true</executable>
         <run_address>0x4248</run_address>
         <size>0x16</size>
         <alignment>0x2</alignment>
         <input_file_ref idref="fl-40"/>
      </object_component>
      <object_component id="oc-20f">
         <name>.text.__aeabi_uldivmod</name>
         <load_address>0x4260</load_address>
         <readonly>true</readonly>
         <executable>true</executable>
         <run_address>0x4260</run_address>
         <size>0x14</size>
         <alignment>0x4</alignment>
         <input_file_ref idref="fl-119"/>
      </object_component>
      <object_component id="oc-239">
         <name>.text.strchr</name>
         <load_address>0x4274</load_address>
         <readonly>true</readonly>
         <executable>true</executable>
         <run_address>0x4274</run_address>
         <size>0x14</size>
         <alignment>0x2</alignment>
         <input_file_ref idref="fl-43"/>
      </object_component>
      <object_component id="oc-f3">
         <name>.text.DL_UART_setClockConfig</name>
         <load_address>0x4288</load_address>
         <readonly>true</readonly>
         <executable>true</executable>
         <run_address>0x4288</run_address>
         <size>0x12</size>
         <alignment>0x2</alignment>
         <input_file_ref idref="fl-18"/>
      </object_component>
      <object_component id="oc-20">
         <name>.text:decompress:none</name>
         <load_address>0x429a</load_address>
         <readonly>true</readonly>
         <executable>true</executable>
         <run_address>0x429a</run_address>
         <size>0x12</size>
         <alignment>0x2</alignment>
         <input_file_ref idref="fl-41"/>
      </object_component>
      <object_component id="oc-206">
         <name>.text.wcslen</name>
         <load_address>0x42ac</load_address>
         <readonly>true</readonly>
         <executable>true</executable>
         <run_address>0x42ac</run_address>
         <size>0x10</size>
         <alignment>0x2</alignment>
         <input_file_ref idref="fl-51"/>
      </object_component>
      <object_component id="oc-1f6">
         <name>.text.__aeabi_memset</name>
         <load_address>0x42bc</load_address>
         <readonly>true</readonly>
         <executable>true</executable>
         <run_address>0x42bc</run_address>
         <size>0xe</size>
         <alignment>0x4</alignment>
         <input_file_ref idref="fl-117"/>
      </object_component>
      <object_component id="oc-1f5">
         <name>.text.strlen</name>
         <load_address>0x42ca</load_address>
         <readonly>true</readonly>
         <executable>true</executable>
         <run_address>0x42ca</run_address>
         <size>0xe</size>
         <alignment>0x2</alignment>
         <input_file_ref idref="fl-43"/>
      </object_component>
      <object_component id="oc-e7">
         <name>.text.DL_Common_delayCycles</name>
         <load_address>0x42d8</load_address>
         <readonly>true</readonly>
         <executable>true</executable>
         <run_address>0x42d8</run_address>
         <size>0xa</size>
         <alignment>0x2</alignment>
         <input_file_ref idref="fl-17"/>
      </object_component>
      <object_component id="oc-238">
         <name>.text.OUTLINED_FUNCTION_0</name>
         <load_address>0x42e2</load_address>
         <readonly>true</readonly>
         <executable>true</executable>
         <run_address>0x42e2</run_address>
         <size>0xa</size>
         <alignment>0x2</alignment>
         <input_file_ref idref="fl-43"/>
      </object_component>
      <object_component id="oc-29c">
         <name>.tramp.__aeabi_dsub.1</name>
         <load_address>0x42ec</load_address>
         <readonly>true</readonly>
         <executable>true</executable>
         <run_address>0x42ec</run_address>
         <size>0x10</size>
         <alignment>0x4</alignment>
         <input_file_ref idref="fl-105"/>
      </object_component>
      <object_component id="oc-18e">
         <name>.text.OUTLINED_FUNCTION_0</name>
         <load_address>0x42fc</load_address>
         <readonly>true</readonly>
         <executable>true</executable>
         <run_address>0x42fc</run_address>
         <size>0xa</size>
         <alignment>0x2</alignment>
         <input_file_ref idref="fl-30"/>
      </object_component>
      <object_component id="oc-29d">
         <name>.tramp.__aeabi_dmul.1</name>
         <load_address>0x4308</load_address>
         <readonly>true</readonly>
         <executable>true</executable>
         <run_address>0x4308</run_address>
         <size>0x10</size>
         <alignment>0x4</alignment>
         <input_file_ref idref="fl-106"/>
      </object_component>
      <object_component id="oc-23e">
         <name>.text.OUTLINED_FUNCTION_1</name>
         <load_address>0x4318</load_address>
         <readonly>true</readonly>
         <executable>true</executable>
         <run_address>0x4318</run_address>
         <size>0xa</size>
         <alignment>0x2</alignment>
         <input_file_ref idref="fl-43"/>
      </object_component>
      <object_component id="oc-19c">
         <name>.text.OUTLINED_FUNCTION_1</name>
         <load_address>0x4322</load_address>
         <readonly>true</readonly>
         <executable>true</executable>
         <run_address>0x4322</run_address>
         <size>0xa</size>
         <alignment>0x2</alignment>
         <input_file_ref idref="fl-30"/>
      </object_component>
      <object_component id="oc-18c">
         <name>.text.OUTLINED_FUNCTION_6</name>
         <load_address>0x432c</load_address>
         <readonly>true</readonly>
         <executable>true</executable>
         <run_address>0x432c</run_address>
         <size>0xa</size>
         <alignment>0x2</alignment>
         <input_file_ref idref="fl-30"/>
      </object_component>
      <object_component id="oc-1e3">
         <name>.text._outc</name>
         <load_address>0x4336</load_address>
         <readonly>true</readonly>
         <executable>true</executable>
         <run_address>0x4336</run_address>
         <size>0xa</size>
         <alignment>0x2</alignment>
         <input_file_ref idref="fl-33"/>
      </object_component>
      <object_component id="oc-1b3">
         <name>.text.OUTLINED_FUNCTION_0</name>
         <load_address>0x4340</load_address>
         <readonly>true</readonly>
         <executable>true</executable>
         <run_address>0x4340</run_address>
         <size>0x8</size>
         <alignment>0x2</alignment>
         <input_file_ref idref="fl-3a"/>
      </object_component>
      <object_component id="oc-196">
         <name>.text.OUTLINED_FUNCTION_2</name>
         <load_address>0x4348</load_address>
         <readonly>true</readonly>
         <executable>true</executable>
         <run_address>0x4348</run_address>
         <size>0x8</size>
         <alignment>0x2</alignment>
         <input_file_ref idref="fl-30"/>
      </object_component>
      <object_component id="oc-182">
         <name>.text.__aeabi_errno_addr</name>
         <load_address>0x4350</load_address>
         <readonly>true</readonly>
         <executable>true</executable>
         <run_address>0x4350</run_address>
         <size>0x8</size>
         <alignment>0x4</alignment>
         <input_file_ref idref="fl-36"/>
      </object_component>
      <object_component id="oc-4b">
         <name>.text.__aeabi_memcpy</name>
         <load_address>0x4358</load_address>
         <readonly>true</readonly>
         <executable>true</executable>
         <run_address>0x4358</run_address>
         <size>0x8</size>
         <alignment>0x4</alignment>
         <input_file_ref idref="fl-116"/>
      </object_component>
      <object_component id="oc-18f">
         <name>.text.OUTLINED_FUNCTION_3</name>
         <load_address>0x4360</load_address>
         <readonly>true</readonly>
         <executable>true</executable>
         <run_address>0x4360</run_address>
         <size>0x6</size>
         <alignment>0x2</alignment>
         <input_file_ref idref="fl-30"/>
      </object_component>
      <object_component id="oc-29e">
         <name>.tramp.__aeabi_dadd.1</name>
         <load_address>0x4368</load_address>
         <readonly>true</readonly>
         <executable>true</executable>
         <run_address>0x4368</run_address>
         <size>0x10</size>
         <alignment>0x4</alignment>
         <input_file_ref idref="fl-105"/>
      </object_component>
      <object_component id="oc-18d">
         <name>.text.OUTLINED_FUNCTION_4</name>
         <load_address>0x4378</load_address>
         <readonly>true</readonly>
         <executable>true</executable>
         <run_address>0x4378</run_address>
         <size>0x6</size>
         <alignment>0x2</alignment>
         <input_file_ref idref="fl-30"/>
      </object_component>
      <object_component id="oc-1a1">
         <name>.text.OUTLINED_FUNCTION_5</name>
         <load_address>0x437e</load_address>
         <readonly>true</readonly>
         <executable>true</executable>
         <run_address>0x437e</run_address>
         <size>0x6</size>
         <alignment>0x2</alignment>
         <input_file_ref idref="fl-30"/>
      </object_component>
      <object_component id="oc-9f">
         <name>.text:abort</name>
         <load_address>0x4384</load_address>
         <readonly>true</readonly>
         <executable>true</executable>
         <run_address>0x4384</run_address>
         <size>0x6</size>
         <alignment>0x2</alignment>
         <input_file_ref idref="fl-4a"/>
      </object_component>
      <object_component id="oc-d6">
         <name>.text.HOSTexit</name>
         <load_address>0x438a</load_address>
         <readonly>true</readonly>
         <executable>true</executable>
         <run_address>0x438a</run_address>
         <size>0x4</size>
         <alignment>0x2</alignment>
         <input_file_ref idref="fl-f4"/>
      </object_component>
      <object_component id="oc-1c1">
         <name>.text.OUTLINED_FUNCTION_0</name>
         <load_address>0x438e</load_address>
         <readonly>true</readonly>
         <executable>true</executable>
         <run_address>0x438e</run_address>
         <size>0x4</size>
         <alignment>0x2</alignment>
         <input_file_ref idref="fl-35"/>
      </object_component>
      <object_component id="oc-29f">
         <name>.tramp.__aeabi_fmul.1</name>
         <load_address>0x4394</load_address>
         <readonly>true</readonly>
         <executable>true</executable>
         <run_address>0x4394</run_address>
         <size>0x10</size>
         <alignment>0x4</alignment>
         <input_file_ref idref="fl-108"/>
      </object_component>
      <object_component id="oc-191">
         <name>.text.OUTLINED_FUNCTION_10</name>
         <load_address>0x43a4</load_address>
         <readonly>true</readonly>
         <executable>true</executable>
         <run_address>0x43a4</run_address>
         <size>0x4</size>
         <alignment>0x2</alignment>
         <input_file_ref idref="fl-30"/>
      </object_component>
      <object_component id="oc-181">
         <name>.text.OUTLINED_FUNCTION_7</name>
         <load_address>0x43a8</load_address>
         <readonly>true</readonly>
         <executable>true</executable>
         <run_address>0x43a8</run_address>
         <size>0x4</size>
         <alignment>0x2</alignment>
         <input_file_ref idref="fl-30"/>
      </object_component>
      <object_component id="oc-190">
         <name>.text.OUTLINED_FUNCTION_8</name>
         <load_address>0x43ac</load_address>
         <readonly>true</readonly>
         <executable>true</executable>
         <run_address>0x43ac</run_address>
         <size>0x4</size>
         <alignment>0x2</alignment>
         <input_file_ref idref="fl-30"/>
      </object_component>
      <object_component id="oc-18b">
         <name>.text.OUTLINED_FUNCTION_9</name>
         <load_address>0x43b0</load_address>
         <readonly>true</readonly>
         <executable>true</executable>
         <run_address>0x43b0</run_address>
         <size>0x4</size>
         <alignment>0x2</alignment>
         <input_file_ref idref="fl-30"/>
      </object_component>
      <object_component id="oc-2f">
         <name>.text.Reset_Handler</name>
         <load_address>0x43b4</load_address>
         <readonly>true</readonly>
         <executable>true</executable>
         <run_address>0x43b4</run_address>
         <size>0x4</size>
         <alignment>0x2</alignment>
         <input_file_ref idref="fl-3"/>
      </object_component>
      <object_component id="oc-78">
         <name>.text._system_pre_init</name>
         <load_address>0x43b8</load_address>
         <readonly>true</readonly>
         <executable>true</executable>
         <run_address>0x43b8</run_address>
         <size>0x4</size>
         <alignment>0x2</alignment>
         <input_file_ref idref="fl-3e"/>
      </object_component>
      <object_component id="oc-298">
         <name>.cinit..data.load</name>
         <load_address>0x4610</load_address>
         <readonly>true</readonly>
         <run_address>0x4610</run_address>
         <size>0x10</size>
         <alignment>0x1</alignment>
      </object_component>
      <object_component id="oc-296">
         <name>__TI_handler_table</name>
         <load_address>0x4620</load_address>
         <readonly>true</readonly>
         <run_address>0x4620</run_address>
         <size>0xc</size>
         <alignment>0x4</alignment>
      </object_component>
      <object_component id="oc-299">
         <name>.cinit..bss.load</name>
         <load_address>0x462c</load_address>
         <readonly>true</readonly>
         <run_address>0x462c</run_address>
         <size>0x8</size>
         <alignment>0x4</alignment>
      </object_component>
      <object_component id="oc-297">
         <name>__TI_cinit_table</name>
         <load_address>0x4634</load_address>
         <readonly>true</readonly>
         <run_address>0x4634</run_address>
         <size>0x10</size>
         <alignment>0x4</alignment>
      </object_component>
      <object_component id="oc-1b8">
         <name>.rodata:__aeabi_ctype_table_</name>
         <load_address>0x43c0</load_address>
         <readonly>true</readonly>
         <run_address>0x43c0</run_address>
         <size>0x101</size>
         <alignment>0x10</alignment>
         <input_file_ref idref="fl-49"/>
      </object_component>
      <object_component id="oc-137">
         <name>.rodata.str1.13876905621293279013.1</name>
         <load_address>0x44c1</load_address>
         <readonly>true</readonly>
         <run_address>0x44c1</run_address>
         <size>0x3</size>
         <alignment>0x1</alignment>
         <input_file_ref idref="fl-8"/>
      </object_component>
      <object_component id="oc-1b9">
         <name>.rodata.digits</name>
         <load_address>0x44c4</load_address>
         <readonly>true</readonly>
         <run_address>0x44c4</run_address>
         <size>0x40</size>
         <alignment>0x4</alignment>
         <input_file_ref idref="fl-3a"/>
      </object_component>
      <object_component id="oc-fc">
         <name>.rodata.gUART_0ClockConfig</name>
         <load_address>0x4504</load_address>
         <readonly>true</readonly>
         <run_address>0x4504</run_address>
         <size>0x2</size>
         <alignment>0x1</alignment>
         <input_file_ref idref="fl-2"/>
      </object_component>
      <object_component id="oc-fe">
         <name>.rodata.gUART_1ClockConfig</name>
         <load_address>0x4506</load_address>
         <readonly>true</readonly>
         <run_address>0x4506</run_address>
         <size>0x2</size>
         <alignment>0x1</alignment>
         <input_file_ref idref="fl-2"/>
      </object_component>
      <object_component id="oc-19b">
         <name>.rodata.cst16</name>
         <load_address>0x4508</load_address>
         <readonly>true</readonly>
         <run_address>0x4508</run_address>
         <size>0x30</size>
         <alignment>0x8</alignment>
         <input_file_ref idref="fl-30"/>
      </object_component>
      <object_component id="oc-f2">
         <name>.rodata.gSYSPLLConfig</name>
         <load_address>0x4538</load_address>
         <readonly>true</readonly>
         <run_address>0x4538</run_address>
         <size>0x28</size>
         <alignment>0x4</alignment>
         <input_file_ref idref="fl-2"/>
      </object_component>
      <object_component id="oc-1ba">
         <name>.rodata.powerof10</name>
         <load_address>0x4560</load_address>
         <readonly>true</readonly>
         <run_address>0x4560</run_address>
         <size>0x18</size>
         <alignment>0x4</alignment>
         <input_file_ref idref="fl-3a"/>
      </object_component>
      <object_component id="oc-15e">
         <name>.rodata.str1.18052651704520916746.1</name>
         <load_address>0x4578</load_address>
         <readonly>true</readonly>
         <run_address>0x4578</run_address>
         <size>0x12</size>
         <alignment>0x1</alignment>
         <input_file_ref idref="fl-8"/>
      </object_component>
      <object_component id="oc-20e">
         <name>.rodata.str1.10348868589481759720.1</name>
         <load_address>0x458a</load_address>
         <readonly>true</readonly>
         <run_address>0x458a</run_address>
         <size>0x11</size>
         <alignment>0x1</alignment>
         <input_file_ref idref="fl-43"/>
      </object_component>
      <object_component id="oc-136">
         <name>.rodata.str1.15275780387583481633.1</name>
         <load_address>0x459b</load_address>
         <readonly>true</readonly>
         <run_address>0x459b</run_address>
         <size>0x11</size>
         <alignment>0x1</alignment>
         <input_file_ref idref="fl-8"/>
      </object_component>
      <object_component id="oc-1fb">
         <name>.rodata.str1.15363888844622738466.1</name>
         <load_address>0x45ac</load_address>
         <readonly>true</readonly>
         <run_address>0x45ac</run_address>
         <size>0x11</size>
         <alignment>0x1</alignment>
         <input_file_ref idref="fl-43"/>
      </object_component>
      <object_component id="oc-158">
         <name>.rodata.str1.13803751183915423890.1</name>
         <load_address>0x45bd</load_address>
         <readonly>true</readonly>
         <run_address>0x45bd</run_address>
         <size>0xc</size>
         <alignment>0x1</alignment>
         <input_file_ref idref="fl-8"/>
      </object_component>
      <object_component id="oc-15f">
         <name>.rodata.str1.7822139254754781210.1</name>
         <load_address>0x45c9</load_address>
         <readonly>true</readonly>
         <run_address>0x45c9</run_address>
         <size>0xc</size>
         <alignment>0x1</alignment>
         <input_file_ref idref="fl-8"/>
      </object_component>
      <object_component id="oc-fd">
         <name>.rodata.gUART_0Config</name>
         <load_address>0x45d6</load_address>
         <readonly>true</readonly>
         <run_address>0x45d6</run_address>
         <size>0xa</size>
         <alignment>0x2</alignment>
         <input_file_ref idref="fl-2"/>
      </object_component>
      <object_component id="oc-ff">
         <name>.rodata.gUART_1Config</name>
         <load_address>0x45e0</load_address>
         <readonly>true</readonly>
         <run_address>0x45e0</run_address>
         <size>0xa</size>
         <alignment>0x2</alignment>
         <input_file_ref idref="fl-2"/>
      </object_component>
      <object_component id="oc-fb">
         <name>.rodata.gUART_2Config</name>
         <load_address>0x45ea</load_address>
         <readonly>true</readonly>
         <run_address>0x45ea</run_address>
         <size>0xa</size>
         <alignment>0x2</alignment>
         <input_file_ref idref="fl-2"/>
      </object_component>
      <object_component id="oc-106">
         <name>.rodata.gADC12_0ClockConfig</name>
         <load_address>0x45f4</load_address>
         <readonly>true</readonly>
         <run_address>0x45f4</run_address>
         <size>0x8</size>
         <alignment>0x4</alignment>
         <input_file_ref idref="fl-2"/>
      </object_component>
      <object_component id="oc-139">
         <name>.rodata.str1.12380682929610600086.1</name>
         <load_address>0x45fc</load_address>
         <readonly>true</readonly>
         <run_address>0x45fc</run_address>
         <size>0x7</size>
         <alignment>0x1</alignment>
         <input_file_ref idref="fl-8"/>
      </object_component>
      <object_component id="oc-1b2">
         <name>.rodata.str1.6221462180413253723.1</name>
         <load_address>0x4603</load_address>
         <readonly>true</readonly>
         <run_address>0x4603</run_address>
         <size>0x7</size>
         <alignment>0x1</alignment>
         <input_file_ref idref="fl-7"/>
      </object_component>
      <object_component id="oc-fa">
         <name>.rodata.gUART_2ClockConfig</name>
         <load_address>0x460a</load_address>
         <readonly>true</readonly>
         <run_address>0x460a</run_address>
         <size>0x2</size>
         <alignment>0x1</alignment>
         <input_file_ref idref="fl-2"/>
      </object_component>
      <object_component id="oc-25e">
         <name>.binit</name>
         <load_address>0x0</load_address>
         <readonly>true</readonly>
         <run_address>0x0</run_address>
         <size>0x0</size>
         <alignment>0x4</alignment>
      </object_component>
      <object_component id="oc-69">
         <name>.data.gCheckADC</name>
         <load_address>0x202002c2</load_address>
         <readwrite>true</readwrite>
         <run_address>0x202002c2</run_address>
         <size>0x1</size>
         <alignment>0x1</alignment>
         <input_file_ref idref="fl-1"/>
      </object_component>
      <object_component id="oc-6e">
         <name>.data.uart_rx_finish</name>
         <load_address>0x202002c3</load_address>
         <readwrite>true</readwrite>
         <run_address>0x202002c3</run_address>
         <size>0x1</size>
         <alignment>0x1</alignment>
         <input_file_ref idref="fl-1"/>
      </object_component>
      <object_component id="oc-6c">
         <name>.data.uart_rx_index</name>
         <load_address>0x202002c4</load_address>
         <readwrite>true</readwrite>
         <run_address>0x202002c4</run_address>
         <size>0x1</size>
         <alignment>0x1</alignment>
         <input_file_ref idref="fl-1"/>
      </object_component>
      <object_component id="oc-135">
         <name>.data.c_param</name>
         <load_address>0x20200278</load_address>
         <readwrite>true</readwrite>
         <run_address>0x20200278</run_address>
         <size>0x10</size>
         <alignment>0x4</alignment>
         <input_file_ref idref="fl-1"/>
      </object_component>
      <object_component id="oc-134">
         <name>.data.InputImpState</name>
         <load_address>0x202002ba</load_address>
         <readwrite>true</readwrite>
         <run_address>0x202002ba</run_address>
         <size>0x1</size>
         <alignment>0x1</alignment>
         <input_file_ref idref="fl-1"/>
      </object_component>
      <object_component id="oc-156">
         <name>.data.OutputImpState</name>
         <load_address>0x202002bc</load_address>
         <readwrite>true</readwrite>
         <run_address>0x202002bc</run_address>
         <size>0x1</size>
         <alignment>0x1</alignment>
         <input_file_ref idref="fl-1"/>
      </object_component>
      <object_component id="oc-138">
         <name>.data.GainState</name>
         <load_address>0x20200297</load_address>
         <readwrite>true</readwrite>
         <run_address>0x20200297</run_address>
         <size>0x1</size>
         <alignment>0x1</alignment>
         <input_file_ref idref="fl-1"/>
      </object_component>
      <object_component id="oc-157">
         <name>.data.Out_state</name>
         <load_address>0x202002bb</load_address>
         <readwrite>true</readwrite>
         <run_address>0x202002bb</run_address>
         <size>0x1</size>
         <alignment>0x1</alignment>
         <input_file_ref idref="fl-1"/>
[...]
         <name>CalGain</name>
         <value>0x287d</value>
         <object_component_ref idref="oc-d3"/>
      </symbol>
      <symbol id="sm-111">
         <name>PlotAmpFreq</name>
         <value>0x1b4d</value>
         <object_component_ref idref="oc-d4"/>
      </symbol>
      <symbol id="sm-112">
         <name>CalOutputImp</name>
         <value>0x1839</value>
         <object_component_ref idref="oc-d5"/>
      </symbol>
      <symbol id="sm-113">
         <name>BTNScan</name>
         <value>0x3a3d</value>
         <object_component_ref idref="oc-99"/>
      </symbol>
      <symbol id="sm-114">
         <name>__TI_ATRegion0_src_addr</name>
         <value>0x0</value>
      </symbol>
      <symbol id="sm-115">
         <name>__TI_ATRegion0_trg_addr</name>
         <value>0x0</value>
      </symbol>
      <symbol id="sm-116">
         <name>__TI_ATRegion0_region_sz</name>
         <value>0x0</value>
      </symbol>
      <symbol id="sm-117">
         <name>__TI_ATRegion1_src_addr</name>
         <value>0x0</value>
      </symbol>
      <symbol id="sm-118">
         <name>__TI_ATRegion1_trg_addr</name>
         <value>0x0</value>
      </symbol>
      <symbol id="sm-119">
         <name>__TI_ATRegion1_region_sz</name>
         <value>0x0</value>
      </symbol>
      <symbol id="sm-11a">
         <name>__TI_ATRegion2_src_addr</name>
         <value>0x0</value>
      </symbol>
      <symbol id="sm-11b">
         <name>__TI_ATRegion2_trg_addr</name>
         <value>0x0</value>
      </symbol>
      <symbol id="sm-11c">
         <name>__TI_ATRegion2_region_sz</name>
         <value>0x0</value>
      </symbol>
      <symbol id="sm-127">
         <name>DL_ADC12_setClockConfig</name>
         <value>0x3d7d</value>
         <object_component_ref idref="oc-100"/>
      </symbol>
      <symbol id="sm-130">
         <name>DL_Common_delayCycles</name>
         <value>0x42d9</value>
         <object_component_ref idref="oc-e7"/>
      </symbol>
      <symbol id="sm-13d">
         <name>DL_UART_init</name>
         <value>0x3cf1</value>
         <object_component_ref idref="oc-f9"/>
      </symbol>
      <symbol id="sm-13e">
         <name>DL_UART_setClockConfig</name>
         <value>0x4289</value>
         <object_component_ref idref="oc-f3"/>
      </symbol>
      <symbol id="sm-14c">
         <name>DL_SYSCTL_configSYSPLL</name>
         <value>0x2cb1</value>
         <object_component_ref idref="oc-eb"/>
      </symbol>
      <symbol id="sm-14d">
         <name>DL_SYSCTL_switchMCLKfromSYSOSCtoHSCLK</name>
         <value>0x3d39</value>
         <object_component_ref idref="oc-f1"/>
      </symbol>
      <symbol id="sm-181">
         <name>pow</name>
         <value>0xc1</value>
         <object_component_ref idref="oc-11f"/>
      </symbol>
      <symbol id="sm-182">
         <name>powl</name>
         <value>0xc1</value>
         <object_component_ref idref="oc-11f"/>
      </symbol>
      <symbol id="sm-18c">
         <name>sqrt</name>
         <value>0x249d</value>
         <object_component_ref idref="oc-1a2"/>
      </symbol>
      <symbol id="sm-18d">
         <name>sqrtl</name>
         <value>0x249d</value>
         <object_component_ref idref="oc-1a2"/>
      </symbol>
      <symbol id="sm-197">
         <name>scalbn</name>
         <value>0x2d8d</value>
         <object_component_ref idref="oc-19d"/>
      </symbol>
      <symbol id="sm-198">
         <name>ldexp</name>
         <value>0x2d8d</value>
         <object_component_ref idref="oc-19d"/>
      </symbol>
      <symbol id="sm-199">
         <name>scalbnl</name>
         <value>0x2d8d</value>
         <object_component_ref idref="oc-19d"/>
      </symbol>
      <symbol id="sm-19a">
         <name>ldexpl</name>
         <value>0x2d8d</value>
         <object_component_ref idref="oc-19d"/>
      </symbol>
      <symbol id="sm-1ab">
         <name>sprintf</name>
         <value>0x3fe1</value>
         <object_component_ref idref="oc-1ac"/>
      </symbol>
      <symbol id="sm-1ba">
         <name>log10f</name>
         <value>0x2175</value>
         <object_component_ref idref="oc-140"/>
      </symbol>
      <symbol id="sm-1c5">
         <name>__aeabi_errno_addr</name>
         <value>0x4351</value>
         <object_component_ref idref="oc-182"/>
      </symbol>
      <symbol id="sm-1c6">
         <name>__aeabi_errno</name>
         <value>0x202002a4</value>
         <object_component_ref idref="oc-1cd"/>
      </symbol>
      <symbol id="sm-1db">
         <name>strtof</name>
         <value>0x14d9</value>
         <object_component_ref idref="oc-13a"/>
      </symbol>
      <symbol id="sm-1e6">
         <name>_c_int00_noargs</name>
         <value>0x4161</value>
         <object_component_ref idref="oc-5b"/>
      </symbol>
      <symbol id="sm-1e7">
         <name>__stack</name>
         <value>0x20207e00</value>
         <object_component_ref idref="oc-1a"/>
      </symbol>
      <symbol id="sm-1f3">
         <name>__TI_auto_init_nobinit_nopinit</name>
         <value>0x3ef5</value>
         <object_component_ref idref="oc-a6"/>
      </symbol>
      <symbol id="sm-1fb">
         <name>_system_pre_init</name>
         <value>0x43b9</value>
         <object_component_ref idref="oc-78"/>
      </symbol>
      <symbol id="sm-206">
         <name>__TI_zero_init_nomemset</name>
         <value>0x4249</value>
         <object_component_ref idref="oc-52"/>
      </symbol>
      <symbol id="sm-20f">
         <name>__TI_decompress_none</name>
         <value>0x429b</value>
         <object_component_ref idref="oc-20"/>
      </symbol>
      <symbol id="sm-21a">
         <name>__TI_decompress_lzss</name>
         <value>0x3561</value>
         <object_component_ref idref="oc-1c"/>
      </symbol>
      <symbol id="sm-263">
         <name>__TI_printfi</name>
         <value>0xb09</value>
         <object_component_ref idref="oc-1f4"/>
      </symbol>
      <symbol id="sm-271">
         <name>scalbnf</name>
         <value>0x2f3d</value>
         <object_component_ref idref="oc-1b4"/>
      </symbol>
      <symbol id="sm-272">
         <name>ldexpf</name>
         <value>0x2f3d</value>
         <object_component_ref idref="oc-1b4"/>
      </symbol>
      <symbol id="sm-273">
         <name>__aeabi_ctype_table_</name>
         <value>0x43c0</value>
         <object_component_ref idref="oc-1b8"/>
      </symbol>
      <symbol id="sm-274">
         <name>__aeabi_ctype_table_C</name>
         <value>0x43c0</value>
         <object_component_ref idref="oc-1b8"/>
      </symbol>
      <symbol id="sm-27e">
         <name>abort</name>
         <value>0x4385</value>
         <object_component_ref idref="oc-9f"/>
      </symbol>
      <symbol id="sm-288">
         <name>__TI_ltoa</name>
         <value>0x3af5</value>
         <object_component_ref idref="oc-234"/>
      </symbol>
      <symbol id="sm-293">
         <name>atoi</name>
         <value>0x3e3d</value>
         <object_component_ref idref="oc-202"/>
      </symbol>
      <symbol id="sm-29c">
         <name>memccpy</name>
         <value>0x41d1</value>
         <object_component_ref idref="oc-1f7"/>
      </symbol>
      <symbol id="sm-2a6">
         <name>frexp</name>
         <value>0x3a99</value>
         <object_component_ref idref="oc-22c"/>
      </symbol>
      <symbol id="sm-2a7">
         <name>frexpl</name>
         <value>0x3a99</value>
         <object_component_ref idref="oc-22c"/>
      </symbol>
      <symbol id="sm-2b0">
         <name>wcslen</name>
         <value>0x42ad</value>
         <object_component_ref idref="oc-206"/>
      </symbol>
      <symbol id="sm-2bb">
         <name>HOSTexit</name>
         <value>0x438b</value>
         <object_component_ref idref="oc-d6"/>
      </symbol>
      <symbol id="sm-2bc">
         <name>C$$EXIT</name>
         <value>0x438a</value>
         <object_component_ref idref="oc-d6"/>
      </symbol>
      <symbol id="sm-2d1">
         <name>__aeabi_fadd</name>
         <value>0x2e6f</value>
         <object_component_ref idref="oc-129"/>
      </symbol>
      <symbol id="sm-2d2">
         <name>__addsf3</name>
         <value>0x2e6f</value>
         <object_component_ref idref="oc-129"/>
      </symbol>
      <symbol id="sm-2d3">
         <name>__aeabi_fsub</name>
         <value>0x2e65</value>
         <object_component_ref idref="oc-129"/>
      </symbol>
      <symbol id="sm-2d4">
         <name>__subsf3</name>
         <value>0x2e65</value>
         <object_component_ref idref="oc-129"/>
      </symbol>
      <symbol id="sm-2da">
         <name>__aeabi_dadd</name>
         <value>0x2313</value>
         <object_component_ref idref="oc-117"/>
      </symbol>
      <symbol id="sm-2db">
         <name>__adddf3</name>
         <value>0x2313</value>
         <object_component_ref idref="oc-117"/>
      </symbol>
      <symbol id="sm-2dc">
         <name>__aeabi_dsub</name>
         <value>0x2309</value>
         <object_component_ref idref="oc-117"/>
      </symbol>
      <symbol id="sm-2dd">
         <name>__subdf3</name>
         <value>0x2309</value>
         <object_component_ref idref="oc-117"/>
      </symbol>
      <symbol id="sm-2e9">
         <name>__aeabi_dmul</name>
         <value>0x2bcd</value>
         <object_component_ref idref="oc-187"/>
      </symbol>
      <symbol id="sm-2ea">
         <name>__muldf3</name>
         <value>0x2bcd</value>
         <object_component_ref idref="oc-187"/>
      </symbol>
      <symbol id="sm-2f3">
         <name>__muldsi3</name>
         <value>0x3f6d</value>
         <object_component_ref idref="oc-178"/>
      </symbol>
      <symbol id="sm-2f9">
         <name>__aeabi_fmul</name>
         <value>0x31d5</value>
         <object_component_ref idref="oc-10b"/>
      </symbol>
      <symbol id="sm-2fa">
         <name>__mulsf3</name>
         <value>0x31d5</value>
         <object_component_ref idref="oc-10b"/>
      </symbol>
      <symbol id="sm-303">
         <name>__aeabi_fdiv</name>
         <value>0x32e5</value>
         <object_component_ref idref="oc-10f"/>
      </symbol>
      <symbol id="sm-304">
         <name>__divsf3</name>
         <value>0x32e5</value>
         <object_component_ref idref="oc-10f"/>
      </symbol>
      <symbol id="sm-30a">
         <name>__aeabi_ddiv</name>
         <value>0x2ac1</value>
         <object_component_ref idref="oc-11b"/>
      </symbol>
      <symbol id="sm-30b">
         <name>__divdf3</name>
         <value>0x2ac1</value>
         <object_component_ref idref="oc-11b"/>
      </symbol>
      <symbol id="sm-311">
         <name>__aeabi_f2d</name>
         <value>0x3dfd</value>
         <object_component_ref idref="oc-113"/>
      </symbol>
      <symbol id="sm-312">
         <name>__extendsfdf2</name>
         <value>0x3dfd</value>
         <object_component_ref idref="oc-113"/>
      </symbol>
      <symbol id="sm-318">
         <name>__aeabi_d2iz</name>
         <value>0x3ca5</value>
         <object_component_ref idref="oc-230"/>
      </symbol>
      <symbol id="sm-319">
         <name>__fixdfsi</name>
         <value>0x3ca5</value>
         <object_component_ref idref="oc-230"/>
      </symbol>
      <symbol id="sm-31f">
         <name>__aeabi_f2iz</name>
         <value>0x3fa9</value>
         <object_component_ref idref="oc-146"/>
      </symbol>
      <symbol id="sm-320">
         <name>__fixsfsi</name>
         <value>0x3fa9</value>
         <object_component_ref idref="oc-146"/>
      </symbol>
      <symbol id="sm-326">
         <name>__aeabi_i2d</name>
         <value>0x410d</value>
         <object_component_ref idref="oc-192"/>
      </symbol>
      <symbol id="sm-327">
         <name>__floatsidf</name>
         <value>0x410d</value>
         <object_component_ref idref="oc-192"/>
      </symbol>
      <symbol id="sm-32d">
         <name>__aeabi_i2f</name>
         <value>0x3e7d</value>
         <object_component_ref idref="oc-1bd"/>
      </symbol>
      <symbol id="sm-32e">
         <name>__floatsisf</name>
         <value>0x3e7d</value>
         <object_component_ref idref="oc-1bd"/>
      </symbol>
      <symbol id="sm-334">
         <name>__aeabi_ui2f</name>
         <value>0x4139</value>
         <object_component_ref idref="oc-107"/>
      </symbol>
      <symbol id="sm-335">
         <name>__floatunsisf</name>
         <value>0x4139</value>
         <object_component_ref idref="oc-107"/>
      </symbol>
      <symbol id="sm-33b">
         <name>__aeabi_lmul</name>
         <value>0x41ad</value>
         <object_component_ref idref="oc-20a"/>
      </symbol>
      <symbol id="sm-33c">
         <name>__muldi3</name>
         <value>0x41ad</value>
         <object_component_ref idref="oc-20a"/>
      </symbol>
      <symbol id="sm-343">
         <name>__aeabi_d2f</name>
         <value>0x3651</value>
         <object_component_ref idref="oc-125"/>
      </symbol>
      <symbol id="sm-344">
         <name>__truncdfsf2</name>
         <value>0x3651</value>
         <object_component_ref idref="oc-125"/>
      </symbol>
      <symbol id="sm-34a">
         <name>__aeabi_dcmpeq</name>
         <value>0x3795</value>
         <object_component_ref idref="oc-197"/>
      </symbol>
      <symbol id="sm-34b">
         <name>__aeabi_dcmplt</name>
         <value>0x37a9</value>
         <object_component_ref idref="oc-197"/>
      </symbol>
      <symbol id="sm-34c">
         <name>__aeabi_dcmple</name>
         <value>0x37bd</value>
         <object_component_ref idref="oc-197"/>
      </symbol>
      <symbol id="sm-34d">
         <name>__aeabi_dcmpge</name>
         <value>0x37d1</value>
         <object_component_ref idref="oc-197"/>
      </symbol>
      <symbol id="sm-34e">
         <name>__aeabi_dcmpgt</name>
         <value>0x37e5</value>
         <object_component_ref idref="oc-197"/>
      </symbol>
      <symbol id="sm-354">
         <name>__aeabi_fcmpeq</name>
         <value>0x37f9</value>
         <object_component_ref idref="oc-14a"/>
      </symbol>
      <symbol id="sm-355">
         <name>__aeabi_fcmplt</name>
         <value>0x380d</value>
         <object_component_ref idref="oc-14a"/>
      </symbol>
      <symbol id="sm-356">
         <name>__aeabi_fcmple</name>
         <value>0x3821</value>
         <object_component_ref idref="oc-14a"/>
      </symbol>
      <symbol id="sm-357">
         <name>__aeabi_fcmpge</name>
         <value>0x3835</value>
         <object_component_ref idref="oc-14a"/>
      </symbol>
      <symbol id="sm-358">
         <name>__aeabi_fcmpgt</name>
         <value>0x3849</value>
         <object_component_ref idref="oc-14a"/>
      </symbol>
      <symbol id="sm-35e">
         <name>__aeabi_idiv</name>
         <value>0x3ba5</value>
         <object_component_ref idref="oc-24c"/>
      </symbol>
      <symbol id="sm-35f">
         <name>__aeabi_idivmod</name>
         <value>0x3ba5</value>
         <object_component_ref idref="oc-24c"/>
      </symbol>
      <symbol id="sm-365">
         <name>__aeabi_memcpy</name>
         <value>0x4359</value>
         <object_component_ref idref="oc-4b"/>
      </symbol>
      <symbol id="sm-366">
         <name>__aeabi_memcpy4</name>
         <value>0x4359</value>
         <object_component_ref idref="oc-4b"/>
      </symbol>
      <symbol id="sm-367">
         <name>__aeabi_memcpy8</name>
         <value>0x4359</value>
         <object_component_ref idref="oc-4b"/>
      </symbol>
      <symbol id="sm-36e">
         <name>__aeabi_memset</name>
         <value>0x42bd</value>
         <object_component_ref idref="oc-1f6"/>
      </symbol>
      <symbol id="sm-36f">
         <name>__aeabi_memset4</name>
         <value>0x42bd</value>
         <object_component_ref idref="oc-1f6"/>
      </symbol>
      <symbol id="sm-370">
         <name>__aeabi_memset8</name>
         <value>0x42bd</value>
         <object_component_ref idref="oc-1f6"/>
      </symbol>
      <symbol id="sm-376">
         <name>__aeabi_uidiv</name>
         <value>0x3dbd</value>
         <object_component_ref idref="oc-1fc"/>
      </symbol>
      <symbol id="sm-377">
         <name>__aeabi_uidivmod</name>
         <value>0x3dbd</value>
         <object_component_ref idref="oc-1fc"/>
      </symbol>
      <symbol id="sm-37d">
         <name>__aeabi_uldivmod</name>
         <value>0x4261</value>
         <object_component_ref idref="oc-20f"/>
      </symbol>
      <symbol id="sm-386">
         <name>__eqsf2</name>
         <value>0x3f31</value>
         <object_component_ref idref="oc-1c5"/>
      </symbol>
      <symbol id="sm-387">
         <name>__lesf2</name>
         <value>0x3f31</value>
         <object_component_ref idref="oc-1c5"/>
      </symbol>
      <symbol id="sm-388">
         <name>__ltsf2</name>
         <value>0x3f31</value>
         <object_component_ref idref="oc-1c5"/>
      </symbol>
      <symbol id="sm-389">
         <name>__nesf2</name>
         <value>0x3f31</value>
         <object_component_ref idref="oc-1c5"/>
      </symbol>
      <symbol id="sm-38a">
         <name>__cmpsf2</name>
         <value>0x3f31</value>
         <object_component_ref idref="oc-1c5"/>
      </symbol>
      <symbol id="sm-38b">
         <name>__gtsf2</name>
         <value>0x3eb9</value>
         <object_component_ref idref="oc-1ca"/>
      </symbol>
      <symbol id="sm-38c">
         <name>__gesf2</name>
         <value>0x3eb9</value>
         <object_component_ref idref="oc-1ca"/>
      </symbol>
      <symbol id="sm-392">
         <name>__udivmoddi4</name>
         <value>0x3099</value>
         <object_component_ref idref="oc-227"/>
      </symbol>
      <symbol id="sm-398">
         <name>__aeabi_llsl</name>
         <value>0x41f5</value>
         <object_component_ref idref="oc-243"/>
      </symbol>
      <symbol id="sm-399">
         <name>__ashldi3</name>
         <value>0x41f5</value>
         <object_component_ref idref="oc-243"/>
      </symbol>
      <symbol id="sm-3a7">
         <name>__ledf2</name>
         <value>0x36c5</value>
         <object_component_ref idref="oc-1d3"/>
      </symbol>
      <symbol id="sm-3a8">
         <name>__gedf2</name>
         <value>0x35dd</value>
         <object_component_ref idref="oc-1d9"/>
      </symbol>
      <symbol id="sm-3a9">
         <name>__cmpdf2</name>
         <value>0x36c5</value>
         <object_component_ref idref="oc-1d3"/>
      </symbol>
      <symbol id="sm-3aa">
         <name>__eqdf2</name>
         <value>0x36c5</value>
         <object_component_ref idref="oc-1d3"/>
      </symbol>
      <symbol id="sm-3ab">
         <name>__ltdf2</name>
         <value>0x36c5</value>
         <object_component_ref idref="oc-1d3"/>
      </symbol>
      <symbol id="sm-3ac">
         <name>__nedf2</name>
         <value>0x36c5</value>
         <object_component_ref idref="oc-1d3"/>
      </symbol>
      <symbol id="sm-3ad">
         <name>__gtdf2</name>
         <value>0x35dd</value>
         <object_component_ref idref="oc-1d9"/>
      </symbol>
      <symbol id="sm-3b9">
         <name>__aeabi_idiv0</name>
         <value>0x3367</value>
         <object_component_ref idref="oc-21a"/>
      </symbol>
      <symbol id="sm-3ba">
         <name>__aeabi_ldiv0</name>
         <value>0x3793</value>
         <object_component_ref idref="oc-242"/>
      </symbol>
      <symbol id="sm-3d4">
         <name>memcpy</name>
         <value>0x313b</value>
         <object_component_ref idref="oc-8f"/>
      </symbol>
      <symbol id="sm-3e3">
         <name>memset</name>
         <value>0x385b</value>
         <object_component_ref idref="oc-be"/>
      </symbol>
      <symbol id="sm-3e4">
         <name>__TI_static_base__</name>
         <value>0x0</value>
      </symbol>
      <symbol id="sm-3e8">
         <name>__mpu_init</name>
         <value>0x0</value>
      </symbol>
      <symbol id="sm-3e9">
         <name>_system_post_cinit</name>
         <value>0x0</value>
      </symbol>
   </symbol_table>
   <title>Link successful</title>
</link_info>
