******************************************************************************
            TI ARM Clang Linker PC v4.0.0                      
******************************************************************************
>> Linked Wed May 14 21:54:59 2025

OUTPUT FILE NAME:   <2019D.out>
ENTRY POINT SYMBOL: "_c_int00_noargs"  address: 00004781


MEMORY CONFIGURATION

         name            origin    length      used     unused   attr    fill
----------------------  --------  ---------  --------  --------  ----  --------
  FLASH                 00000000   00020000  00004cb8  0001b348  R  X
  SRAM                  20200000   00008000  0000052a  00007ad6  RW X
  BCR_CONFIG            41c00000   000000ff  00000000  000000ff  R   
  BSL_CONFIG            41c00100   00000080  00000000  00000080  R   


SEGMENT ALLOCATION MAP

run origin  load origin   length   init length attrs members
----------  ----------- ---------- ----------- ----- -------
00000000    00000000    00004cb8   00004cb8    r-x
  00000000    00000000    000000c0   000000c0    r-- .intvecs
  000000c0    000000c0    00004900   00004900    r-x .text
  000049c0    000049c0    000002c0   000002c0    r-- .rodata
  00004c80    00004c80    00000038   00000038    r-- .cinit
20200000    20200000    0000032a   00000000    rw-
  20200000    20200000    000002dc   00000000    rw- .bss
  202002dc    202002dc    0000004e   00000000    rw- .data
20207e00    20207e00    00000200   00000000    rw-
  20207e00    20207e00    00000200   00000000    rw- .stack


SECTION ALLOCATION MAP

 output                                  attributes/
section   page    origin      length       input sections
--------  ----  ----------  ----------   ----------------
.intvecs   0    00000000    000000c0     
                  00000000    000000c0     startup_mspm0g350x_ticlang.o (.intvecs)

.text      0    000000c0    00004900     
                  000000c0    00000a48     libc.a : e_pow.c.obj (.text.pow)
                  00000b08    000009d0            : _printfi.c.obj (.text:__TI_printfi)
                  000014d8    000006b4     UserTask.o (.text.PlotAmpFreq)
                  00001b8c    00000360     libc.a : strtof.c.obj (.text.strtof)
                  00001eec    00000334     UserTask.o (.text.CalOutputImp)
                  00002220    00000220     libc.a : _printfi.c.obj (.text._pconv_a)
                  00002440    000001dc            : _printfi.c.obj (.text._pconv_g)
                  0000261c    00000194            : e_log10f.c.obj (.text.log10f)
                  000027b0    00000192     libclang_rt.builtins.a : adddf3.S.obj (.text.adddf3_subdf3)
                  00002942    00000002     startup_mspm0g350x_ticlang.o (.text.Default_Handler)
                  00002944    00000174     UserTask.o (.text.CalGain)
                  00002ab8    00000170     libc.a : e_sqrt.c.obj (.text.sqrt)
                  00002c28    00000148     UserTask.o (.text.CalInputImp)
                  00002d70    0000013c     libc.a : _printfi.c.obj (.text.fcvt)
                  00002eac    00000120            : _printfi.c.obj (.text._pconv_e)
                  00002fcc    0000010c     libclang_rt.builtins.a : divdf3.S.obj (.text.__divdf3)
                  000030d8    000000e4                            : muldf3.S.obj (.text.__muldf3)
                  000031bc    000000dc     driverlib.a : dl_sysctl_mspm0g1x0x_g3x0x.o (.text.DL_SYSCTL_configSYSPLL)
                  00003298    000000d8     libc.a : s_scalbn.c.obj (.text.scalbn)
                  00003370    000000d8     libclang_rt.builtins.a : addsf3.S.obj (.text)
                  00003448    000000b0     libc.a : s_scalbnf.c.obj (.text.scalbnf)
                  000034f8    000000ac     BTN.o (.text.BTN_getData)
                  000035a4    000000a2     libclang_rt.builtins.a : udivmoddi4.S.obj (.text)
                  00003646    0000009a     libc.a : memcpy16.S.obj (.text:memcpy)
                  000036e0    00000094     UserTask.o (.text.Param_update)
                  00003774    0000008c     libclang_rt.builtins.a : mulsf3.S.obj (.text.__mulsf3)
                  00003800    00000082                            : divsf3.S.obj (.text.__divsf3)
                  00003882    00000002                            : aeabi_div0.c.obj (.text.__aeabi_idiv0)
                  00003884    00000080     ti_msp_dl_config.o (.text.SYSCFG_DL_SYSCTL_init)
                  00003904    00000080     ti_msp_dl_config.o (.text.SYSCFG_DL_UART_0_init)
                  00003984    00000080     empty.o (.text.UART0_IRQHandler)
                  00003a04    0000007c     ti_msp_dl_config.o (.text.SYSCFG_DL_ADC12_0_init)
                  00003a80    0000007c     Tick.o (.text.SysTick_Handler)
                  00003afc    0000007c     libc.a : copy_decompress_lzss.c.obj (.text:decompress:lzss)
                  00003b78    00000074     libclang_rt.builtins.a : comparedf2.c.obj (.text.__gedf2)
                  00003bec    00000004     libc.a : e_log10f.c.obj (.text.OUTLINED_FUNCTION_0)
                  00003bf0    00000074     libclang_rt.builtins.a : truncdfsf2.S.obj (.text.__truncdfsf2)
                  00003c64    00000068                            : comparedf2.c.obj (.text.__ledf2)
                  00003ccc    00000066     libc.a : _printfi.c.obj (.text._mcpy)
                  00003d32    00000002     libclang_rt.builtins.a : aeabi_div0.c.obj (.text.__aeabi_ldiv0)
                  00003d34    00000064     UART.o (.text.sendNum)
                  00003d98    00000062     libclang_rt.builtins.a : aeabi_dcmp.S.obj (.text.__aeabi_dcmp)
                  00003dfa    00000002     --HOLE-- [fill = 0]
                  00003dfc    00000062                            : aeabi_fcmp.S.obj (.text.__aeabi_fcmp)
                  00003e5e    00000062     libc.a : memset16.S.obj (.text:memset)
                  00003ec0    00000060     ti_msp_dl_config.o (.text.SYSCFG_DL_GPIO_init)
                  00003f20    00000060     ti_msp_dl_config.o (.text.SYSCFG_DL_UART_1_init)
                  00003f80    00000060     ti_msp_dl_config.o (.text.SYSCFG_DL_UART_2_init)
                  00003fe0    0000005c     UserTask.o (.text.BTNScan)
                  0000403c    0000005c     libc.a : s_frexp.c.obj (.text.frexp)
                  00004098    00000058            : _ltoa.c.obj (.text.__TI_ltoa)
                  000040f0    00000058            : _printfi.c.obj (.text._pconv_f)
                  00004148    00000056     libclang_rt.builtins.a : aeabi_idivmod.S.obj (.text.__aeabi_idivmod)
                  0000419e    00000002     --HOLE-- [fill = 0]
                  000041a0    00000054     ti_msp_dl_config.o (.text.SYSCFG_DL_initPower)
                  000041f4    00000052     libc.a : _printfi.c.obj (.text._ecpy)
                  00004246    00000002     --HOLE-- [fill = 0]
                  00004248    0000004a     libclang_rt.builtins.a : fixdfsi.S.obj (.text.__fixdfsi)
                  00004292    00000002     --HOLE-- [fill = 0]
                  00004294    00000048     driverlib.a : dl_uart.o (.text.DL_UART_init)
                  000042dc    00000044                 : dl_sysctl_mspm0g1x0x_g3x0x.o (.text.DL_SYSCTL_switchMCLKfromSYSOSCtoHSCLK)
                  00004320    00000042     libclang_rt.builtins.a : fixunsdfsi.S.obj (.text.__fixunsdfsi)
                  00004362    00000002     --HOLE-- [fill = 0]
                  00004364    00000040     driverlib.a : dl_adc12.o (.text.DL_ADC12_setClockConfig)
                  000043a4    00000040     libclang_rt.builtins.a : aeabi_uidivmod.S.obj (.text.__aeabi_uidivmod)
                  000043e4    00000040                            : extendsfdf2.S.obj (.text.__extendsfdf2)
                  00004424    00000040     libc.a : atoi.c.obj (.text.atoi)
                  00004464    0000003c     libclang_rt.builtins.a : floatsisf.S.obj (.text.__floatsisf)
                  000044a0    0000003c                            : comparesf2.S.obj (.text.__gtsf2)
                  000044dc    0000003c     libc.a : autoinit.c.obj (.text:__TI_auto_init_nobinit_nopinit)
                  00004518    0000003a     libclang_rt.builtins.a : comparesf2.S.obj (.text.__eqsf2)
                  00004552    00000002     --HOLE-- [fill = 0]
                  00004554    0000003a                            : muldsi3.S.obj (.text.__muldsi3)
                  0000458e    00000002     --HOLE-- [fill = 0]
                  00004590    00000038     GUI.o (.text.draw_line)
                  000045c8    00000038     libc.a : sprintf.c.obj (.text.sprintf)
                  00004600    00000034     UserTask.o (.text.TaskScan)
                  00004634    00000034     GUI.o (.text.draw_dot)
                  00004668    00000034     UART.o (.text.sendString)
                  0000469c    00000030     ti_msp_dl_config.o (.text.SYSCFG_DL_SYSTICK_init)
                  000046cc    00000030     ti_msp_dl_config.o (.text.SYSCFG_DL_init)
                  000046fc    00000030     libc.a : _printfi.c.obj (.text._fcpy)
                  0000472c    0000002c     libclang_rt.builtins.a : floatsidf.S.obj (.text.__floatsidf)
                  00004758    00000028                            : floatunsisf.S.obj (.text.__floatunsisf)
                  00004780    00000028     libc.a : boot_cortex_m.c.obj (.text:_c_int00_noargs)
                  000047a8    00000024     empty.o (.text.ADC0_IRQHandler)
                  000047cc    00000024     libclang_rt.builtins.a : muldi3.S.obj (.text.__muldi3)
                  000047f0    00000022     libc.a : memccpy.c.obj (.text.memccpy)
                  00004812    00000002     --HOLE-- [fill = 0]
                  00004814    0000001e     libclang_rt.builtins.a : ashldi3.S.obj (.text.__ashldi3)
                  00004832    0000001e     empty.o (.text.main)
                  00004850    00000018     libc.a : sprintf.c.obj (.text._outs)
                  00004868    00000016            : copy_zero_init.c.obj (.text:decompress:ZI:__TI_zero_init_nomemset)
                  0000487e    00000002     --HOLE-- [fill = 0]
                  00004880    00000014     libclang_rt.builtins.a : aeabi_uldivmod.S.obj (.text.__aeabi_uldivmod)
                  00004894    00000014     libc.a : _printfi.c.obj (.text.strchr)
                  000048a8    00000012     driverlib.a : dl_uart.o (.text.DL_UART_setClockConfig)
                  000048ba    00000012     libc.a : copy_decompress_none.c.obj (.text:decompress:none)
                  000048cc    00000010            : wcslen.c.obj (.text.wcslen)
                  000048dc    0000000e     libclang_rt.builtins.a : aeabi_memset.S.obj (.text.__aeabi_memset)
                  000048ea    0000000e     libc.a : _printfi.c.obj (.text.strlen)
                  000048f8    0000000a     driverlib.a : dl_common.o (.text.DL_Common_delayCycles)
                  00004902    0000000a     libc.a : _printfi.c.obj (.text.OUTLINED_FUNCTION_0)
                  0000490c    00000010     libclang_rt.builtins.a : adddf3.S.obj (.tramp.__aeabi_dsub.1)
                  0000491c    0000000a     libc.a : e_pow.c.obj (.text.OUTLINED_FUNCTION_0)
                  00004926    00000002     --HOLE-- [fill = 0]
                  00004928    00000010     libclang_rt.builtins.a : muldf3.S.obj (.tramp.__aeabi_dmul.1)
                  00004938    0000000a     libc.a : _printfi.c.obj (.text.OUTLINED_FUNCTION_1)
                  00004942    0000000a            : e_pow.c.obj (.text.OUTLINED_FUNCTION_1)
                  0000494c    0000000a            : e_pow.c.obj (.text.OUTLINED_FUNCTION_6)
                  00004956    0000000a            : sprintf.c.obj (.text._outc)
                  00004960    00000008            : strtof.c.obj (.text.OUTLINED_FUNCTION_0)
                  00004968    00000008            : e_pow.c.obj (.text.OUTLINED_FUNCTION_2)
                  00004970    00000008            : aeabi_portable.c.obj (.text.__aeabi_errno_addr)
                  00004978    00000008     libclang_rt.builtins.a : aeabi_memcpy.S.obj (.text.__aeabi_memcpy)
                  00004980    00000006     libc.a : e_pow.c.obj (.text.OUTLINED_FUNCTION_3)
                  00004986    00000002     --HOLE-- [fill = 0]
                  00004988    00000010     libclang_rt.builtins.a : adddf3.S.obj (.tramp.__aeabi_dadd.1)
                  00004998    00000006     libc.a : e_pow.c.obj (.text.OUTLINED_FUNCTION_4)
                  0000499e    00000006            : e_pow.c.obj (.text.OUTLINED_FUNCTION_5)
                  000049a4    00000004            : e_pow.c.obj (.text.OUTLINED_FUNCTION_10)
                  000049a8    00000004            : e_pow.c.obj (.text.OUTLINED_FUNCTION_7)
                  000049ac    00000004            : e_pow.c.obj (.text.OUTLINED_FUNCTION_8)
                  000049b0    00000004            : e_pow.c.obj (.text.OUTLINED_FUNCTION_9)
                  000049b4    00000004     startup_mspm0g350x_ticlang.o (.text.Reset_Handler)
                  000049b8    00000004     libc.a : pre_init.c.obj (.text._system_pre_init)
                  000049bc    00000004            : exit.c.obj (.text:abort)

.cinit     0    00004c80    00000038     
                  00004c80    00000010     (.cinit..data.load) [load image, compression = lzss]
                  00004c90    0000000c     (__TI_handler_table)
                  00004c9c    00000008     (.cinit..bss.load) [load image, compression = zero_init]
                  00004ca4    00000010     (__TI_cinit_table)
                  00004cb4    00000004     --HOLE-- [fill = 0]

.rodata    0    000049c0    000002c0     
                  000049c0    00000101     libc.a : aeabi_ctype.S.obj (.rodata:__aeabi_ctype_table_)
                  00004ac1    00000003     UserTask.o (.rodata.str1.107446084261415988571)
                  00004ac4    00000040     libc.a : strtof.c.obj (.rodata.digits)
                  00004b04    00000002     ti_msp_dl_config.o (.rodata.gUART_0ClockConfig)
                  00004b06    00000002     ti_msp_dl_config.o (.rodata.gUART_1ClockConfig)
                  00004b08    00000030     libc.a : e_pow.c.obj (.rodata.cst16)
                  00004b38    00000028     ti_msp_dl_config.o (.rodata.gSYSPLLConfig)
                  00004b60    00000018     libc.a : strtof.c.obj (.rodata.powerof10)
                  00004b78    00000017     GUI.o (.rodata.str1.120676110851758475981)
                  00004b8f    00000014     UserTask.o (.rodata.str1.115149161963000102341)
                  00004ba3    00000014     UserTask.o (.rodata.str1.16414507433298270261)
                  00004bb7    00000014     GUI.o (.rodata.str1.89384884876376116451)
                  00004bcb    00000012     UserTask.o (.rodata.str1.57223875271773434171)
                  00004bdd    00000011     libc.a : _printfi.c.obj (.rodata.str1.103488685894817597201)
                  00004bee    00000011     UserTask.o (.rodata.str1.117870265435443933371)
                  00004bff    00000011     UserTask.o (.rodata.str1.118770860989420949841)
                  00004c10    00000011     libc.a : _printfi.c.obj (.rodata.str1.153638888446227384661)
                  00004c21    00000011     UserTask.o (.rodata.str1.155156317567332842551)
                  00004c32    0000000c     UserTask.o (.rodata.str1.100620717920120445261)
                  00004c3e    0000000c     UserTask.o (.rodata.str1.56394343083413634591)
                  00004c4a    0000000a     ti_msp_dl_config.o (.rodata.gUART_0Config)
                  00004c54    0000000a     ti_msp_dl_config.o (.rodata.gUART_1Config)
                  00004c5e    0000000a     ti_msp_dl_config.o (.rodata.gUART_2Config)
                  00004c68    00000008     ti_msp_dl_config.o (.rodata.gADC12_0ClockConfig)
                  00004c70    00000007     UART.o (.rodata.str1.184222210015547160471)
                  00004c77    00000007     UserTask.o (.rodata.str1.1903453639569518351)
                  00004c7e    00000002     ti_msp_dl_config.o (.rodata.gUART_2ClockConfig)

.init_array 
*          0    00000000    00000000     UNINITIALIZED

.binit     0    00000000    00000000     

.bss       0    20200000    000002dc     UNINITIALIZED
                  20200000    00000100     (.common:freq_buffer)
                  20200100    00000100     (.common:gain_buffer)
                  20200200    00000064     (.common:str)
                  20200264    00000030     (.common:gUART_1Backup)
                  20200294    0000001e     (.common:uart_rx_buffer)
                  202002b2    00000002     --HOLE--
                  202002b4    00000014     (.common:Vout_Load_buffer)
                  202002c8    00000014     (.common:Vout_Open_buffer)

.data      0    202002dc    0000004e     UNINITIALIZED
                  202002dc    00000010     empty.o (.data.c_param)
                  202002ec    0000000a     BTN.o (.data.BTNTick)
                  202002f6    00000005     empty.o (.data.BTNData)
                  202002fb    00000001     empty.o (.data.GainState)
                  202002fc    00000004     Tick.o (.data.Tick)
                  20200300    00000004     empty.o (.data.Vout_Load)
                  20200304    00000004     empty.o (.data.Vout_Open)
                  20200308    00000004     libc.a : aeabi_portable.c.obj (.data.__aeabi_errno)
                  2020030c    00000004     Tick.o (.data.delay_times)
                  20200310    00000004     empty.o (.data.input_amp)
                  20200314    00000004     empty.o (.data.input_freq)
                  20200318    00000002     empty.o (.data.lastX)
                  2020031a    00000002     empty.o (.data.lastY)
                  2020031c    00000002     empty.o (.data.point_index)
                  2020031e    00000001     empty.o (.data.InputImpState)
                  2020031f    00000001     empty.o (.data.Out_state)
                  20200320    00000001     empty.o (.data.OutputImpState)
                  20200321    00000001     empty.o (.data.PlotState)
                  20200322    00000001     empty.o (.data.TaskMark)
                  20200323    00000001     empty.o (.data.Vout_flag)
                  20200324    00000001     empty.o (.data.count_load)
                  20200325    00000001     empty.o (.data.count_open)
                  20200326    00000001     empty.o (.data.gCheckADC)
                  20200327    00000001     empty.o (.data.uart_rx_finish)
                  20200328    00000001     empty.o (.data.uart_rx_index)
                  20200329    00000001     empty.o (.data.vout_index)

.stack     0    20207e00    00000200     UNINITIALIZED
                  20207e00    00000004     libc.a : boot_cortex_m.c.obj (.stack)
                  20207e04    000001fc     --HOLE--

__llvm_prf_cnts 
*          0    20200000    00000000     UNINITIALIZED

__llvm_prf_bits 
*          0    20200000    00000000     UNINITIALIZED

MODULE SUMMARY

       Module                         code    ro data   rw data
       ------                         ----    -------   -------
    .\
       ti_msp_dl_config.o             848     84        48     
       empty.o                        194     0         638    
       startup_mspm0g350x_ticlang.o   6       192       0      
    +--+------------------------------+-------+---------+---------+
       Total:                         1048    276       686    
                                                               
    .\USER\BTN\
       BTN.o                          172     0         10     
    +--+------------------------------+-------+---------+---------+
       Total:                         172     0         10     
                                                               
    .\USER\GUI\
       GUI.o                          108     43        100    
    +--+------------------------------+-------+---------+---------+
       Total:                         108     43        100    
                                                               
    .\USER\TICK\
       Tick.o                         124     0         8      
    +--+------------------------------+-------+---------+---------+
       Total:                         124     0         8      
                                                               
    .\USER\UART\
       UART.o                         152     7         0      
    +--+------------------------------+-------+---------+---------+
       Total:                         152     7         0      
                                                               
    .\USER\USERTASK\
       UserTask.o                     3528    143       0      
    +--+------------------------------+-------+---------+---------+
       Total:                         3528    143       0      
                                                               
    C:/ti/mspm0_sdk_2_04_00_06/source/ti/driverlib/lib/ticlang/m0p/mspm0g1x0x_g3x0x/driverlib.a
       dl_sysctl_mspm0g1x0x_g3x0x.o   288     0         0      
       dl_uart.o                      90      0         0      
       dl_adc12.o                     64      0         0      
       dl_common.o                    10      0         0      
    +--+------------------------------+-------+---------+---------+
       Total:                         452     0         0      
                                                               
    C:\ti\ccstheia151\ccs\tools\compiler\ti-cgt-armllvm_4.0.0.LTS\lib\armv6m-ti-none-eabi/c/libc.a
       _printfi.c.obj                 4510    34        0      
       e_pow.c.obj                    2704    48        0      
       strtof.c.obj                   872     88        0      
       e_log10f.c.obj                 408     0         0      
       e_sqrt.c.obj                   368     0         0      
       aeabi_ctype.S.obj              0       257       0      
       s_scalbn.c.obj                 216     0         0      
       s_scalbnf.c.obj                176     0         0      
       memcpy16.S.obj                 154     0         0      
       copy_decompress_lzss.c.obj     124     0         0      
       memset16.S.obj                 98      0         0      
       s_frexp.c.obj                  92      0         0      
       sprintf.c.obj                  90      0         0      
       _ltoa.c.obj                    88      0         0      
       atoi.c.obj                     64      0         0      
       autoinit.c.obj                 60      0         0      
       boot_cortex_m.c.obj            40      0         0      
       memccpy.c.obj                  34      0         0      
       copy_zero_init.c.obj           22      0         0      
       copy_decompress_none.c.obj     18      0         0      
       wcslen.c.obj                   16      0         0      
       aeabi_portable.c.obj           8       0         4      
       exit.c.obj                     4       0         0      
       pre_init.c.obj                 4       0         0      
    +--+------------------------------+-------+---------+---------+
       Total:                         10170   427       4      
                                                               
    C:\ti\ccstheia151\ccs\tools\compiler\ti-cgt-armllvm_4.0.0.LTS\lib\armv6m-ti-none-eabi/libclang_rt.builtins.a
       adddf3.S.obj                   434     0         0      
       divdf3.S.obj                   268     0         0      
       muldf3.S.obj                   244     0         0      
       comparedf2.c.obj               220     0         0      
       addsf3.S.obj                   216     0         0      
       udivmoddi4.S.obj               162     0         0      
       mulsf3.S.obj                   140     0         0      
       divsf3.S.obj                   130     0         0      
       comparesf2.S.obj               118     0         0      
       truncdfsf2.S.obj               116     0         0      
       aeabi_dcmp.S.obj               98      0         0      
       aeabi_fcmp.S.obj               98      0         0      
       aeabi_idivmod.S.obj            86      0         0      
       fixdfsi.S.obj                  74      0         0      
       fixunsdfsi.S.obj               66      0         0      
       aeabi_uidivmod.S.obj           64      0         0      
       extendsfdf2.S.obj              64      0         0      
       floatsisf.S.obj                60      0         0      
       muldsi3.S.obj                  58      0         0      
       floatsidf.S.obj                44      0         0      
       floatunsisf.S.obj              40      0         0      
       muldi3.S.obj                   36      0         0      
       ashldi3.S.obj                  30      0         0      
       aeabi_uldivmod.S.obj           20      0         0      
       aeabi_memset.S.obj             14      0         0      
       aeabi_memcpy.S.obj             8       0         0      
       aeabi_div0.c.obj               4       0         0      
    +--+------------------------------+-------+---------+---------+
       Total:                         2912    0         0      
                                                               
       Stack:                         0       0         512    
       Linker Generated:              0       52        0      
    +--+------------------------------+-------+---------+---------+
       Grand Total:                   18666   948       1320   


LINKER GENERATED COPY TABLES

__TI_cinit_table @ 00004ca4 records: 2, size/record: 8, table size: 16
	.data: load addr=00004c80, load size=00000010 bytes, run addr=202002dc, run size=0000004e bytes, compression=lzss
	.bss: load addr=00004c9c, load size=00000008 bytes, run addr=20200000, run size=000002dc bytes, compression=zero_init


LINKER GENERATED HANDLER TABLE

__TI_handler_table @ 00004c90 records: 3, size/record: 4, table size: 12
	index: 0, handler: __TI_decompress_lzss
	index: 1, handler: __TI_decompress_none
	index: 2, handler: __TI_zero_init


FAR CALL TRAMPOLINES

callee name               trampoline name
   callee addr  tramp addr   call addr  call info
--------------  -----------  ---------  ----------------
__aeabi_dsub              $Tramp$TT$L$PI$$__aeabi_dsub
   000027b1     0000490c     0000490a   libc.a : _printfi.c.obj (.text.OUTLINED_FUNCTION_0)
                             0000496e          : e_pow.c.obj (.text.OUTLINED_FUNCTION_2)
__aeabi_dmul              $Tramp$TT$L$PI$$__aeabi_dmul
   000030d9     00004928     00004924   libc.a : e_pow.c.obj (.text.OUTLINED_FUNCTION_0)
                             0000494a          : e_pow.c.obj (.text.OUTLINED_FUNCTION_1)
                             00004954          : e_pow.c.obj (.text.OUTLINED_FUNCTION_6)
                             0000499c          : e_pow.c.obj (.text.OUTLINED_FUNCTION_4)
                             000049a2          : e_pow.c.obj (.text.OUTLINED_FUNCTION_5)
                             000049ae          : e_pow.c.obj (.text.OUTLINED_FUNCTION_8)
__aeabi_dadd              $Tramp$TT$L$PI$$__aeabi_dadd
   000027bb     00004988     00004984   libc.a : e_pow.c.obj (.text.OUTLINED_FUNCTION_3)
                             000049a6          : e_pow.c.obj (.text.OUTLINED_FUNCTION_10)
                             000049aa          : e_pow.c.obj (.text.OUTLINED_FUNCTION_7)
                             000049b2          : e_pow.c.obj (.text.OUTLINED_FUNCTION_9)

[3 trampolines]
[12 trampoline calls]


GLOBAL SYMBOLS: SORTED ALPHABETICALLY BY Name 

address   name                                 
-------   ----                                 
000047a9  ADC0_IRQHandler                      
00002943  ADC1_IRQHandler                      
00002943  AES_IRQHandler                       
202002f6  BTNData                              
00003fe1  BTNScan                              
202002ec  BTNTick                              
000034f9  BTN_getData                          
000049bc  C$$EXIT                              
00002943  CANFD0_IRQHandler                    
00002945  CalGain                              
00002c29  CalInputImp                          
00001eed  CalOutputImp                         
00002943  DAC0_IRQHandler                      
00004365  DL_ADC12_setClockConfig              
000048f9  DL_Common_delayCycles                
000031bd  DL_SYSCTL_configSYSPLL               
000042dd  DL_SYSCTL_switchMCLKfromSYSOSCtoHSCLK
00004295  DL_UART_init                         
000048a9  DL_UART_setClockConfig               
00002943  DMA_IRQHandler                       
00002943  Default_Handler                      
00002943  GROUP0_IRQHandler                    
00002943  GROUP1_IRQHandler                    
202002fb  GainState                            
00002943  HardFault_Handler                    
00002943  I2C0_IRQHandler                      
00002943  I2C1_IRQHandler                      
2020031e  InputImpState                        
00002943  NMI_Handler                          
2020031f  Out_state                            
20200320  OutputImpState                       
000036e1  Param_update                         
00002943  PendSV_Handler                       
000014d9  PlotAmpFreq                          
20200321  PlotState                            
00002943  RTC_IRQHandler                       
000049b5  Reset_Handler                        
00002943  SPI0_IRQHandler                      
00002943  SPI1_IRQHandler                      
00002943  SVC_Handler                          
00003a05  SYSCFG_DL_ADC12_0_init               
00003ec1  SYSCFG_DL_GPIO_init                  
00003885  SYSCFG_DL_SYSCTL_init                
0000469d  SYSCFG_DL_SYSTICK_init               
00003905  SYSCFG_DL_UART_0_init                
00003f21  SYSCFG_DL_UART_1_init                
00003f81  SYSCFG_DL_UART_2_init                
000046cd  SYSCFG_DL_init                       
000041a1  SYSCFG_DL_initPower                  
00003a81  SysTick_Handler                      
00002943  TIMA0_IRQHandler                     
00002943  TIMA1_IRQHandler                     
00002943  TIMG0_IRQHandler                     
00002943  TIMG12_IRQHandler                    
00002943  TIMG6_IRQHandler                     
00002943  TIMG7_IRQHandler                     
00002943  TIMG8_IRQHandler                     
20200322  TaskMark                             
00004601  TaskScan                             
202002fc  Tick                                 
00003985  UART0_IRQHandler                     
00002943  UART1_IRQHandler                     
00002943  UART2_IRQHandler                     
00002943  UART3_IRQHandler                     
20200300  Vout_Load                            
202002b4  Vout_Load_buffer                     
20200304  Vout_Open                            
202002c8  Vout_Open_buffer                     
20200323  Vout_flag                            
20208000  __STACK_END                          
00000200  __STACK_SIZE                         
00000000  __TI_ATRegion0_region_sz             
00000000  __TI_ATRegion0_src_addr              
00000000  __TI_ATRegion0_trg_addr              
00000000  __TI_ATRegion1_region_sz             
00000000  __TI_ATRegion1_src_addr              
00000000  __TI_ATRegion1_trg_addr              
00000000  __TI_ATRegion2_region_sz             
00000000  __TI_ATRegion2_src_addr              
00000000  __TI_ATRegion2_trg_addr              
00004ca4  __TI_CINIT_Base                      
00004cb4  __TI_CINIT_Limit                     
00004cb4  __TI_CINIT_Warm                      
00004c90  __TI_Handler_Table_Base              
00004c9c  __TI_Handler_Table_Limit             
000044dd  __TI_auto_init_nobinit_nopinit       
00003afd  __TI_decompress_lzss                 
000048bb  __TI_decompress_none                 
00004099  __TI_ltoa                            
ffffffff  __TI_pprof_out_hndl                  
00000b09  __TI_printfi                         
ffffffff  __TI_prof_data_size                  
ffffffff  __TI_prof_data_start                 
00000000  __TI_static_base__                   
00004869  __TI_zero_init_nomemset              
000027bb  __adddf3                             
0000337b  __addsf3                             
000049c0  __aeabi_ctype_table_                 
000049c0  __aeabi_ctype_table_C                
00003bf1  __aeabi_d2f                          
00004249  __aeabi_d2iz                         
00004321  __aeabi_d2uiz                        
000027bb  __aeabi_dadd                         
00003d99  __aeabi_dcmpeq                       
00003dd5  __aeabi_dcmpge                       
00003de9  __aeabi_dcmpgt                       
00003dc1  __aeabi_dcmple                       
00003dad  __aeabi_dcmplt                       
00002fcd  __aeabi_ddiv                         
000030d9  __aeabi_dmul                         
000027b1  __aeabi_dsub                         
20200308  __aeabi_errno                        
00004971  __aeabi_errno_addr                   
000043e5  __aeabi_f2d                          
0000337b  __aeabi_fadd                         
00003dfd  __aeabi_fcmpeq                       
00003e39  __aeabi_fcmpge                       
00003e4d  __aeabi_fcmpgt                       
00003e25  __aeabi_fcmple                       
00003e11  __aeabi_fcmplt                       
00003801  __aeabi_fdiv                         
00003775  __aeabi_fmul                         
00003371  __aeabi_fsub                         
0000472d  __aeabi_i2d                          
00004465  __aeabi_i2f                          
00004149  __aeabi_idiv                         
00003883  __aeabi_idiv0                        
00004149  __aeabi_idivmod                      
00003d33  __aeabi_ldiv0                        
00004815  __aeabi_llsl                         
000047cd  __aeabi_lmul                         
00004979  __aeabi_memcpy                       
00004979  __aeabi_memcpy4                      
00004979  __aeabi_memcpy8                      
000048dd  __aeabi_memset                       
000048dd  __aeabi_memset4                      
000048dd  __aeabi_memset8                      
00004759  __aeabi_ui2f                         
000043a5  __aeabi_uidiv                        
000043a5  __aeabi_uidivmod                     
00004881  __aeabi_uldivmod                     
00004815  __ashldi3                            
ffffffff  __binit__                            
00003c65  __cmpdf2                             
00004519  __cmpsf2                             
00002fcd  __divdf3                             
00003801  __divsf3                             
00003c65  __eqdf2                              
00004519  __eqsf2                              
000043e5  __extendsfdf2                        
00004249  __fixdfsi                            
00004321  __fixunsdfsi                         
0000472d  __floatsidf                          
00004465  __floatsisf                          
00004759  __floatunsisf                        
00003b79  __gedf2                              
000044a1  __gesf2                              
00003b79  __gtdf2                              
000044a1  __gtsf2                              
00003c65  __ledf2                              
00004519  __lesf2                              
00003c65  __ltdf2                              
00004519  __ltsf2                              
UNDEFED   __mpu_init                           
000030d9  __muldf3                             
000047cd  __muldi3                             
00004555  __muldsi3                            
00003775  __mulsf3                             
00003c65  __nedf2                              
00004519  __nesf2                              
20207e00  __stack                              
20200000  __start___llvm_prf_bits              
20200000  __start___llvm_prf_cnts              
20200000  __stop___llvm_prf_bits               
20200000  __stop___llvm_prf_cnts               
000027b1  __subdf3                             
00003371  __subsf3                             
00003bf1  __truncdfsf2                         
000035a5  __udivmoddi4                         
00004781  _c_int00_noargs                      
UNDEFED   _system_post_cinit                   
000049b9  _system_pre_init                     
000049bd  abort                                
00004425  atoi                                 
ffffffff  binit                                
202002dc  c_param                              
20200324  count_load                           
20200325  count_open                           
2020030c  delay_times                          
00004635  draw_dot                             
00004591  draw_line                            
20200000  freq_buffer                          
0000403d  frexp                                
0000403d  frexpl                               
20200326  gCheckADC                            
20200264  gUART_1Backup                        
20200100  gain_buffer                          
20200310  input_amp                            
20200314  input_freq                           
00000000  interruptVectors                     
20200318  lastX                                
2020031a  lastY                                
00003299  ldexp                                
00003449  ldexpf                               
00003299  ldexpl                               
0000261d  log10f                               
00004833  main                                 
000047f1  memccpy                              
00003647  memcpy                               
00003e5f  memset                               
2020031c  point_index                          
000000c1  pow                                  
000000c1  powl                                 
00003299  scalbn                               
00003449  scalbnf                              
00003299  scalbnl                              
00003d35  sendNum                              
00004669  sendString                           
000045c9  sprintf                              
00002ab9  sqrt                                 
00002ab9  sqrtl                                
20200200  str                                  
00001b8d  strtof                               
20200294  uart_rx_buffer                       
20200327  uart_rx_finish                       
20200328  uart_rx_index                        
20200329  vout_index                           
000048cd  wcslen                               


GLOBAL SYMBOLS: SORTED BY Symbol Address 

address   name                                 
-------   ----                                 
00000000  __TI_ATRegion0_region_sz             
00000000  __TI_ATRegion0_src_addr              
00000000  __TI_ATRegion0_trg_addr              
00000000  __TI_ATRegion1_region_sz             
00000000  __TI_ATRegion1_src_addr              
00000000  __TI_ATRegion1_trg_addr              
00000000  __TI_ATRegion2_region_sz             
00000000  __TI_ATRegion2_src_addr              
00000000  __TI_ATRegion2_trg_addr              
00000000  __TI_static_base__                   
00000000  interruptVectors                     
000000c1  pow                                  
000000c1  powl                                 
00000200  __STACK_SIZE                         
00000b09  __TI_printfi                         
000014d9  PlotAmpFreq                          
00001b8d  strtof                               
00001eed  CalOutputImp                         
0000261d  log10f                               
000027b1  __aeabi_dsub                         
000027b1  __subdf3                             
000027bb  __adddf3                             
000027bb  __aeabi_dadd                         
00002943  ADC1_IRQHandler                      
00002943  AES_IRQHandler                       
00002943  CANFD0_IRQHandler                    
00002943  DAC0_IRQHandler                      
00002943  DMA_IRQHandler                       
00002943  Default_Handler                      
00002943  GROUP0_IRQHandler                    
00002943  GROUP1_IRQHandler                    
00002943  HardFault_Handler                    
00002943  I2C0_IRQHandler                      
00002943  I2C1_IRQHandler                      
00002943  NMI_Handler                          
00002943  PendSV_Handler                       
00002943  RTC_IRQHandler                       
00002943  SPI0_IRQHandler                      
00002943  SPI1_IRQHandler                      
00002943  SVC_Handler                          
00002943  TIMA0_IRQHandler                     
00002943  TIMA1_IRQHandler                     
00002943  TIMG0_IRQHandler                     
00002943  TIMG12_IRQHandler                    
00002943  TIMG6_IRQHandler                     
00002943  TIMG7_IRQHandler                     
00002943  TIMG8_IRQHandler                     
00002943  UART1_IRQHandler                     
00002943  UART2_IRQHandler                     
00002943  UART3_IRQHandler                     
00002945  CalGain                              
00002ab9  sqrt                                 
00002ab9  sqrtl                                
00002c29  CalInputImp                          
00002fcd  __aeabi_ddiv                         
00002fcd  __divdf3                             
000030d9  __aeabi_dmul                         
000030d9  __muldf3                             
000031bd  DL_SYSCTL_configSYSPLL               
00003299  ldexp                                
00003299  ldexpl                               
00003299  scalbn                               
00003299  scalbnl                              
00003371  __aeabi_fsub                         
00003371  __subsf3                             
0000337b  __addsf3                             
0000337b  __aeabi_fadd                         
00003449  ldexpf                               
00003449  scalbnf                              
000034f9  BTN_getData                          
000035a5  __udivmoddi4                         
00003647  memcpy                               
000036e1  Param_update                         
00003775  __aeabi_fmul                         
00003775  __mulsf3                             
00003801  __aeabi_fdiv                         
00003801  __divsf3                             
00003883  __aeabi_idiv0                        
00003885  SYSCFG_DL_SYSCTL_init                
00003905  SYSCFG_DL_UART_0_init                
00003985  UART0_IRQHandler                     
00003a05  SYSCFG_DL_ADC12_0_init               
00003a81  SysTick_Handler                      
00003afd  __TI_decompress_lzss                 
00003b79  __gedf2                              
00003b79  __gtdf2                              
00003bf1  __aeabi_d2f                          
00003bf1  __truncdfsf2                         
00003c65  __cmpdf2                             
00003c65  __eqdf2                              
00003c65  __ledf2                              
00003c65  __ltdf2                              
00003c65  __nedf2                              
00003d33  __aeabi_ldiv0                        
00003d35  sendNum                              
00003d99  __aeabi_dcmpeq                       
00003dad  __aeabi_dcmplt                       
00003dc1  __aeabi_dcmple                       
00003dd5  __aeabi_dcmpge                       
00003de9  __aeabi_dcmpgt                       
00003dfd  __aeabi_fcmpeq                       
00003e11  __aeabi_fcmplt                       
00003e25  __aeabi_fcmple                       
00003e39  __aeabi_fcmpge                       
00003e4d  __aeabi_fcmpgt                       
00003e5f  memset                               
00003ec1  SYSCFG_DL_GPIO_init                  
00003f21  SYSCFG_DL_UART_1_init                
00003f81  SYSCFG_DL_UART_2_init                
00003fe1  BTNScan                              
0000403d  frexp                                
0000403d  frexpl                               
00004099  __TI_ltoa                            
00004149  __aeabi_idiv                         
00004149  __aeabi_idivmod                      
000041a1  SYSCFG_DL_initPower                  
00004249  __aeabi_d2iz                         
00004249  __fixdfsi                            
00004295  DL_UART_init                         
000042dd  DL_SYSCTL_switchMCLKfromSYSOSCtoHSCLK
00004321  __aeabi_d2uiz                        
00004321  __fixunsdfsi                         
00004365  DL_ADC12_setClockConfig              
000043a5  __aeabi_uidiv                        
000043a5  __aeabi_uidivmod                     
000043e5  __aeabi_f2d                          
000043e5  __extendsfdf2                        
00004425  atoi                                 
00004465  __aeabi_i2f                          
00004465  __floatsisf                          
000044a1  __gesf2                              
000044a1  __gtsf2                              
000044dd  __TI_auto_init_nobinit_nopinit       
00004519  __cmpsf2                             
00004519  __eqsf2                              
00004519  __lesf2                              
00004519  __ltsf2                              
00004519  __nesf2                              
00004555  __muldsi3                            
00004591  draw_line                            
000045c9  sprintf                              
00004601  TaskScan                             
00004635  draw_dot                             
00004669  sendString                           
0000469d  SYSCFG_DL_SYSTICK_init               
000046cd  SYSCFG_DL_init                       
0000472d  __aeabi_i2d                          
0000472d  __floatsidf                          
00004759  __aeabi_ui2f                         
00004759  __floatunsisf                        
00004781  _c_int00_noargs                      
000047a9  ADC0_IRQHandler                      
000047cd  __aeabi_lmul                         
000047cd  __muldi3                             
000047f1  memccpy                              
00004815  __aeabi_llsl                         
00004815  __ashldi3                            
00004833  main                                 
00004869  __TI_zero_init_nomemset              
00004881  __aeabi_uldivmod                     
000048a9  DL_UART_setClockConfig               
000048bb  __TI_decompress_none                 
000048cd  wcslen                               
000048dd  __aeabi_memset                       
000048dd  __aeabi_memset4                      
000048dd  __aeabi_memset8                      
000048f9  DL_Common_delayCycles                
00004971  __aeabi_errno_addr                   
00004979  __aeabi_memcpy                       
00004979  __aeabi_memcpy4                      
00004979  __aeabi_memcpy8                      
000049b5  Reset_Handler                        
000049b9  _system_pre_init                     
000049bc  C$$EXIT                              
000049bd  abort                                
000049c0  __aeabi_ctype_table_                 
000049c0  __aeabi_ctype_table_C                
00004c90  __TI_Handler_Table_Base              
00004c9c  __TI_Handler_Table_Limit             
00004ca4  __TI_CINIT_Base                      
00004cb4  __TI_CINIT_Limit                     
00004cb4  __TI_CINIT_Warm                      
20200000  __start___llvm_prf_bits              
20200000  __start___llvm_prf_cnts              
20200000  __stop___llvm_prf_bits               
20200000  __stop___llvm_prf_cnts               
20200000  freq_buffer                          
20200100  gain_buffer                          
20200200  str                                  
20200264  gUART_1Backup                        
20200294  uart_rx_buffer                       
202002b4  Vout_Load_buffer                     
202002c8  Vout_Open_buffer                     
202002dc  c_param                              
202002ec  BTNTick                              
202002f6  BTNData                              
202002fb  GainState                            
202002fc  Tick                                 
20200300  Vout_Load                            
20200304  Vout_Open                            
20200308  __aeabi_errno                        
2020030c  delay_times                          
20200310  input_amp                            
20200314  input_freq                           
20200318  lastX                                
2020031a  lastY                                
2020031c  point_index                          
2020031e  InputImpState                        
2020031f  Out_state                            
20200320  OutputImpState                       
20200321  PlotState                            
20200322  TaskMark                             
20200323  Vout_flag                            
20200324  count_load                           
20200325  count_open                           
20200326  gCheckADC                            
20200327  uart_rx_finish                       
20200328  uart_rx_index                        
20200329  vout_index                           
20207e00  __stack                              
20208000  __STACK_END                          
ffffffff  __TI_pprof_out_hndl                  
ffffffff  __TI_prof_data_size                  
ffffffff  __TI_prof_data_start                 
ffffffff  __binit__                            
ffffffff  binit                                
UNDEFED   __mpu_init                           
UNDEFED   _system_post_cinit                   

[228 symbols]
