******************************************************************************
            TI ARM Clang Linker PC v4.0.2                      
******************************************************************************
>> Linked Sun May 11 17:31:47 2025

OUTPUT FILE NAME:   <2019D.out>
ENTRY POINT SYMBOL: "_c_int00_noargs"  address: 00004161


MEMORY CONFIGURATION

         name            origin    length      used     unused   attr    fill
----------------------  --------  ---------  --------  --------  ----  --------
  FLASH                 00000000   00020000  00004648  0001b9b8  R  X
  SRAM                  20200000   00008000  000004c6  00007b3a  RW X
  BCR_CONFIG            41c00000   000000ff  00000000  000000ff  R   
  BSL_CONFIG            41c00100   00000080  00000000  00000080  R   


SEGMENT ALLOCATION MAP

run origin  load origin   length   init length attrs members
----------  ----------- ---------- ----------- ----- -------
00000000    00000000    00004648   00004648    r-x
  00000000    00000000    000000c0   000000c0    r-- .intvecs
  000000c0    000000c0    00004300   00004300    r-x .text
  000043c0    000043c0    00000250   00000250    r-- .rodata
  00004610    00004610    00000038   00000038    r-- .cinit
20200000    20200000    000002c6   00000000    rw-
  20200000    20200000    00000278   00000000    rw- .bss
  20200278    20200278    0000004e   00000000    rw- .data
20207e00    20207e00    00000200   00000000    rw-
  20207e00    20207e00    00000200   00000000    rw- .stack


SECTION ALLOCATION MAP

 output                                  attributes/
section   page    origin      length       input sections
--------  ----  ----------  ----------   ----------------
.intvecs   0    00000000    000000c0     
                  00000000    000000c0     startup_mspm0g350x_ticlang.o (.intvecs)

.text      0    000000c0    00004300     
                  000000c0    00000a48     libc.a : e_pow.c.obj (.text.pow)
                  00000b08    000009d0            : _printfi.c.obj (.text:__TI_printfi)
                  000014d8    00000360            : strtof.c.obj (.text.strtof)
                  00001838    00000314     UserTask.o (.text.CalOutputImp)
                  00001b4c    0000022c     UserTask.o (.text.PlotAmpFreq)
                  00001d78    00000220     libc.a : _printfi.c.obj (.text._pconv_a)
                  00001f98    000001dc            : _printfi.c.obj (.text._pconv_g)
                  00002174    00000194            : e_log10f.c.obj (.text.log10f)
                  00002308    00000192     libclang_rt.builtins.a : adddf3.S.obj (.text.adddf3_subdf3)
                  0000249a    00000002     startup_mspm0g350x_ticlang.o (.text.Default_Handler)
                  0000249c    00000170     libc.a : e_sqrt.c.obj (.text.sqrt)
                  0000260c    0000013c            : _printfi.c.obj (.text.fcvt)
                  00002748    00000134     UserTask.o (.text.CalInputImp)
                  0000287c    00000124     UserTask.o (.text.CalGain)
                  000029a0    00000120     libc.a : _printfi.c.obj (.text._pconv_e)
                  00002ac0    0000010c     libclang_rt.builtins.a : divdf3.S.obj (.text.__divdf3)
                  00002bcc    000000e4                            : muldf3.S.obj (.text.__muldf3)
                  00002cb0    000000dc     driverlib.a : dl_sysctl_mspm0g1x0x_g3x0x.o (.text.DL_SYSCTL_configSYSPLL)
                  00002d8c    000000d8     libc.a : s_scalbn.c.obj (.text.scalbn)
                  00002e64    000000d8     libclang_rt.builtins.a : addsf3.S.obj (.text)
                  00002f3c    000000b0     libc.a : s_scalbnf.c.obj (.text.scalbnf)
                  00002fec    000000ac     BTN.o (.text.BTN_getData)
                  00003098    000000a2     libclang_rt.builtins.a : udivmoddi4.S.obj (.text)
                  0000313a    0000009a     libc.a : memcpy16.S.obj (.text:memcpy)
                  000031d4    0000008c     libclang_rt.builtins.a : mulsf3.S.obj (.text.__mulsf3)
                  00003260    00000084     ti_msp_dl_config.o (.text.SYSCFG_DL_UART_2_init)
                  000032e4    00000082     libclang_rt.builtins.a : divsf3.S.obj (.text.__divsf3)
                  00003366    00000002                            : aeabi_div0.c.obj (.text.__aeabi_idiv0)
                  00003368    00000080     ti_msp_dl_config.o (.text.SYSCFG_DL_SYSCTL_init)
                  000033e8    00000080     empty.o (.text.UART0_IRQHandler)
                  00003468    0000007c     ti_msp_dl_config.o (.text.SYSCFG_DL_ADC12_0_init)
                  000034e4    0000007c     Tick.o (.text.SysTick_Handler)
                  00003560    0000007c     libc.a : copy_decompress_lzss.c.obj (.text:decompress:lzss)
                  000035dc    00000074     libclang_rt.builtins.a : comparedf2.c.obj (.text.__gedf2)
                  00003650    00000074                            : truncdfsf2.S.obj (.text.__truncdfsf2)
                  000036c4    00000068                            : comparedf2.c.obj (.text.__ledf2)
                  0000372c    00000066     libc.a : _printfi.c.obj (.text._mcpy)
                  00003792    00000002     libclang_rt.builtins.a : aeabi_div0.c.obj (.text.__aeabi_ldiv0)
                  00003794    00000062                            : aeabi_dcmp.S.obj (.text.__aeabi_dcmp)
                  000037f6    00000002     --HOLE-- [fill = 0]
                  000037f8    00000062                            : aeabi_fcmp.S.obj (.text.__aeabi_fcmp)
                  0000385a    00000062     libc.a : memset16.S.obj (.text:memset)
                  000038bc    00000060     ti_msp_dl_config.o (.text.SYSCFG_DL_GPIO_init)
                  0000391c    00000060     ti_msp_dl_config.o (.text.SYSCFG_DL_UART_0_init)
                  0000397c    00000060     ti_msp_dl_config.o (.text.SYSCFG_DL_UART_1_init)
                  000039dc    00000060     UART.o (.text.sendNum)
                  00003a3c    0000005c     UserTask.o (.text.BTNScan)
                  00003a98    0000005c     libc.a : s_frexp.c.obj (.text.frexp)
                  00003af4    00000058            : _ltoa.c.obj (.text.__TI_ltoa)
                  00003b4c    00000058            : _printfi.c.obj (.text._pconv_f)
                  00003ba4    00000056     libclang_rt.builtins.a : aeabi_idivmod.S.obj (.text.__aeabi_idivmod)
                  00003bfa    00000002     --HOLE-- [fill = 0]
                  00003bfc    00000054     ti_msp_dl_config.o (.text.SYSCFG_DL_initPower)
                  00003c50    00000052     libc.a : _printfi.c.obj (.text._ecpy)
                  00003ca2    00000002     --HOLE-- [fill = 0]
                  00003ca4    0000004a     libclang_rt.builtins.a : fixdfsi.S.obj (.text.__fixdfsi)
                  00003cee    00000002     --HOLE-- [fill = 0]
                  00003cf0    00000048     driverlib.a : dl_uart.o (.text.DL_UART_init)
                  00003d38    00000044                 : dl_sysctl_mspm0g1x0x_g3x0x.o (.text.DL_SYSCTL_switchMCLKfromSYSOSCtoHSCLK)
                  00003d7c    00000040                 : dl_adc12.o (.text.DL_ADC12_setClockConfig)
                  00003dbc    00000040     libclang_rt.builtins.a : aeabi_uidivmod.S.obj (.text.__aeabi_uidivmod)
                  00003dfc    00000040                            : extendsfdf2.S.obj (.text.__extendsfdf2)
                  00003e3c    00000040     libc.a : atoi.c.obj (.text.atoi)
                  00003e7c    0000003c     libclang_rt.builtins.a : floatsisf.S.obj (.text.__floatsisf)
                  00003eb8    0000003c                            : comparesf2.S.obj (.text.__gtsf2)
                  00003ef4    0000003c     libc.a : autoinit.c.obj (.text:__TI_auto_init_nobinit_nopinit)
                  00003f30    0000003a     libclang_rt.builtins.a : comparesf2.S.obj (.text.__eqsf2)
                  00003f6a    00000002     --HOLE-- [fill = 0]
                  00003f6c    0000003a                            : muldsi3.S.obj (.text.__muldsi3)
                  00003fa6    00000002     --HOLE-- [fill = 0]
                  00003fa8    00000038                            : fixsfsi.S.obj (.text.__fixsfsi)
                  00003fe0    00000038     libc.a : sprintf.c.obj (.text.sprintf)
                  00004018    00000034     UserTask.o (.text.TaskScan)
                  0000404c    00000030     ti_msp_dl_config.o (.text.SYSCFG_DL_SYSTICK_init)
                  0000407c    00000030     ti_msp_dl_config.o (.text.SYSCFG_DL_init)
                  000040ac    00000030     libc.a : _printfi.c.obj (.text._fcpy)
                  000040dc    00000030     UART.o (.text.sendString)
                  0000410c    0000002c     libclang_rt.builtins.a : floatsidf.S.obj (.text.__floatsidf)
                  00004138    00000028                            : floatunsisf.S.obj (.text.__floatunsisf)
                  00004160    00000028     libc.a : boot_cortex_m.c.obj (.text:_c_int00_noargs)
                  00004188    00000024     empty.o (.text.ADC0_IRQHandler)
                  000041ac    00000024     libclang_rt.builtins.a : muldi3.S.obj (.text.__muldi3)
                  000041d0    00000022     libc.a : memccpy.c.obj (.text.memccpy)
                  000041f2    00000002     --HOLE-- [fill = 0]
                  000041f4    0000001e     libclang_rt.builtins.a : ashldi3.S.obj (.text.__ashldi3)
                  00004212    0000001e     empty.o (.text.main)
                  00004230    00000018     libc.a : sprintf.c.obj (.text._outs)
                  00004248    00000016            : copy_zero_init.c.obj (.text:decompress:ZI:__TI_zero_init_nomemset)
                  0000425e    00000002     --HOLE-- [fill = 0]
                  00004260    00000014     libclang_rt.builtins.a : aeabi_uldivmod.S.obj (.text.__aeabi_uldivmod)
                  00004274    00000014     libc.a : _printfi.c.obj (.text.strchr)
                  00004288    00000012     driverlib.a : dl_uart.o (.text.DL_UART_setClockConfig)
                  0000429a    00000012     libc.a : copy_decompress_none.c.obj (.text:decompress:none)
                  000042ac    00000010            : wcslen.c.obj (.text.wcslen)
                  000042bc    0000000e     libclang_rt.builtins.a : aeabi_memset.S.obj (.text.__aeabi_memset)
                  000042ca    0000000e     libc.a : _printfi.c.obj (.text.strlen)
                  000042d8    0000000a     driverlib.a : dl_common.o (.text.DL_Common_delayCycles)
                  000042e2    0000000a     libc.a : _printfi.c.obj (.text.OUTLINED_FUNCTION_0)
                  000042ec    00000010     libclang_rt.builtins.a : adddf3.S.obj (.tramp.__aeabi_dsub.1)
                  000042fc    0000000a     libc.a : e_pow.c.obj (.text.OUTLINED_FUNCTION_0)
                  00004306    00000002     --HOLE-- [fill = 0]
                  00004308    00000010     libclang_rt.builtins.a : muldf3.S.obj (.tramp.__aeabi_dmul.1)
                  00004318    0000000a     libc.a : _printfi.c.obj (.text.OUTLINED_FUNCTION_1)
                  00004322    0000000a            : e_pow.c.obj (.text.OUTLINED_FUNCTION_1)
                  0000432c    0000000a            : e_pow.c.obj (.text.OUTLINED_FUNCTION_6)
                  00004336    0000000a            : sprintf.c.obj (.text._outc)
                  00004340    00000008            : strtof.c.obj (.text.OUTLINED_FUNCTION_0)
                  00004348    00000008            : e_pow.c.obj (.text.OUTLINED_FUNCTION_2)
                  00004350    00000008            : aeabi_portable.c.obj (.text.__aeabi_errno_addr)
                  00004358    00000008     libclang_rt.builtins.a : aeabi_memcpy.S.obj (.text.__aeabi_memcpy)
                  00004360    00000006     libc.a : e_pow.c.obj (.text.OUTLINED_FUNCTION_3)
                  00004366    00000002     --HOLE-- [fill = 0]
                  00004368    00000010     libclang_rt.builtins.a : adddf3.S.obj (.tramp.__aeabi_dadd.1)
                  00004378    00000006     libc.a : e_pow.c.obj (.text.OUTLINED_FUNCTION_4)
                  0000437e    00000006            : e_pow.c.obj (.text.OUTLINED_FUNCTION_5)
                  00004384    00000006            : exit.c.obj (.text:abort)
                  0000438a    00000004     libsysbm.a : hostexit.c.obj (.text.HOSTexit)
                  0000438e    00000004     libc.a : e_log10f.c.obj (.text.OUTLINED_FUNCTION_0)
                  00004392    00000002     --HOLE-- [fill = 0]
                  00004394    00000010     libclang_rt.builtins.a : mulsf3.S.obj (.tramp.__aeabi_fmul.1)
                  000043a4    00000004     libc.a : e_pow.c.obj (.text.OUTLINED_FUNCTION_10)
                  000043a8    00000004            : e_pow.c.obj (.text.OUTLINED_FUNCTION_7)
                  000043ac    00000004            : e_pow.c.obj (.text.OUTLINED_FUNCTION_8)
                  000043b0    00000004            : e_pow.c.obj (.text.OUTLINED_FUNCTION_9)
                  000043b4    00000004     startup_mspm0g350x_ticlang.o (.text.Reset_Handler)
                  000043b8    00000004     libc.a : pre_init.c.obj (.text._system_pre_init)
                  000043bc    00000004     --HOLE-- [fill = 0]

.cinit     0    00004610    00000038     
                  00004610    00000010     (.cinit..data.load) [load image, compression = lzss]
                  00004620    0000000c     (__TI_handler_table)
                  0000462c    00000008     (.cinit..bss.load) [load image, compression = zero_init]
                  00004634    00000010     (__TI_cinit_table)
                  00004644    00000004     --HOLE-- [fill = 0]

.rodata    0    000043c0    00000250     
                  000043c0    00000101     libc.a : aeabi_ctype.S.obj (.rodata:__aeabi_ctype_table_)
                  000044c1    00000003     UserTask.o (.rodata.str1.13876905621293279013.1)
                  000044c4    00000040     libc.a : strtof.c.obj (.rodata.digits)
                  00004504    00000002     ti_msp_dl_config.o (.rodata.gUART_0ClockConfig)
                  00004506    00000002     ti_msp_dl_config.o (.rodata.gUART_1ClockConfig)
                  00004508    00000030     libc.a : e_pow.c.obj (.rodata.cst16)
                  00004538    00000028     ti_msp_dl_config.o (.rodata.gSYSPLLConfig)
                  00004560    00000018     libc.a : strtof.c.obj (.rodata.powerof10)
                  00004578    00000012     UserTask.o (.rodata.str1.18052651704520916746.1)
                  0000458a    00000011     libc.a : _printfi.c.obj (.rodata.str1.10348868589481759720.1)
                  0000459b    00000011     UserTask.o (.rodata.str1.15275780387583481633.1)
                  000045ac    00000011     libc.a : _printfi.c.obj (.rodata.str1.15363888844622738466.1)
                  000045bd    0000000c     UserTask.o (.rodata.str1.13803751183915423890.1)
                  000045c9    0000000c     UserTask.o (.rodata.str1.7822139254754781210.1)
                  000045d5    00000001     --HOLE-- [fill = 0]
                  000045d6    0000000a     ti_msp_dl_config.o (.rodata.gUART_0Config)
                  000045e0    0000000a     ti_msp_dl_config.o (.rodata.gUART_1Config)
                  000045ea    0000000a     ti_msp_dl_config.o (.rodata.gUART_2Config)
                  000045f4    00000008     ti_msp_dl_config.o (.rodata.gADC12_0ClockConfig)
                  000045fc    00000007     UserTask.o (.rodata.str1.12380682929610600086.1)
                  00004603    00000007     UART.o (.rodata.str1.6221462180413253723.1)
                  0000460a    00000002     ti_msp_dl_config.o (.rodata.gUART_2ClockConfig)
                  0000460c    00000004     --HOLE-- [fill = 0]

.init_array 
*          0    00000000    00000000     UNINITIALIZED

.binit     0    00000000    00000000     

.bss       0    20200000    00000278     UNINITIALIZED
                  20200000    00000100     (.common:freq_buffer)
                  20200100    00000100     (.common:gain_buffer)
                  20200200    00000030     (.common:gUART_1Backup)
                  20200230    0000001e     (.common:uart_rx_buffer)
                  2020024e    00000002     --HOLE--
                  20200250    00000014     (.common:Vout_Load_buffer)
                  20200264    00000014     (.common:Vout_Open_buffer)

.data      0    20200278    0000004e     UNINITIALIZED
                  20200278    00000010     empty.o (.data.c_param)
                  20200288    0000000a     BTN.o (.data.BTNTick)
                  20200292    00000005     empty.o (.data.BTNData)
                  20200297    00000001     empty.o (.data.GainState)
                  20200298    00000004     Tick.o (.data.Tick)
                  2020029c    00000004     empty.o (.data.Vout_Load)
                  202002a0    00000004     empty.o (.data.Vout_Open)
                  202002a4    00000004     libc.a : aeabi_portable.c.obj (.data.__aeabi_errno)
                  202002a8    00000004     Tick.o (.data.delay_times)
                  202002ac    00000004     empty.o (.data.input_amp)
                  202002b0    00000004     empty.o (.data.input_freq)
                  202002b4    00000002     empty.o (.data.lastX)
                  202002b6    00000002     empty.o (.data.lastY)
                  202002b8    00000002     empty.o (.data.point_index)
                  202002ba    00000001     empty.o (.data.InputImpState)
                  202002bb    00000001     empty.o (.data.Out_state)
                  202002bc    00000001     empty.o (.data.OutputImpState)
                  202002bd    00000001     empty.o (.data.PlotState)
                  202002be    00000001     empty.o (.data.TaskMark)
                  202002bf    00000001     empty.o (.data.Vout_flag)
                  202002c0    00000001     empty.o (.data.count_load)
                  202002c1    00000001     empty.o (.data.count_open)
                  202002c2    00000001     empty.o (.data.gCheckADC)
                  202002c3    00000001     empty.o (.data.uart_rx_finish)
                  202002c4    00000001     empty.o (.data.uart_rx_index)
                  202002c5    00000001     empty.o (.data.vout_index)

.stack     0    20207e00    00000200     UNINITIALIZED
                  20207e00    00000004     libc.a : boot_cortex_m.c.obj (.stack)
                  20207e04    000001fc     --HOLE--

__llvm_prf_cnts 
*          0    20200000    00000000     UNINITIALIZED

__llvm_prf_bits 
*          0    20200000    00000000     UNINITIALIZED

MODULE SUMMARY

       Module                         code    ro data   rw data
       ------                         ----    -------   -------
    .\
       ti_msp_dl_config.o             852     84        48     
       empty.o                        194     0         638    
       startup_mspm0g350x_ticlang.o   6       192       0      
    +--+------------------------------+-------+---------+---------+
       Total:                         1052    276       686    
                                                               
    .\USER\BTN\
       BTN.o                          172     0         10     
    +--+------------------------------+-------+---------+---------+
       Total:                         172     0         10     
                                                               
    .\USER\TICK\
       Tick.o                         124     0         8      
    +--+------------------------------+-------+---------+---------+
       Total:                         124     0         8      
                                                               
    .\USER\UART\
       UART.o                         144     7         0      
    +--+------------------------------+-------+---------+---------+
       Total:                         144     7         0      
                                                               
    .\USER\USERTASK\
       UserTask.o                     2088    69        0      
    +--+------------------------------+-------+---------+---------+
       Total:                         2088    69        0      
                                                               
    D:/ti/mspm0_sdk_2_04_00_06/source/ti/driverlib/lib/ticlang/m0p/mspm0g1x0x_g3x0x/driverlib.a
       dl_sysctl_mspm0g1x0x_g3x0x.o   288     0         0      
       dl_uart.o                      90      0         0      
       dl_adc12.o                     64      0         0      
       dl_common.o                    10      0         0      
    +--+------------------------------+-------+---------+---------+
       Total:                         452     0         0      
                                                               
    D:\ccs2011\ccs\tools\compiler\ti-cgt-armllvm_4.0.2.LTS\lib\armv6m-ti-none-eabi/c/libc.a
       _printfi.c.obj                 4510    34        0      
       e_pow.c.obj                    2704    48        0      
       strtof.c.obj                   872     88        0      
       e_log10f.c.obj                 408     0         0      
       e_sqrt.c.obj                   368     0         0      
       aeabi_ctype.S.obj              0       257       0      
       s_scalbn.c.obj                 216     0         0      
       s_scalbnf.c.obj                176     0         0      
       memcpy16.S.obj                 154     0         0      
       copy_decompress_lzss.c.obj     124     0         0      
       memset16.S.obj                 98      0         0      
       s_frexp.c.obj                  92      0         0      
       sprintf.c.obj                  90      0         0      
       _ltoa.c.obj                    88      0         0      
       atoi.c.obj                     64      0         0      
       autoinit.c.obj                 60      0         0      
       boot_cortex_m.c.obj            40      0         0      
       memccpy.c.obj                  34      0         0      
       copy_zero_init.c.obj           22      0         0      
       copy_decompress_none.c.obj     18      0         0      
       wcslen.c.obj                   16      0         0      
       aeabi_portable.c.obj           8       0         4      
       exit.c.obj                     6       0         0      
       pre_init.c.obj                 4       0         0      
    +--+------------------------------+-------+---------+---------+
       Total:                         10172   427       4      
                                                               
    D:\ccs2011\ccs\tools\compiler\ti-cgt-armllvm_4.0.2.LTS\lib\armv6m-ti-none-eabi/c/libsysbm.a
       hostexit.c.obj                 4       0         0      
    +--+------------------------------+-------+---------+---------+
       Total:                         4       0         0      
                                                               
    D:\ccs2011\ccs\tools\compiler\ti-cgt-armllvm_4.0.2.LTS\lib\armv6m-ti-none-eabi/libclang_rt.builtins.a
       adddf3.S.obj                   434     0         0      
       divdf3.S.obj                   268     0         0      
       muldf3.S.obj                   244     0         0      
       comparedf2.c.obj               220     0         0      
       addsf3.S.obj                   216     0         0      
       udivmoddi4.S.obj               162     0         0      
       mulsf3.S.obj                   156     0         0      
       divsf3.S.obj                   130     0         0      
       comparesf2.S.obj               118     0         0      
       truncdfsf2.S.obj               116     0         0      
       aeabi_dcmp.S.obj               98      0         0      
       aeabi_fcmp.S.obj               98      0         0      
       aeabi_idivmod.S.obj            86      0         0      
       fixdfsi.S.obj                  74      0         0      
       aeabi_uidivmod.S.obj           64      0         0      
       extendsfdf2.S.obj              64      0         0      
       floatsisf.S.obj                60      0         0      
       muldsi3.S.obj                  58      0         0      
       fixsfsi.S.obj                  56      0         0      
       floatsidf.S.obj                44      0         0      
       floatunsisf.S.obj              40      0         0      
       muldi3.S.obj                   36      0         0      
       ashldi3.S.obj                  30      0         0      
       aeabi_uldivmod.S.obj           20      0         0      
       aeabi_memset.S.obj             14      0         0      
       aeabi_memcpy.S.obj             8       0         0      
       aeabi_div0.c.obj               4       0         0      
    +--+------------------------------+-------+---------+---------+
       Total:                         2918    0         0      
                                                               
       Stack:                         0       0         512    
       Linker Generated:              0       52        0      
    +--+------------------------------+-------+---------+---------+
       Grand Total:                   17126   831       1220   


LINKER GENERATED COPY TABLES

__TI_cinit_table @ 00004634 records: 2, size/record: 8, table size: 16
	.data: load addr=00004610, load size=00000010 bytes, run addr=20200278, run size=0000004e bytes, compression=lzss
	.bss: load addr=0000462c, load size=00000008 bytes, run addr=20200000, run size=00000278 bytes, compression=zero_init


LINKER GENERATED HANDLER TABLE

__TI_handler_table @ 00004620 records: 3, size/record: 4, table size: 12
	index: 0, handler: __TI_decompress_lzss
	index: 1, handler: __TI_decompress_none
	index: 2, handler: __TI_zero_init


FAR CALL TRAMPOLINES

callee name               trampoline name
   callee addr  tramp addr   call addr  call info
--------------  -----------  ---------  ----------------
__aeabi_dsub              $Tramp$TT$L$PI$$__aeabi_dsub
   00002309     000042ec     000042ea   libc.a : _printfi.c.obj (.text.OUTLINED_FUNCTION_0)
                             0000434e          : e_pow.c.obj (.text.OUTLINED_FUNCTION_2)
__aeabi_dmul              $Tramp$TT$L$PI$$__aeabi_dmul
   00002bcd     00004308     00004304   libc.a : e_pow.c.obj (.text.OUTLINED_FUNCTION_0)
                             0000432a          : e_pow.c.obj (.text.OUTLINED_FUNCTION_1)
                             00004334          : e_pow.c.obj (.text.OUTLINED_FUNCTION_6)
                             0000437c          : e_pow.c.obj (.text.OUTLINED_FUNCTION_4)
                             00004382          : e_pow.c.obj (.text.OUTLINED_FUNCTION_5)
                             000043ae          : e_pow.c.obj (.text.OUTLINED_FUNCTION_8)
__aeabi_dadd              $Tramp$TT$L$PI$$__aeabi_dadd
   00002313     00004368     00004364   libc.a : e_pow.c.obj (.text.OUTLINED_FUNCTION_3)
                             000043a6          : e_pow.c.obj (.text.OUTLINED_FUNCTION_10)
                             000043aa          : e_pow.c.obj (.text.OUTLINED_FUNCTION_7)
                             000043b2          : e_pow.c.obj (.text.OUTLINED_FUNCTION_9)
__aeabi_fmul              $Tramp$TT$L$PI$$__aeabi_fmul
   000031d5     00004394     00004390   libc.a : e_log10f.c.obj (.text.OUTLINED_FUNCTION_0)

[4 trampolines]
[13 trampoline calls]


GLOBAL SYMBOLS: SORTED ALPHABETICALLY BY Name 

address   name                                 
-------   ----                                 
00004189  ADC0_IRQHandler                      
0000249b  ADC1_IRQHandler                      
0000249b  AES_IRQHandler                       
20200292  BTNData                              
00003a3d  BTNScan                              
20200288  BTNTick                              
00002fed  BTN_getData                          
0000438a  C$$EXIT                              
0000249b  CANFD0_IRQHandler                    
0000287d  CalGain                              
00002749  CalInputImp                          
00001839  CalOutputImp                         
0000249b  DAC0_IRQHandler                      
00003d7d  DL_ADC12_setClockConfig              
000042d9  DL_Common_delayCycles                
00002cb1  DL_SYSCTL_configSYSPLL               
00003d39  DL_SYSCTL_switchMCLKfromSYSOSCtoHSCLK
00003cf1  DL_UART_init                         
00004289  DL_UART_setClockConfig               
0000249b  DMA_IRQHandler                       
0000249b  Default_Handler                      
0000249b  GROUP0_IRQHandler                    
0000249b  GROUP1_IRQHandler                    
20200297  GainState                            
0000438b  HOSTexit                             
0000249b  HardFault_Handler                    
0000249b  I2C0_IRQHandler                      
0000249b  I2C1_IRQHandler                      
202002ba  InputImpState                        
0000249b  NMI_Handler                          
202002bb  Out_state                            
202002bc  OutputImpState                       
0000249b  PendSV_Handler                       
00001b4d  PlotAmpFreq                          
202002bd  PlotState                            
0000249b  RTC_IRQHandler                       
000043b5  Reset_Handler                        
0000249b  SPI0_IRQHandler                      
0000249b  SPI1_IRQHandler                      
0000249b  SVC_Handler                          
00003469  SYSCFG_DL_ADC12_0_init               
000038bd  SYSCFG_DL_GPIO_init                  
00003369  SYSCFG_DL_SYSCTL_init                
0000404d  SYSCFG_DL_SYSTICK_init               
0000391d  SYSCFG_DL_UART_0_init                
0000397d  SYSCFG_DL_UART_1_init                
00003261  SYSCFG_DL_UART_2_init                
0000407d  SYSCFG_DL_init                       
00003bfd  SYSCFG_DL_initPower                  
000034e5  SysTick_Handler                      
0000249b  TIMA0_IRQHandler                     
0000249b  TIMA1_IRQHandler                     
0000249b  TIMG0_IRQHandler                     
0000249b  TIMG12_IRQHandler                    
0000249b  TIMG6_IRQHandler                     
0000249b  TIMG7_IRQHandler                     
0000249b  TIMG8_IRQHandler                     
202002be  TaskMark                             
00004019  TaskScan                             
20200298  Tick                                 
000033e9  UART0_IRQHandler                     
0000249b  UART1_IRQHandler                     
0000249b  UART2_IRQHandler                     
0000249b  UART3_IRQHandler                     
2020029c  Vout_Load                            
20200250  Vout_Load_buffer                     
202002a0  Vout_Open                            
20200264  Vout_Open_buffer                     
202002bf  Vout_flag                            
20208000  __STACK_END                          
00000200  __STACK_SIZE                         
00000000  __TI_ATRegion0_region_sz             
00000000  __TI_ATRegion0_src_addr              
00000000  __TI_ATRegion0_trg_addr              
00000000  __TI_ATRegion1_region_sz             
00000000  __TI_ATRegion1_src_addr              
00000000  __TI_ATRegion1_trg_addr              
00000000  __TI_ATRegion2_region_sz             
00000000  __TI_ATRegion2_src_addr              
00000000  __TI_ATRegion2_trg_addr              
00004634  __TI_CINIT_Base                      
00004644  __TI_CINIT_Limit                     
00004644  __TI_CINIT_Warm                      
00004620  __TI_Handler_Table_Base              
0000462c  __TI_Handler_Table_Limit             
00003ef5  __TI_auto_init_nobinit_nopinit       
00003561  __TI_decompress_lzss                 
0000429b  __TI_decompress_none                 
00003af5  __TI_ltoa                            
ffffffff  __TI_pprof_out_hndl                  
00000b09  __TI_printfi                         
ffffffff  __TI_prof_data_size                  
ffffffff  __TI_prof_data_start                 
00000000  __TI_static_base__                   
00004249  __TI_zero_init_nomemset              
00002313  __adddf3                             
00002e6f  __addsf3                             
000043c0  __aeabi_ctype_table_                 
000043c0  __aeabi_ctype_table_C                
00003651  __aeabi_d2f                          
00003ca5  __aeabi_d2iz                         
00002313  __aeabi_dadd                         
00003795  __aeabi_dcmpeq                       
000037d1  __aeabi_dcmpge                       
000037e5  __aeabi_dcmpgt                       
000037bd  __aeabi_dcmple                       
000037a9  __aeabi_dcmplt                       
00002ac1  __aeabi_ddiv                         
00002bcd  __aeabi_dmul                         
00002309  __aeabi_dsub                         
202002a4  __aeabi_errno                        
00004351  __aeabi_errno_addr                   
00003dfd  __aeabi_f2d                          
00003fa9  __aeabi_f2iz                         
00002e6f  __aeabi_fadd                         
000037f9  __aeabi_fcmpeq                       
00003835  __aeabi_fcmpge                       
00003849  __aeabi_fcmpgt                       
00003821  __aeabi_fcmple                       
0000380d  __aeabi_fcmplt                       
000032e5  __aeabi_fdiv                         
000031d5  __aeabi_fmul                         
00002e65  __aeabi_fsub                         
0000410d  __aeabi_i2d                          
00003e7d  __aeabi_i2f                          
00003ba5  __aeabi_idiv                         
00003367  __aeabi_idiv0                        
00003ba5  __aeabi_idivmod                      
00003793  __aeabi_ldiv0                        
000041f5  __aeabi_llsl                         
000041ad  __aeabi_lmul                         
00004359  __aeabi_memcpy                       
00004359  __aeabi_memcpy4                      
00004359  __aeabi_memcpy8                      
000042bd  __aeabi_memset                       
000042bd  __aeabi_memset4                      
000042bd  __aeabi_memset8                      
00004139  __aeabi_ui2f                         
00003dbd  __aeabi_uidiv                        
00003dbd  __aeabi_uidivmod                     
00004261  __aeabi_uldivmod                     
000041f5  __ashldi3                            
ffffffff  __binit__                            
000036c5  __cmpdf2                             
00003f31  __cmpsf2                             
00002ac1  __divdf3                             
000032e5  __divsf3                             
000036c5  __eqdf2                              
00003f31  __eqsf2                              
00003dfd  __extendsfdf2                        
00003ca5  __fixdfsi                            
00003fa9  __fixsfsi                            
0000410d  __floatsidf                          
00003e7d  __floatsisf                          
00004139  __floatunsisf                        
000035dd  __gedf2                              
00003eb9  __gesf2                              
000035dd  __gtdf2                              
00003eb9  __gtsf2                              
000036c5  __ledf2                              
00003f31  __lesf2                              
000036c5  __ltdf2                              
00003f31  __ltsf2                              
UNDEFED   __mpu_init                           
00002bcd  __muldf3                             
000041ad  __muldi3                             
00003f6d  __muldsi3                            
000031d5  __mulsf3                             
000036c5  __nedf2                              
00003f31  __nesf2                              
20207e00  __stack                              
20200000  __start___llvm_prf_bits              
20200000  __start___llvm_prf_cnts              
20200000  __stop___llvm_prf_bits               
20200000  __stop___llvm_prf_cnts               
00002309  __subdf3                             
00002e65  __subsf3                             
00003651  __truncdfsf2                         
00003099  __udivmoddi4                         
00004161  _c_int00_noargs                      
UNDEFED   _system_post_cinit                   
000043b9  _system_pre_init                     
00004385  abort                                
00003e3d  atoi                                 
ffffffff  binit                                
20200278  c_param                              
202002c0  count_load                           
202002c1  count_open                           
202002a8  delay_times                          
20200000  freq_buffer                          
00003a99  frexp                                
00003a99  frexpl                               
202002c2  gCheckADC                            
20200200  gUART_1Backup                        
20200100  gain_buffer                          
202002ac  input_amp                            
202002b0  input_freq                           
00000000  interruptVectors                     
202002b4  lastX                                
202002b6  lastY                                
00002d8d  ldexp                                
00002f3d  ldexpf                               
00002d8d  ldexpl                               
00002175  log10f                               
00004213  main                                 
000041d1  memccpy                              
0000313b  memcpy                               
0000385b  memset                               
202002b8  point_index                          
000000c1  pow                                  
000000c1  powl                                 
00002d8d  scalbn                               
00002f3d  scalbnf                              
00002d8d  scalbnl                              
000039dd  sendNum                              
000040dd  sendString                           
00003fe1  sprintf                              
0000249d  sqrt                                 
0000249d  sqrtl                                
000014d9  strtof                               
20200230  uart_rx_buffer                       
202002c3  uart_rx_finish                       
202002c4  uart_rx_index                        
202002c5  vout_index                           
000042ad  wcslen                               


GLOBAL SYMBOLS: SORTED BY Symbol Address 

address   name                                 
-------   ----                                 
00000000  __TI_ATRegion0_region_sz             
00000000  __TI_ATRegion0_src_addr              
00000000  __TI_ATRegion0_trg_addr              
00000000  __TI_ATRegion1_region_sz             
00000000  __TI_ATRegion1_src_addr              
00000000  __TI_ATRegion1_trg_addr              
00000000  __TI_ATRegion2_region_sz             
00000000  __TI_ATRegion2_src_addr              
00000000  __TI_ATRegion2_trg_addr              
00000000  __TI_static_base__                   
00000000  interruptVectors                     
000000c1  pow                                  
000000c1  powl                                 
00000200  __STACK_SIZE                         
00000b09  __TI_printfi                         
000014d9  strtof                               
00001839  CalOutputImp                         
00001b4d  PlotAmpFreq                          
00002175  log10f                               
00002309  __aeabi_dsub                         
00002309  __subdf3                             
00002313  __adddf3                             
00002313  __aeabi_dadd                         
0000249b  ADC1_IRQHandler                      
0000249b  AES_IRQHandler                       
0000249b  CANFD0_IRQHandler                    
0000249b  DAC0_IRQHandler                      
0000249b  DMA_IRQHandler                       
0000249b  Default_Handler                      
0000249b  GROUP0_IRQHandler                    
0000249b  GROUP1_IRQHandler                    
0000249b  HardFault_Handler                    
0000249b  I2C0_IRQHandler                      
0000249b  I2C1_IRQHandler                      
0000249b  NMI_Handler                          
0000249b  PendSV_Handler                       
0000249b  RTC_IRQHandler                       
0000249b  SPI0_IRQHandler                      
0000249b  SPI1_IRQHandler                      
0000249b  SVC_Handler                          
0000249b  TIMA0_IRQHandler                     
0000249b  TIMA1_IRQHandler                     
0000249b  TIMG0_IRQHandler                     
0000249b  TIMG12_IRQHandler                    
0000249b  TIMG6_IRQHandler                     
0000249b  TIMG7_IRQHandler                     
0000249b  TIMG8_IRQHandler                     
0000249b  UART1_IRQHandler                     
0000249b  UART2_IRQHandler                     
0000249b  UART3_IRQHandler                     
0000249d  sqrt                                 
0000249d  sqrtl                                
00002749  CalInputImp                          
0000287d  CalGain                              
00002ac1  __aeabi_ddiv                         
00002ac1  __divdf3                             
00002bcd  __aeabi_dmul                         
00002bcd  __muldf3                             
00002cb1  DL_SYSCTL_configSYSPLL               
00002d8d  ldexp                                
00002d8d  ldexpl                               
00002d8d  scalbn                               
00002d8d  scalbnl                              
00002e65  __aeabi_fsub                         
00002e65  __subsf3                             
00002e6f  __addsf3                             
00002e6f  __aeabi_fadd                         
00002f3d  ldexpf                               
00002f3d  scalbnf                              
00002fed  BTN_getData                          
00003099  __udivmoddi4                         
0000313b  memcpy                               
000031d5  __aeabi_fmul                         
000031d5  __mulsf3                             
00003261  SYSCFG_DL_UART_2_init                
000032e5  __aeabi_fdiv                         
000032e5  __divsf3                             
00003367  __aeabi_idiv0                        
00003369  SYSCFG_DL_SYSCTL_init                
000033e9  UART0_IRQHandler                     
00003469  SYSCFG_DL_ADC12_0_init               
000034e5  SysTick_Handler                      
00003561  __TI_decompress_lzss                 
000035dd  __gedf2                              
000035dd  __gtdf2                              
00003651  __aeabi_d2f                          
00003651  __truncdfsf2                         
000036c5  __cmpdf2                             
000036c5  __eqdf2                              
000036c5  __ledf2                              
000036c5  __ltdf2                              
000036c5  __nedf2                              
00003793  __aeabi_ldiv0                        
00003795  __aeabi_dcmpeq                       
000037a9  __aeabi_dcmplt                       
000037bd  __aeabi_dcmple                       
000037d1  __aeabi_dcmpge                       
000037e5  __aeabi_dcmpgt                       
000037f9  __aeabi_fcmpeq                       
0000380d  __aeabi_fcmplt                       
00003821  __aeabi_fcmple                       
00003835  __aeabi_fcmpge                       
00003849  __aeabi_fcmpgt                       
0000385b  memset                               
000038bd  SYSCFG_DL_GPIO_init                  
0000391d  SYSCFG_DL_UART_0_init                
0000397d  SYSCFG_DL_UART_1_init                
000039dd  sendNum                              
00003a3d  BTNScan                              
00003a99  frexp                                
00003a99  frexpl                               
00003af5  __TI_ltoa                            
00003ba5  __aeabi_idiv                         
00003ba5  __aeabi_idivmod                      
00003bfd  SYSCFG_DL_initPower                  
00003ca5  __aeabi_d2iz                         
00003ca5  __fixdfsi                            
00003cf1  DL_UART_init                         
00003d39  DL_SYSCTL_switchMCLKfromSYSOSCtoHSCLK
00003d7d  DL_ADC12_setClockConfig              
00003dbd  __aeabi_uidiv                        
00003dbd  __aeabi_uidivmod                     
00003dfd  __aeabi_f2d                          
00003dfd  __extendsfdf2                        
00003e3d  atoi                                 
00003e7d  __aeabi_i2f                          
00003e7d  __floatsisf                          
00003eb9  __gesf2                              
00003eb9  __gtsf2                              
00003ef5  __TI_auto_init_nobinit_nopinit       
00003f31  __cmpsf2                             
00003f31  __eqsf2                              
00003f31  __lesf2                              
00003f31  __ltsf2                              
00003f31  __nesf2                              
00003f6d  __muldsi3                            
00003fa9  __aeabi_f2iz                         
00003fa9  __fixsfsi                            
00003fe1  sprintf                              
00004019  TaskScan                             
0000404d  SYSCFG_DL_SYSTICK_init               
0000407d  SYSCFG_DL_init                       
000040dd  sendString                           
0000410d  __aeabi_i2d                          
0000410d  __floatsidf                          
00004139  __aeabi_ui2f                         
00004139  __floatunsisf                        
00004161  _c_int00_noargs                      
00004189  ADC0_IRQHandler                      
000041ad  __aeabi_lmul                         
000041ad  __muldi3                             
000041d1  memccpy                              
000041f5  __aeabi_llsl                         
000041f5  __ashldi3                            
00004213  main                                 
00004249  __TI_zero_init_nomemset              
00004261  __aeabi_uldivmod                     
00004289  DL_UART_setClockConfig               
0000429b  __TI_decompress_none                 
000042ad  wcslen                               
000042bd  __aeabi_memset                       
000042bd  __aeabi_memset4                      
000042bd  __aeabi_memset8                      
000042d9  DL_Common_delayCycles                
00004351  __aeabi_errno_addr                   
00004359  __aeabi_memcpy                       
00004359  __aeabi_memcpy4                      
00004359  __aeabi_memcpy8                      
00004385  abort                                
0000438a  C$$EXIT                              
0000438b  HOSTexit                             
000043b5  Reset_Handler                        
000043b9  _system_pre_init                     
000043c0  __aeabi_ctype_table_                 
000043c0  __aeabi_ctype_table_C                
00004620  __TI_Handler_Table_Base              
0000462c  __TI_Handler_Table_Limit             
00004634  __TI_CINIT_Base                      
00004644  __TI_CINIT_Limit                     
00004644  __TI_CINIT_Warm                      
20200000  __start___llvm_prf_bits              
20200000  __start___llvm_prf_cnts              
20200000  __stop___llvm_prf_bits               
20200000  __stop___llvm_prf_cnts               
20200000  freq_buffer                          
20200100  gain_buffer                          
20200200  gUART_1Backup                        
20200230  uart_rx_buffer                       
20200250  Vout_Load_buffer                     
20200264  Vout_Open_buffer                     
20200278  c_param                              
20200288  BTNTick                              
20200292  BTNData                              
20200297  GainState                            
20200298  Tick                                 
2020029c  Vout_Load                            
202002a0  Vout_Open                            
202002a4  __aeabi_errno                        
202002a8  delay_times                          
202002ac  input_amp                            
202002b0  input_freq                           
202002b4  lastX                                
202002b6  lastY                                
202002b8  point_index                          
202002ba  InputImpState                        
202002bb  Out_state                            
202002bc  OutputImpState                       
202002bd  PlotState                            
202002be  TaskMark                             
202002bf  Vout_flag                            
202002c0  count_load                           
202002c1  count_open                           
202002c2  gCheckADC                            
202002c3  uart_rx_finish                       
202002c4  uart_rx_index                        
202002c5  vout_index                           
20207e00  __stack                              
20208000  __STACK_END                          
ffffffff  __TI_pprof_out_hndl                  
ffffffff  __TI_prof_data_size                  
ffffffff  __TI_prof_data_start                 
ffffffff  __binit__                            
ffffffff  binit                                
UNDEFED   __mpu_init                           
UNDEFED   _system_post_cinit                   

[225 symbols]
